Archive member included to satisfy reference by file (symbol)

c:/program files (x86)/cypress/psoc creator/4.4/psoc creator/import/gnu/arm/5.4.1/bin/../lib/gcc/arm-none-eabi/5.4.1/../../../../arm-none-eabi/lib/armv7e-m/softfp\libg_nano.a(lib_a-exit.o)
                              c:/program files (x86)/cypress/psoc creator/4.4/psoc creator/import/gnu/arm/5.4.1/bin/../lib/gcc/arm-none-eabi/5.4.1/../../../../arm-none-eabi/lib/armv7e-m/softfp/crt0.o (exit)
c:/program files (x86)/cypress/psoc creator/4.4/psoc creator/import/gnu/arm/5.4.1/bin/../lib/gcc/arm-none-eabi/5.4.1/../../../../arm-none-eabi/lib/armv7e-m/softfp\libg_nano.a(lib_a-impure.o)
                              c:/program files (x86)/cypress/psoc creator/4.4/psoc creator/import/gnu/arm/5.4.1/bin/../lib/gcc/arm-none-eabi/5.4.1/../../../../arm-none-eabi/lib/armv7e-m/softfp\libg_nano.a(lib_a-exit.o) (_global_impure_ptr)
c:/program files (x86)/cypress/psoc creator/4.4/psoc creator/import/gnu/arm/5.4.1/bin/../lib/gcc/arm-none-eabi/5.4.1/../../../../arm-none-eabi/lib/armv7e-m/softfp\libg_nano.a(lib_a-init.o)
                              c:/program files (x86)/cypress/psoc creator/4.4/psoc creator/import/gnu/arm/5.4.1/bin/../lib/gcc/arm-none-eabi/5.4.1/../../../../arm-none-eabi/lib/armv7e-m/softfp/crt0.o (__libc_init_array)
c:/program files (x86)/cypress/psoc creator/4.4/psoc creator/import/gnu/arm/5.4.1/bin/../lib/gcc/arm-none-eabi/5.4.1/../../../../arm-none-eabi/lib/armv7e-m/softfp\libg_nano.a(lib_a-memset.o)
                              c:/program files (x86)/cypress/psoc creator/4.4/psoc creator/import/gnu/arm/5.4.1/bin/../lib/gcc/arm-none-eabi/5.4.1/../../../../arm-none-eabi/lib/armv7e-m/softfp/crt0.o (memset)
c:/program files (x86)/cypress/psoc creator/4.4/psoc creator/import/gnu/arm/5.4.1/bin/../lib/gcc/arm-none-eabi/5.4.1/../../../../arm-none-eabi/lib/armv7e-m/softfp\libnosys.a(_exit.o)
                              c:/program files (x86)/cypress/psoc creator/4.4/psoc creator/import/gnu/arm/5.4.1/bin/../lib/gcc/arm-none-eabi/5.4.1/../../../../arm-none-eabi/lib/armv7e-m/softfp\libg_nano.a(lib_a-exit.o) (_exit)
c:/program files (x86)/cypress/psoc creator/4.4/psoc creator/import/gnu/arm/5.4.1/bin/../lib/gcc/arm-none-eabi/5.4.1/../../../../arm-none-eabi/lib/armv7e-m/softfp\libm.a(lib_a-sf_floor.o)
                              C:\Users\rdn\AppData\Local\Temp\ccIaBM1j.ltrans0.ltrans.o (floorf)
c:/program files (x86)/cypress/psoc creator/4.4/psoc creator/import/gnu/arm/5.4.1/bin/../lib/gcc/arm-none-eabi/5.4.1/../../../../arm-none-eabi/lib/armv7e-m/softfp\libm.a(lib_a-sf_fmax.o)
                              C:\Users\rdn\AppData\Local\Temp\ccIaBM1j.ltrans0.ltrans.o (fmaxf)
c:/program files (x86)/cypress/psoc creator/4.4/psoc creator/import/gnu/arm/5.4.1/bin/../lib/gcc/arm-none-eabi/5.4.1/../../../../arm-none-eabi/lib/armv7e-m/softfp\libm.a(lib_a-sf_fmin.o)
                              C:\Users\rdn\AppData\Local\Temp\ccIaBM1j.ltrans0.ltrans.o (fminf)
c:/program files (x86)/cypress/psoc creator/4.4/psoc creator/import/gnu/arm/5.4.1/bin/../lib/gcc/arm-none-eabi/5.4.1/../../../../arm-none-eabi/lib/armv7e-m/softfp\libm.a(lib_a-sf_fpclassify.o)
                              c:/program files (x86)/cypress/psoc creator/4.4/psoc creator/import/gnu/arm/5.4.1/bin/../lib/gcc/arm-none-eabi/5.4.1/../../../../arm-none-eabi/lib/armv7e-m/softfp\libm.a(lib_a-sf_fmax.o) (__fpclassifyf)
c:/program files (x86)/cypress/psoc creator/4.4/psoc creator/import/gnu/arm/5.4.1/bin/../lib/gcc/arm-none-eabi/5.4.1/../../../../arm-none-eabi/lib/armv7e-m/softfp\libm.a(lib_a-sf_round.o)
                              C:\Users\rdn\AppData\Local\Temp\ccIaBM1j.ltrans0.ltrans.o (roundf)
c:/program files (x86)/cypress/psoc creator/4.4/psoc creator/import/gnu/arm/5.4.1/bin/../lib/gcc/arm-none-eabi/5.4.1/../../../../arm-none-eabi/lib/armv7e-m/softfp\libm.a(lib_a-sf_trunc.o)
                              C:\Users\rdn\AppData\Local\Temp\ccIaBM1j.ltrans0.ltrans.o (truncf)
c:/program files (x86)/cypress/psoc creator/4.4/psoc creator/import/gnu/arm/5.4.1/bin/../lib/gcc/arm-none-eabi/5.4.1/../../../../arm-none-eabi/lib/armv7e-m/softfp\libm.a(lib_a-wf_sqrt.o)
                              C:\Users\rdn\AppData\Local\Temp\ccIaBM1j.ltrans0.ltrans.o (sqrtf)
c:/program files (x86)/cypress/psoc creator/4.4/psoc creator/import/gnu/arm/5.4.1/bin/../lib/gcc/arm-none-eabi/5.4.1/../../../../arm-none-eabi/lib/armv7e-m/softfp\libm.a(lib_a-ef_sqrt.o)
                              c:/program files (x86)/cypress/psoc creator/4.4/psoc creator/import/gnu/arm/5.4.1/bin/../lib/gcc/arm-none-eabi/5.4.1/../../../../arm-none-eabi/lib/armv7e-m/softfp\libm.a(lib_a-wf_sqrt.o) (__ieee754_sqrtf)
c:/program files (x86)/cypress/psoc creator/4.4/psoc creator/import/gnu/arm/5.4.1/bin/../lib/gcc/arm-none-eabi/5.4.1/../../../../arm-none-eabi/lib/armv7e-m/softfp\libm.a(lib_a-s_lib_ver.o)
[...]
Memory Configuration

Name             Origin             Length             Attributes
ram              0x08024000         0x00023800         xrw
flash            0x10080000         0x00080000         xr
shared_ram       0x08020000         0x00004000         xrw
em_eeprom        0x14000000         0x00008000         xr
sflash_user_data 0x16000800         0x00000800         xr
sflash_nar       0x16001a00         0x00000200         xr
sflash_public_key 0x16005a00         0x00000c00         xr
sflash_toc_2     0x16007c00         0x00000200         xr
sflash_rtoc_2    0x16007e00         0x00000200         xr
xip              0x18000000         0x08000000         xr
efuse            0x90700000         0x00100000         r
*default*        0x00000000         0xffffffff

Linker script and memory map

LOAD c:/program files (x86)/cypress/psoc creator/4.4/psoc creator/import/gnu/arm/5.4.1/bin/../lib/gcc/arm-none-eabi/5.4.1/armv7e-m/softfp/crti.o
LOAD c:/program files (x86)/cypress/psoc creator/4.4/psoc creator/import/gnu/arm/5.4.1/bin/../lib/gcc/arm-none-eabi/5.4.1/armv7e-m/softfp/crtbegin.o
LOAD c:/program files (x86)/cypress/psoc creator/4.4/psoc creator/import/gnu/arm/5.4.1/bin/../lib/gcc/arm-none-eabi/5.4.1/../../../../arm-none-eabi/lib/armv7e-m/softfp/crt0.o
START GROUP
LOAD .\CortexM4\ARM_GCC_541\Release\startup_psoc6_01_cm4.o
LOAD .\CortexM4\ARM_GCC_541\Release\main_cm4.o
LOAD C:\Users\rdn\AppData\Local\Temp\ccIaBM1j.ltrans0.ltrans.o
LOAD C:\Users\rdn\AppData\Local\Temp\ccIaBM1j.ltrans1.ltrans.o
LOAD C:\Users\rdn\AppData\Local\Temp\ccIaBM1j.ltrans2.ltrans.o
LOAD C:\Users\rdn\AppData\Local\Temp\ccIaBM1j.ltrans3.ltrans.o
LOAD C:\Users\rdn\AppData\Local\Temp\ccIaBM1j.ltrans4.ltrans.o
LOAD C:\Users\rdn\AppData\Local\Temp\ccIaBM1j.ltrans5.ltrans.o
LOAD .\CortexM4\ARM_GCC_541\Release\system_psoc6_cm4.o
LOAD .\CortexM4\ARM_GCC_541\Release\pitch_shift.o
LOAD .\CortexM4\ARM_GCC_541\Release\attdet.o
LOAD .\CortexM4\ARM_GCC_541\Release\bits.o
LOAD .\CortexM4\ARM_GCC_541\Release\bwdet.o
LOAD .\CortexM4\ARM_GCC_541\Release\energy.o
LOAD .\CortexM4\ARM_GCC_541\Release\lc3.o
LOAD .\CortexM4\ARM_GCC_541\Release\ltpf.o
LOAD .\CortexM4\ARM_GCC_541\Release\mdct.o
LOAD .\CortexM4\ARM_GCC_541\Release\plc.o
LOAD .\CortexM4\ARM_GCC_541\Release\sns.o
LOAD .\CortexM4\ARM_GCC_541\Release\spec.o
LOAD .\CortexM4\ARM_GCC_541\Release\tables.o
LOAD .\CortexM4\ARM_GCC_541\Release\tns.o
LOAD .\CortexM4\ARM_GCC_541\Release\arm_dot_prod_q15.o
LOAD .\CortexM4\ARM_GCC_541\Release\arm_correlate_fast_opt_q15.o
LOAD .\CortexM4\ARM_GCC_541\Release\arm_copy_q15.o
LOAD .\CortexM4\ARM_GCC_541\Release\arm_fill_q15.o
LOAD .\CortexM4\ARM_GCC_541\Release\arm_max_q15.o
LOAD .\CortexM4\ARM_GCC_541\Release\arm_max_f32.o
LOAD .\CortexM4\ARM_GCC_541\Release\cyfitter_sysint_cfg.o
LOAD .\CortexM4\ARM_GCC_541\Release\cymetadata.o
LOAD .\CortexM4\ARM_GCC_541\Release\cy_efuse.o
LOAD .\CortexM4\ARM_GCC_541\Release\cy_flash.o
LOAD .\CortexM4\ARM_GCC_541\Release\cy_gpio.o
LOAD .\CortexM4\ARM_GCC_541\Release\cy_ipc_drv.o
LOAD .\CortexM4\ARM_GCC_541\Release\cy_ipc_sema.o
LOAD .\CortexM4\ARM_GCC_541\Release\cy_ipc_pipe.o
LOAD .\CortexM4\ARM_GCC_541\Release\cy_lvd.o
LOAD .\CortexM4\ARM_GCC_541\Release\cy_profile.o
LOAD .\CortexM4\ARM_GCC_541\Release\cy_prot.o
LOAD .\CortexM4\ARM_GCC_541\Release\cy_sysanalog.o
LOAD .\CortexM4\ARM_GCC_541\Release\cy_sysclk.o
LOAD .\CortexM4\ARM_GCC_541\Release\cy_sysint.o
LOAD .\CortexM4\ARM_GCC_541\Release\cy_syslib.o
LOAD .\CortexM4\ARM_GCC_541\Release\cy_syslib_gcc.o
LOAD .\CortexM4\ARM_GCC_541\Release\cy_syspm.o
LOAD .\CortexM4\ARM_GCC_541\Release\cy_systick.o
LOAD .\CortexM4\ARM_GCC_541\Release\cy_trigmux.o
LOAD .\CortexM4\ARM_GCC_541\Release\cy_wdt.o
LOAD .\CortexM4\ARM_GCC_541\Release\cy_device.o
LOAD .\CortexM4\ARM_GCC_541\Release\cy_scb_common.o
LOAD .\CortexM4\ARM_GCC_541\Release\cy_scb_i2c.o
LOAD .\CortexM4\ARM_GCC_541\Release\cy_scb_ezi2c.o
LOAD .\CortexM4\ARM_GCC_541\Release\cy_scb_spi.o
LOAD .\CortexM4\ARM_GCC_541\Release\cy_scb_uart.o
LOAD .\CortexM4\ARM_GCC_541\Release\cy_pdm_pcm.o
LOAD .\CortexM4\ARM_GCC_541\Release\cy_dma.o
LOAD .\CortexM4\ARM_GCC_541\Release\cy_ble.o
LOAD .\CortexM4\ARM_GCC_541\Release\cy_ble_hal_int.o
LOAD .\CortexM4\ARM_GCC_541\Release\cy_ble_hal_pvt.o
LOAD .\CortexM4\ARM_GCC_541\Release\cy_ble_gap.o
LOAD .\CortexM4\ARM_GCC_541\Release\cy_ble_gatt.o
LOAD .\CortexM4\ARM_GCC_541\Release\cy_ble_event_handler.o
LOAD .\CortexM4\ARM_GCC_541\Release\cy_ble_ancs.o
LOAD .\CortexM4\ARM_GCC_541\Release\cy_ble_ans.o
LOAD .\CortexM4\ARM_GCC_541\Release\cy_ble_aios.o
LOAD .\CortexM4\ARM_GCC_541\Release\cy_ble_bas.o
LOAD .\CortexM4\ARM_GCC_541\Release\cy_ble_bcs.o
LOAD .\CortexM4\ARM_GCC_541\Release\cy_ble_bls.o
LOAD .\CortexM4\ARM_GCC_541\Release\cy_ble_bms.o
LOAD .\CortexM4\ARM_GCC_541\Release\cy_ble_bts.o
LOAD .\CortexM4\ARM_GCC_541\Release\cy_ble_cgms.o
LOAD .\CortexM4\ARM_GCC_541\Release\cy_ble_cps.o
LOAD .\CortexM4\ARM_GCC_541\Release\cy_ble_cscs.o
LOAD .\CortexM4\ARM_GCC_541\Release\cy_ble_cts.o
LOAD .\CortexM4\ARM_GCC_541\Release\cy_ble_custom.o
LOAD .\CortexM4\ARM_GCC_541\Release\cy_ble_dis.o
LOAD .\CortexM4\ARM_GCC_541\Release\cy_ble_ess.o
LOAD .\CortexM4\ARM_GCC_541\Release\cy_ble_gls.o
LOAD .\CortexM4\ARM_GCC_541\Release\cy_ble_hids.o
LOAD .\CortexM4\ARM_GCC_541\Release\cy_ble_hps.o
LOAD .\CortexM4\ARM_GCC_541\Release\cy_ble_hrs.o
LOAD .\CortexM4\ARM_GCC_541\Release\cy_ble_hts.o
LOAD .\CortexM4\ARM_GCC_541\Release\cy_ble_ias.o
LOAD .\CortexM4\ARM_GCC_541\Release\cy_ble_ips.o
LOAD .\CortexM4\ARM_GCC_541\Release\cy_ble_lls.o
LOAD .\CortexM4\ARM_GCC_541\Release\cy_ble_lns.o
LOAD .\CortexM4\ARM_GCC_541\Release\cy_ble_ndcs.o
LOAD .\CortexM4\ARM_GCC_541\Release\cy_ble_plxs.o
LOAD .\CortexM4\ARM_GCC_541\Release\cy_ble_pass.o
LOAD .\CortexM4\ARM_GCC_541\Release\cy_ble_rscs.o
LOAD .\CortexM4\ARM_GCC_541\Release\cy_ble_rtus.o
LOAD .\CortexM4\ARM_GCC_541\Release\cy_ble_scps.o
LOAD .\CortexM4\ARM_GCC_541\Release\cy_ble_tps.o
LOAD .\CortexM4\ARM_GCC_541\Release\cy_ble_uds.o
LOAD .\CortexM4\ARM_GCC_541\Release\cy_ble_wpts.o
LOAD .\CortexM4\ARM_GCC_541\Release\cy_ble_wss.o
LOAD .\CortexM4\ARM_GCC_541\Release\cy_ble_clk.o
LOAD .\CortexM4\ARM_GCC_541\Release\BLE.o
LOAD .\CortexM4\ARM_GCC_541\Release\BLE_config.o
LOAD .\CortexM4\ARM_GCC_541\Release\BLE_custom_config.o
LOAD .\CortexM4\ARM_GCC_541\Release\UART_DEBUG.o
LOAD .\CortexM4\ARM_GCC_541\Release\PDM_PCM.o
LOAD .\CortexM4\ARM_GCC_541\Release\DMA.o
LOAD c:/program files (x86)/cypress/psoc creator/4.4/psoc creator/import/gnu/arm/5.4.1/bin/../lib/gcc/arm-none-eabi/5.4.1/../../../../arm-none-eabi/lib/armv7e-m/softfp\libm.a
END GROUP
START GROUP
LOAD c:/program files (x86)/cypress/psoc creator/4.4/psoc creator/import/gnu/arm/5.4.1/bin/../lib/gcc/arm-none-eabi/5.4.1/armv7e-m/softfp\libgcc.a
LOAD c:/program files (x86)/cypress/psoc creator/4.4/psoc creator/import/gnu/arm/5.4.1/bin/../lib/gcc/arm-none-eabi/5.4.1/../../../../arm-none-eabi/lib/armv7e-m/softfp\libg_nano.a
LOAD c:/program files (x86)/cypress/psoc creator/4.4/psoc creator/import/gnu/arm/5.4.1/bin/../lib/gcc/arm-none-eabi/5.4.1/../../../../arm-none-eabi/lib/armv7e-m/softfp\libc_nano.a
END GROUP
START GROUP
LOAD c:/program files (x86)/cypress/psoc creator/4.4/psoc creator/import/gnu/arm/5.4.1/bin/../lib/gcc/arm-none-eabi/5.4.1/armv7e-m/softfp\libgcc.a
LOAD c:/program files (x86)/cypress/psoc creator/4.4/psoc creator/import/gnu/arm/5.4.1/bin/../lib/gcc/arm-none-eabi/5.4.1/../../../../arm-none-eabi/lib/armv7e-m/softfp\libc_nano.a
END GROUP
LOAD c:/program files (x86)/cypress/psoc creator/4.4/psoc creator/import/gnu/arm/5.4.1/bin/../lib/gcc/arm-none-eabi/5.4.1/armv7e-m/softfp/crtend.o
LOAD c:/program files (x86)/cypress/psoc creator/4.4/psoc creator/import/gnu/arm/5.4.1/bin/../lib/gcc/arm-none-eabi/5.4.1/armv7e-m/softfp/crtn.o
START GROUP
LOAD c:/program files (x86)/cypress/psoc creator/4.4/psoc creator/import/gnu/arm/5.4.1/bin/../lib/gcc/arm-none-eabi/5.4.1/armv7e-m/softfp\libgcc.a
LOAD c:/program files (x86)/cypress/psoc creator/4.4/psoc creator/import/gnu/arm/5.4.1/bin/../lib/gcc/arm-none-eabi/5.4.1/../../../../arm-none-eabi/lib/armv7e-m/softfp\libc.a
LOAD c:/program files (x86)/cypress/psoc creator/4.4/psoc creator/import/gnu/arm/5.4.1/bin/../lib/gcc/arm-none-eabi/5.4.1/../../../../arm-none-eabi/lib/armv7e-m/softfp\libnosys.a
END GROUP
START GROUP
LOAD c:/program files (x86)/cypress/psoc creator/4.4/psoc creator/import/gnu/arm/5.4.1/bin/../lib/gcc/arm-none-eabi/5.4.1/armv7e-m/softfp\libgcc.a
LOAD c:/program files (x86)/cypress/psoc creator/4.4/psoc creator/import/gnu/arm/5.4.1/bin/../lib/gcc/arm-none-eabi/5.4.1/../../../../arm-none-eabi/lib/armv7e-m/softfp\libc.a
LOAD c:/program files (x86)/cypress/psoc creator/4.4/psoc creator/import/gnu/arm/5.4.1/bin/../lib/gcc/arm-none-eabi/5.4.1/../../../../arm-none-eabi/lib/armv7e-m/softfp\libm.a
LOAD c:/program files (x86)/cypress/psoc creator/4.4/psoc creator/import/gnu/arm/5.4.1/bin/../lib/gcc/arm-none-eabi/5.4.1/../../../../arm-none-eabi/lib/armv7e-m/softfp\libnosys.a
END GROUP

.text           0x10080000    0x1ede4
                0x10080000                . = ALIGN (0x4)
                0x10080000                __Vectors = .
 *(.vectors)
 .vectors       0x10080000      0x28c .\CortexM4\ARM_GCC_541\Release\startup_psoc6_01_cm4.o
                0x1008028c                . = ALIGN (0x4)
                0x1008028c                __Vectors_End = .
                0x0000028c                __Vectors_Size = (__Vectors_End - __Vectors)
                0x1008028c                __end__ = .
                0x1008028c                . = ALIGN (0x4)
 *(.text*)
 .text          0x1008028c       0x5c c:/program files (x86)/cypress/psoc creator/4.4/psoc creator/import/gnu/arm/5.4.1/bin/../lib/gcc/arm-none-eabi/5.4.1/armv7e-m/softfp/crtbegin.o
 .text          0x100802e8       0x84 .\CortexM4\ARM_GCC_541\Release\startup_psoc6_01_cm4.o
                0x100802e8                Cy_OnResetUser
                0x100802ea                Reset_Handler
                0x1008034c                cpuss_interrupts_ipc_6_IRQHandler
                0x1008034c                DebugMon_Handler
                0x1008034c                tcpwm_1_interrupts_11_IRQHandler
                0x1008034c                cpuss_interrupts_ipc_0_IRQHandler
                0x1008034c                tcpwm_1_interrupts_15_IRQHandler
                0x1008034c                ioss_interrupts_gpio_13_IRQHandler
                0x1008034c                tcpwm_1_interrupts_13_IRQHandler
                0x1008034c                cpuss_interrupts_dw1_8_IRQHandler
                0x1008034c                tcpwm_0_interrupts_0_IRQHandler
                0x1008034c                SysTick_Handler
                0x1008034c                cpuss_interrupt_fm_IRQHandler
                0x1008034c                cpuss_interrupts_ipc_7_IRQHandler
                0x1008034c                tcpwm_1_interrupts_14_IRQHandler
                0x1008034c                cpuss_interrupts_dw0_5_IRQHandler
                0x1008034c                tcpwm_1_interrupts_9_IRQHandler
                0x1008034c                cpuss_interrupts_cm0_cti_1_IRQHandler
                0x1008034c                tcpwm_1_interrupts_22_IRQHandler
                0x1008034c                cpuss_interrupts_dw0_4_IRQHandler
                0x1008034c                PendSV_Handler
                0x1008034c                NMI_Handler
                0x1008034c                cpuss_interrupts_dw1_12_IRQHandler
                0x1008034c                tcpwm_1_interrupts_12_IRQHandler
                0x1008034c                smif_interrupt_IRQHandler
                0x1008034c                tcpwm_1_interrupts_2_IRQHandler
                0x1008034c                cpuss_interrupts_ipc_13_IRQHandler
                0x1008034c                udb_interrupts_11_IRQHandler
                0x1008034c                tcpwm_1_interrupts_18_IRQHandler
                0x1008034c                cpuss_interrupts_dw0_11_IRQHandler
                0x1008034c                tcpwm_0_interrupts_2_IRQHandler
                0x1008034c                cpuss_interrupts_dw0_13_IRQHandler
                0x1008034c                udb_interrupts_2_IRQHandler
                0x1008034c                cpuss_interrupts_dw1_7_IRQHandler
                0x1008034c                ioss_interrupts_gpio_1_IRQHandler
                0x1008034c                ioss_interrupts_gpio_7_IRQHandler
                0x1008034c                scb_5_interrupt_IRQHandler
                0x1008034c                udb_interrupts_6_IRQHandler
                0x1008034c                cpuss_interrupts_fault_1_IRQHandler
                0x1008034c                cpuss_interrupts_ipc_4_IRQHandler
                0x1008034c                cpuss_interrupts_ipc_5_IRQHandler
                0x1008034c                cpuss_interrupts_dw1_10_IRQHandler
                0x1008034c                udb_interrupts_0_IRQHandler
                0x1008034c                tcpwm_1_interrupts_6_IRQHandler
                0x1008034c                scb_4_interrupt_IRQHandler
                0x1008034c                pass_interrupt_dacs_IRQHandler
                0x1008034c                ioss_interrupts_gpio_2_IRQHandler
                0x1008034c                cpuss_interrupts_dw1_9_IRQHandler
                0x1008034c                cpuss_interrupts_dw1_13_IRQHandler
                0x1008034c                scb_2_interrupt_IRQHandler
                0x1008034c                cpuss_interrupts_cm0_cti_0_IRQHandler
                0x1008034c                udb_interrupts_5_IRQHandler
                0x1008034c                srss_interrupt_IRQHandler
                0x1008034c                udb_interrupts_12_IRQHandler
                0x1008034c                scb_0_interrupt_IRQHandler
                0x1008034c                csd_interrupt_IRQHandler
                0x1008034c                udb_interrupts_1_IRQHandler
                0x1008034c                profile_interrupt_IRQHandler
                0x1008034c                tcpwm_1_interrupts_1_IRQHandler
                0x1008034c                cpuss_interrupts_ipc_12_IRQHandler
                0x1008034c                tcpwm_1_interrupts_3_IRQHandler
                0x1008034c                tcpwm_0_interrupts_7_IRQHandler
                0x1008034c                cpuss_interrupts_dw1_1_IRQHandler
                0x1008034c                cpuss_interrupts_dw1_0_IRQHandler
                0x1008034c                cpuss_interrupts_dw0_9_IRQHandler
                0x1008034c                lpcomp_interrupt_IRQHandler
                0x1008034c                tcpwm_1_interrupts_23_IRQHandler
                0x1008034c                udb_interrupts_4_IRQHandler
                0x1008034c                tcpwm_1_interrupts_20_IRQHandler
                0x1008034c                ioss_interrupt_gpio_IRQHandler
                0x1008034c                tcpwm_0_interrupts_1_IRQHandler
                0x1008034c                ioss_interrupts_gpio_8_IRQHandler
                0x1008034c                tcpwm_0_interrupts_6_IRQHandler
                0x1008034c                scb_7_interrupt_IRQHandler
                0x1008034c                tcpwm_1_interrupts_7_IRQHandler
                0x1008034c                cpuss_interrupts_ipc_11_IRQHandler
                0x1008034c                udb_interrupts_13_IRQHandler
                0x1008034c                cpuss_interrupts_dw0_15_IRQHandler
                0x1008034c                udb_interrupts_7_IRQHandler
                0x1008034c                cpuss_interrupts_dw1_6_IRQHandler
                0x1008034c                cpuss_interrupt_crypto_IRQHandler
                0x1008034c                scb_1_interrupt_IRQHandler
                0x1008034c                Default_Handler
                0x1008034c                usb_interrupt_hi_IRQHandler
                0x1008034c                tcpwm_1_interrupts_0_IRQHandler
                0x1008034c                udb_interrupts_9_IRQHandler
                0x1008034c                audioss_interrupt_pdm_IRQHandler
                0x1008034c                srss_interrupt_mcwdt_0_IRQHandler
                0x1008034c                scb_3_interrupt_IRQHandler
                0x1008034c                pass_interrupt_ctbs_IRQHandler
                0x1008034c                udb_interrupts_8_IRQHandler
                0x1008034c                ioss_interrupts_gpio_3_IRQHandler
                0x1008034c                scb_6_interrupt_IRQHandler
                0x1008034c                cpuss_interrupts_cm4_cti_0_IRQHandler
                0x1008034c                cpuss_interrupts_dw1_3_IRQHandler
                0x1008034c                pass_interrupt_sar_IRQHandler
                0x1008034c                ioss_interrupts_gpio_0_IRQHandler
                0x1008034c                ioss_interrupts_gpio_14_IRQHandler
                0x1008034c                tcpwm_0_interrupts_4_IRQHandler
                0x1008034c                udb_interrupts_3_IRQHandler
                0x1008034c                tcpwm_0_interrupts_5_IRQHandler
                0x1008034c                cpuss_interrupts_ipc_15_IRQHandler
                0x1008034c                cpuss_interrupts_cm4_cti_1_IRQHandler
                0x1008034c                scb_8_interrupt_IRQHandler
                0x1008034c                srss_interrupt_mcwdt_1_IRQHandler
                0x1008034c                cpuss_interrupts_dw1_2_IRQHandler
                0x1008034c                SVC_Handler
                0x1008034c                cpuss_interrupts_dw1_5_IRQHandler
                0x1008034c                cpuss_interrupts_ipc_1_IRQHandler
                0x1008034c                cpuss_interrupts_dw0_0_IRQHandler
                0x1008034c                ioss_interrupts_gpio_12_IRQHandler
                0x1008034c                cpuss_interrupts_ipc_3_IRQHandler
                0x1008034c                tcpwm_1_interrupts_17_IRQHandler
                0x1008034c                srss_interrupt_backup_IRQHandler
                0x1008034c                bless_interrupt_IRQHandler
                0x1008034c                cpuss_interrupts_ipc_10_IRQHandler
                0x1008034c                cpuss_interrupts_ipc_9_IRQHandler
                0x1008034c                cpuss_interrupts_dw0_14_IRQHandler
                0x1008034c                tcpwm_1_interrupts_4_IRQHandler
                0x1008034c                tcpwm_0_interrupts_3_IRQHandler
                0x1008034c                cpuss_interrupts_dw1_15_IRQHandler
                0x1008034c                ioss_interrupts_gpio_10_IRQHandler
                0x1008034c                udb_interrupts_10_IRQHandler
                0x1008034c                cpuss_interrupts_dw0_8_IRQHandler
                0x1008034c                ioss_interrupts_gpio_11_IRQHandler
                0x1008034c                cpuss_interrupts_ipc_14_IRQHandler
                0x1008034c                ioss_interrupts_gpio_5_IRQHandler
                0x1008034c                ioss_interrupts_gpio_4_IRQHandler
                0x1008034c                tcpwm_1_interrupts_8_IRQHandler
                0x1008034c                cpuss_interrupts_dw1_14_IRQHandler
                0x1008034c                usb_interrupt_med_IRQHandler
                0x1008034c                cpuss_interrupts_dw0_2_IRQHandler
                0x1008034c                tcpwm_1_interrupts_10_IRQHandler
                0x1008034c                cpuss_interrupts_fault_0_IRQHandler
                0x1008034c                cpuss_interrupts_dw0_12_IRQHandler
                0x1008034c                ioss_interrupts_gpio_6_IRQHandler
                0x1008034c                tcpwm_1_interrupts_21_IRQHandler
                0x1008034c                tcpwm_1_interrupts_16_IRQHandler
                0x1008034c                cpuss_interrupts_dw1_4_IRQHandler
                0x1008034c                udb_interrupts_15_IRQHandler
                0x1008034c                cpuss_interrupts_dw1_11_IRQHandler
                0x1008034c                cpuss_interrupts_dw0_6_IRQHandler
                0x1008034c                ioss_interrupt_vdd_IRQHandler
                0x1008034c                cpuss_interrupts_dw0_7_IRQHandler
                0x1008034c                audioss_interrupt_i2s_IRQHandler
                0x1008034c                tcpwm_1_interrupts_5_IRQHandler
                0x1008034c                cpuss_interrupts_ipc_2_IRQHandler
                0x1008034c                cpuss_interrupts_dw0_10_IRQHandler
                0x1008034c                tcpwm_1_interrupts_19_IRQHandler
                0x1008034c                cpuss_interrupts_dw0_1_IRQHandler
                0x1008034c                ioss_interrupts_gpio_9_IRQHandler
                0x1008034c                usb_interrupt_lo_IRQHandler
                0x1008034c                cpuss_interrupts_ipc_8_IRQHandler
                0x1008034c                udb_interrupts_14_IRQHandler
                0x1008034c                cpuss_interrupts_dw0_3_IRQHandler
                0x10080350                UsageFault_Handler
                0x10080350                HardFault_Handler
                0x10080350                MemManage_Handler
                0x10080350                BusFault_Handler
 .text.startup.main
                0x1008036c     0x4c4c C:\Users\rdn\AppData\Local\Temp\ccIaBM1j.ltrans0.ltrans.o
                0x1008036c                main
 .text.Cy_DMA_Descriptor_Init.part.2
                0x10084fb8      0x10c C:\Users\rdn\AppData\Local\Temp\ccIaBM1j.ltrans1.ltrans.o
 .text.DMA_Init
                0x100850c4       0x7c C:\Users\rdn\AppData\Local\Temp\ccIaBM1j.ltrans1.ltrans.o
                0x100850c4                DMA_Init
 .text.Cy_SysLib_FaultHandler
                0x10085140       0x18 C:\Users\rdn\AppData\Local\Temp\ccIaBM1j.ltrans1.ltrans.o
                0x10085140                Cy_SysLib_FaultHandler
 .text.Cy_SysInt_Init
                0x10085158       0x68 C:\Users\rdn\AppData\Local\Temp\ccIaBM1j.ltrans1.ltrans.o
                0x10085158                Cy_SysInt_Init
 .text.lc3_put_symbol.lto_priv.47.lto_priv.65
                0x100851c0       0xac C:\Users\rdn\AppData\Local\Temp\ccIaBM1j.ltrans1.ltrans.o
                0x100851c0                lc3_put_symbol.lto_priv.48.lto_priv.81
                0x100851c0                lc3_put_symbol.lto_priv.47.lto_priv.65
 .text.quantize.lto_priv.59
                0x1008526c       0xd0 C:\Users\rdn\AppData\Local\Temp\ccIaBM1j.ltrans1.ltrans.o
                0x1008526c                quantize.lto_priv.59
 .text.lc3_put_bit.lto_priv.50.lto_priv.80
                0x1008533c       0x7c C:\Users\rdn\AppData\Local\Temp\ccIaBM1j.ltrans1.ltrans.o
                0x1008533c                lc3_put_bit.lto_priv.50.lto_priv.80
                0x1008533c                lc3_put_bit.lto_priv.52.lto_priv.82
                0x1008533c                lc3_put_bit.lto_priv.53.lto_priv.84
                0x1008533c                lc3_put_bit.lto_priv.51.lto_priv.83
 .text.enum_mvpq.lto_priv.79
                0x100853b8      0x180 C:\Users\rdn\AppData\Local\Temp\ccIaBM1j.ltrans1.ltrans.o
                0x100853b8                enum_mvpq.lto_priv.79
 .text.lc3_mdct_forward
                0x10085538      0x90c C:\Users\rdn\AppData\Local\Temp\ccIaBM1j.ltrans1.ltrans.o
                0x10085538                lc3_mdct_forward
 .text.resample_96k_12k8.lto_priv.75
                0x10085e44      0x194 C:\Users\rdn\AppData\Local\Temp\ccIaBM1j.ltrans2.ltrans.o
                0x10085e44                resample_96k_12k8.lto_priv.75
 .text.resample_48k_12k8.lto_priv.74
                0x10085fd8      0x608 C:\Users\rdn\AppData\Local\Temp\ccIaBM1j.ltrans2.ltrans.o
                0x10085fd8                resample_48k_12k8.lto_priv.74
 .text.resample_24k_12k8.lto_priv.72
                0x100865e0      0x334 C:\Users\rdn\AppData\Local\Temp\ccIaBM1j.ltrans2.ltrans.o
                0x100865e0                resample_24k_12k8.lto_priv.72
 .text.resample_32k_12k8.lto_priv.73
                0x10086914      0x40c C:\Users\rdn\AppData\Local\Temp\ccIaBM1j.ltrans2.ltrans.o
                0x10086914                resample_32k_12k8.lto_priv.73
 .text.resample_16k_12k8.lto_priv.71
                0x10086d20      0x248 C:\Users\rdn\AppData\Local\Temp\ccIaBM1j.ltrans2.ltrans.o
                0x10086d20                resample_16k_12k8.lto_priv.71
 .text.resample_8k_12k8.lto_priv.70
                0x10086f68      0x17c C:\Users\rdn\AppData\Local\Temp\ccIaBM1j.ltrans2.ltrans.o
                0x10086f68                resample_8k_12k8.lto_priv.70
 .text.load_s16.lto_priv.66
                0x100870e4       0x58 C:\Users\rdn\AppData\Local\Temp\ccIaBM1j.ltrans2.ltrans.o
                0x100870e4                load_s16.lto_priv.66
 .text.refine_pitch.lto_priv.78
                0x1008713c      0x3b0 C:\Users\rdn\AppData\Local\Temp\ccIaBM1j.ltrans2.ltrans.o
                0x1008713c                refine_pitch.lto_priv.78
 .text.interpolate.lto_priv.77
                0x100874ec       0xd4 C:\Users\rdn\AppData\Local\Temp\ccIaBM1j.ltrans2.ltrans.o
                0x100874ec                interpolate.lto_priv.77
 .text.lc3_put_bits_generic
                0x100875c0       0x60 C:\Users\rdn\AppData\Local\Temp\ccIaBM1j.ltrans2.ltrans.o
                0x100875c0                lc3_put_bits_generic
 .text.ac_shift.lto_priv.49
                0x10087620       0x74 C:\Users\rdn\AppData\Local\Temp\ccIaBM1j.ltrans2.ltrans.o
                0x10087620                ac_shift.lto_priv.49
 .text.compute_nbits.constprop.41
                0x10087694      0x258 C:\Users\rdn\AppData\Local\Temp\ccIaBM1j.ltrans3.ltrans.o
                0x10087694                compute_nbits.constprop.41
 .text.add_pulse.constprop.33
                0x100878ec      0x4dc C:\Users\rdn\AppData\Local\Temp\ccIaBM1j.ltrans3.ltrans.o
                0x100878ec                add_pulse.constprop.33
 .text.compute_scale_factors.constprop.32
                0x10087dc8      0xa30 C:\Users\rdn\AppData\Local\Temp\ccIaBM1j.ltrans3.ltrans.o
                0x10087dc8                compute_scale_factors.constprop.32
 .text.arm_dot_prod_q15.constprop.30
                0x100887f8       0x7c C:\Users\rdn\AppData\Local\Temp\ccIaBM1j.ltrans3.ltrans.o
                0x100887f8                arm_dot_prod_q15.constprop.30
 .text.lc3_hr_setup_encoder.constprop.21
                0x10088874       0x48 C:\Users\rdn\AppData\Local\Temp\ccIaBM1j.ltrans3.ltrans.o
                0x10088874                lc3_hr_setup_encoder.constprop.21
 .text.Cy_PDM_PCM_Init.part.0.constprop.17
                0x100888bc       0x48 C:\Users\rdn\AppData\Local\Temp\ccIaBM1j.ltrans3.ltrans.o
                0x100888bc                Cy_PDM_PCM_Init.part.0.constprop.17
 .text.Cy_SysIpcPipeIsrCm4
                0x10088904       0xa0 C:\Users\rdn\AppData\Local\Temp\ccIaBM1j.ltrans4.ltrans.o
 .text.lc3_attdet_run.part.0.lto_priv.76
                0x100889a4      0x17c C:\Users\rdn\AppData\Local\Temp\ccIaBM1j.ltrans4.ltrans.o
                0x100889a4                lc3_attdet_run.part.0.lto_priv.76
 .text.Cy_SystemInitFpuEnable
                0x10088b20       0x28 C:\Users\rdn\AppData\Local\Temp\ccIaBM1j.ltrans4.ltrans.o
                0x10088b20                Cy_SystemInitFpuEnable
 .text.SystemInit
                0x10088b48      0x254 C:\Users\rdn\AppData\Local\Temp\ccIaBM1j.ltrans4.ltrans.o
                0x10088b48                SystemInit
 .text.PDM_Interrupt_User
                0x10088d9c       0x3c C:\Users\rdn\AppData\Local\Temp\ccIaBM1j.ltrans5.ltrans.o
                0x10088d9c                PDM_Interrupt_User
 .text          0x10088dd8       0x20 .\CortexM4\ARM_GCC_541\Release\cy_syslib_gcc.o
                0x10088dd8                Cy_SysLib_DelayCycles
                0x10088dea                Cy_SysLib_EnterCriticalSection
                0x10088df2                Cy_SysLib_ExitCriticalSection
 .text.memset   0x10088df8       0x10 c:/program files (x86)/cypress/psoc creator/4.4/psoc creator/import/gnu/arm/5.4.1/bin/../lib/gcc/arm-none-eabi/5.4.1/../../../../arm-none-eabi/lib/armv7e-m/softfp\libg_nano.a(lib_a-memset.o)
                0x10088df8                memset
 .text.floorf   0x10088e08       0xa8 c:/program files (x86)/cypress/psoc creator/4.4/psoc creator/import/gnu/arm/5.4.1/bin/../lib/gcc/arm-none-eabi/5.4.1/../../../../arm-none-eabi/lib/armv7e-m/softfp\libm.a(lib_a-sf_floor.o)
                0x10088e08                floorf
 .text.fmaxf    0x10088eb0       0x3c c:/program files (x86)/cypress/psoc creator/4.4/psoc creator/import/gnu/arm/5.4.1/bin/../lib/gcc/arm-none-eabi/5.4.1/../../../../arm-none-eabi/lib/armv7e-m/softfp\libm.a(lib_a-sf_fmax.o)
                0x10088eb0                fmaxf
 .text.fminf    0x10088eec       0x3c c:/program files (x86)/cypress/psoc creator/4.4/psoc creator/import/gnu/arm/5.4.1/bin/../lib/gcc/arm-none-eabi/5.4.1/../../../../arm-none-eabi/lib/armv7e-m/softfp\libm.a(lib_a-sf_fmin.o)
                0x10088eec                fminf
 .text.__fpclassifyf
                0x10088f28       0x34 c:/program files (x86)/cypress/psoc creator/4.4/psoc creator/import/gnu/arm/5.4.1/bin/../lib/gcc/arm-none-eabi/5.4.1/../../../../arm-none-eabi/lib/armv7e-m/softfp\libm.a(lib_a-sf_fpclassify.o)
                0x10088f28                __fpclassifyf
 .text.roundf   0x10088f5c       0x74 c:/program files (x86)/cypress/psoc creator/4.4/psoc creator/import/gnu/arm/5.4.1/bin/../lib/gcc/arm-none-eabi/5.4.1/../../../../arm-none-eabi/lib/armv7e-m/softfp\libm.a(lib_a-sf_round.o)
                0x10088f5c                roundf
 .text.truncf   0x10088fd0       0x28 c:/program files (x86)/cypress/psoc creator/4.4/psoc creator/import/gnu/arm/5.4.1/bin/../lib/gcc/arm-none-eabi/5.4.1/../../../../arm-none-eabi/lib/armv7e-m/softfp\libm.a(lib_a-sf_trunc.o)
                0x10088fd0                truncf
 .text.sqrtf    0x10088ff8       0xa8 c:/program files (x86)/cypress/psoc creator/4.4/psoc creator/import/gnu/arm/5.4.1/bin/../lib/gcc/arm-none-eabi/5.4.1/../../../../arm-none-eabi/lib/armv7e-m/softfp\libm.a(lib_a-wf_sqrt.o)
                0x10088ff8                sqrtf
 .text.__ieee754_sqrtf
                0x100890a0       0xac c:/program files (x86)/cypress/psoc creator/4.4/psoc creator/import/gnu/arm/5.4.1/bin/../lib/gcc/arm-none-eabi/5.4.1/../../../../arm-none-eabi/lib/armv7e-m/softfp\libm.a(lib_a-ef_sqrt.o)
                0x100890a0                __ieee754_sqrtf
 .text.matherr  0x1008914c        0x4 c:/program files (x86)/cypress/psoc creator/4.4/psoc creator/import/gnu/arm/5.4.1/bin/../lib/gcc/arm-none-eabi/5.4.1/../../../../arm-none-eabi/lib/armv7e-m/softfp\libm.a(lib_a-s_matherr.o)
                0x1008914c                matherr
 .text          0x10089150      0x370 c:/program files (x86)/cypress/psoc creator/4.4/psoc creator/import/gnu/arm/5.4.1/bin/../lib/gcc/arm-none-eabi/5.4.1/armv7e-m/softfp\libgcc.a(_arm_addsubdf3.o)
                0x10089150                __aeabi_drsub
                0x10089158                __aeabi_dsub
                0x10089158                __subdf3
                0x1008915c                __aeabi_dadd
                0x1008915c                __adddf3
                0x100893d4                __floatunsidf
                0x100893d4                __aeabi_ui2d
                0x100893f4                __floatsidf
                0x100893f4                __aeabi_i2d
                0x10089418                __aeabi_f2d
                0x10089418                __extendsfdf2
                0x10089454                __floatundidf
                0x10089454                __aeabi_ul2d
                0x10089464                __floatdidf
                0x10089464                __aeabi_l2d
 .text          0x100894c0      0x424 c:/program files (x86)/cypress/psoc creator/4.4/psoc creator/import/gnu/arm/5.4.1/bin/../lib/gcc/arm-none-eabi/5.4.1/armv7e-m/softfp\libgcc.a(_arm_muldivdf3.o)
                0x100894c0                __aeabi_dmul
                0x100894c0                __muldf3
                0x10089714                __divdf3
                0x10089714                __aeabi_ddiv
 .text          0x100898e4       0xa0 c:/program files (x86)/cypress/psoc creator/4.4/psoc creator/import/gnu/arm/5.4.1/bin/../lib/gcc/arm-none-eabi/5.4.1/armv7e-m/softfp\libgcc.a(_arm_truncdfsf2.o)
                0x100898e4                __truncdfsf2
                0x100898e4                __aeabi_d2f
 .text.__errno  0x10089984        0xc c:/program files (x86)/cypress/psoc creator/4.4/psoc creator/import/gnu/arm/5.4.1/bin/../lib/gcc/arm-none-eabi/5.4.1/../../../../arm-none-eabi/lib/armv7e-m/softfp\libg_nano.a(lib_a-errno.o)
                0x10089984                __errno
 .text.memcpy   0x10089990       0x16 c:/program files (x86)/cypress/psoc creator/4.4/psoc creator/import/gnu/arm/5.4.1/bin/../lib/gcc/arm-none-eabi/5.4.1/../../../../arm-none-eabi/lib/armv7e-m/softfp\libg_nano.a(lib_a-memcpy-stub.o)
                0x10089990                memcpy
 .text.memmove  0x100899a6       0x36 c:/program files (x86)/cypress/psoc creator/4.4/psoc creator/import/gnu/arm/5.4.1/bin/../lib/gcc/arm-none-eabi/5.4.1/../../../../arm-none-eabi/lib/armv7e-m/softfp\libg_nano.a(lib_a-memmove.o)
                0x100899a6                memmove
 .text.snprintf
                0x100899dc       0x64 c:/program files (x86)/cypress/psoc creator/4.4/psoc creator/import/gnu/arm/5.4.1/bin/../lib/gcc/arm-none-eabi/5.4.1/../../../../arm-none-eabi/lib/armv7e-m/softfp\libg_nano.a(lib_a-snprintf.o)
                0x100899dc                sniprintf
                0x100899dc                snprintf
 .text.__ssputs_r
                0x10089a40       0xb2 c:/program files (x86)/cypress/psoc creator/4.4/psoc creator/import/gnu/arm/5.4.1/bin/../lib/gcc/arm-none-eabi/5.4.1/../../../../arm-none-eabi/lib/armv7e-m/softfp\libg_nano.a(lib_a-nano-svfprintf.o)
                0x10089a40                __ssputs_r
 *fill*         0x10089af2        0x2 
 .text._svfprintf_r
                0x10089af4      0x1e8 c:/program files (x86)/cypress/psoc creator/4.4/psoc creator/import/gnu/arm/5.4.1/bin/../lib/gcc/arm-none-eabi/5.4.1/../../../../arm-none-eabi/lib/armv7e-m/softfp\libg_nano.a(lib_a-nano-svfprintf.o)
                0x10089af4                _svfiprintf_r
                0x10089af4                _svfprintf_r
 .text._printf_common
                0x10089cdc       0xec c:/program files (x86)/cypress/psoc creator/4.4/psoc creator/import/gnu/arm/5.4.1/bin/../lib/gcc/arm-none-eabi/5.4.1/../../../../arm-none-eabi/lib/armv7e-m/softfp\libg_nano.a(lib_a-nano-vfprintf_i.o)
                0x10089cdc                _printf_common
 .text._printf_i
                0x10089dc8      0x24c c:/program files (x86)/cypress/psoc creator/4.4/psoc creator/import/gnu/arm/5.4.1/bin/../lib/gcc/arm-none-eabi/5.4.1/../../../../arm-none-eabi/lib/armv7e-m/softfp\libg_nano.a(lib_a-nano-vfprintf_i.o)
                0x10089dc8                _printf_i
 *fill*         0x1008a014        0xc 
 .text          0x1008a020       0xa0 c:/program files (x86)/cypress/psoc creator/4.4/psoc creator/import/gnu/arm/5.4.1/bin/../lib/gcc/arm-none-eabi/5.4.1/../../../../arm-none-eabi/lib/armv7e-m/softfp\libg_nano.a(lib_a-memchr.o)
                0x1008a020                memchr
 .text._free_r  0x1008a0c0       0x9c c:/program files (x86)/cypress/psoc creator/4.4/psoc creator/import/gnu/arm/5.4.1/bin/../lib/gcc/arm-none-eabi/5.4.1/../../../../arm-none-eabi/lib/armv7e-m/softfp\libg_nano.a(lib_a-nano-freer.o)
                0x1008a0c0                _free_r
 .text._malloc_r
                0x1008a15c       0xbc c:/program files (x86)/cypress/psoc creator/4.4/psoc creator/import/gnu/arm/5.4.1/bin/../lib/gcc/arm-none-eabi/5.4.1/../../../../arm-none-eabi/lib/armv7e-m/softfp\libg_nano.a(lib_a-nano-mallocr.o)
                0x1008a15c                _malloc_r
 .text._realloc_r
                0x1008a218       0x4c c:/program files (x86)/cypress/psoc creator/4.4/psoc creator/import/gnu/arm/5.4.1/bin/../lib/gcc/arm-none-eabi/5.4.1/../../../../arm-none-eabi/lib/armv7e-m/softfp\libg_nano.a(lib_a-nano-reallocr.o)
                0x1008a218                _realloc_r
 .text._sbrk_r  0x1008a264       0x20 c:/program files (x86)/cypress/psoc creator/4.4/psoc creator/import/gnu/arm/5.4.1/bin/../lib/gcc/arm-none-eabi/5.4.1/../../../../arm-none-eabi/lib/armv7e-m/softfp\libg_nano.a(lib_a-sbrkr.o)
                0x1008a264                _sbrk_r
 .text.__malloc_lock
                0x1008a284        0x2 c:/program files (x86)/cypress/psoc creator/4.4/psoc creator/import/gnu/arm/5.4.1/bin/../lib/gcc/arm-none-eabi/5.4.1/../../../../arm-none-eabi/lib/armv7e-m/softfp\libg_nano.a(lib_a-mlock.o)
                0x1008a284                __malloc_lock
 .text.__malloc_unlock
                0x1008a286        0x2 c:/program files (x86)/cypress/psoc creator/4.4/psoc creator/import/gnu/arm/5.4.1/bin/../lib/gcc/arm-none-eabi/5.4.1/../../../../arm-none-eabi/lib/armv7e-m/softfp\libg_nano.a(lib_a-mlock.o)
                0x1008a286                __malloc_unlock
 .text._malloc_usable_size_r
                0x1008a288       0x14 c:/program files (x86)/cypress/psoc creator/4.4/psoc creator/import/gnu/arm/5.4.1/bin/../lib/gcc/arm-none-eabi/5.4.1/../../../../arm-none-eabi/lib/armv7e-m/softfp\libg_nano.a(lib_a-nano-msizer.o)
                0x1008a288                _malloc_usable_size_r
 .text._sbrk    0x1008a29c       0x1c c:/program files (x86)/cypress/psoc creator/4.4/psoc creator/import/gnu/arm/5.4.1/bin/../lib/gcc/arm-none-eabi/5.4.1/../../../../arm-none-eabi/lib/armv7e-m/softfp\libnosys.a(sbrk.o)
                0x1008a29c                _sbrk
 *(.init)
 .init          0x1008a2b8        0x4 c:/program files (x86)/cypress/psoc creator/4.4/psoc creator/import/gnu/arm/5.4.1/bin/../lib/gcc/arm-none-eabi/5.4.1/armv7e-m/softfp/crti.o
                0x1008a2b8                _init
 .init          0x1008a2bc        0x8 c:/program files (x86)/cypress/psoc creator/4.4/psoc creator/import/gnu/arm/5.4.1/bin/../lib/gcc/arm-none-eabi/5.4.1/armv7e-m/softfp/crtn.o
 *(.fini)
 .fini          0x1008a2c4        0x4 c:/program files (x86)/cypress/psoc creator/4.4/psoc creator/import/gnu/arm/5.4.1/bin/../lib/gcc/arm-none-eabi/5.4.1/armv7e-m/softfp/crti.o
                0x1008a2c4                _fini
 .fini          0x1008a2c8        0x8 c:/program files (x86)/cypress/psoc creator/4.4/psoc creator/import/gnu/arm/5.4.1/bin/../lib/gcc/arm-none-eabi/5.4.1/armv7e-m/softfp/crtn.o
 *crtbegin.o(.ctors)
 *crtbegin?.o(.ctors)
 *(EXCLUDE_FILE(*crtend.o *crtend?.o) .ctors)
 *(SORT(.ctors.*))
 *(.ctors)
 *crtbegin.o(.dtors)
 *crtbegin?.o(.dtors)
 *(EXCLUDE_FILE(*crtend.o *crtend?.o) .dtors)
 *(SORT(.dtors.*))
 *(.dtors)
 *(.rodata .rodata.* .constdata .constdata.* .conststring .conststring.*)
 .rodata        0x1008a2d0     0x3c48 C:\Users\rdn\AppData\Local\Temp\ccIaBM1j.ltrans0.ltrans.o
                0x1008a2d0                DMA_IRQ_cfg
 .rodata.str1.4
                0x1008df18        0x8 C:\Users\rdn\AppData\Local\Temp\ccIaBM1j.ltrans0.ltrans.o
 .rodata        0x1008df20     0xe6c8 C:\Users\rdn\AppData\Local\Temp\ccIaBM1j.ltrans1.ltrans.o
                0x1008dfe0                iq_table.5646.lto_priv.64
 .rodata        0x1009c5e8      0x7a0 C:\Users\rdn\AppData\Local\Temp\ccIaBM1j.ltrans2.ltrans.o
 .rodata        0x1009cd88     0x1f60 C:\Users\rdn\AppData\Local\Temp\ccIaBM1j.ltrans3.ltrans.o
                0x1009cd88                lc3_ne_2m5
                0x1009cda4                lc3_spectrum_lookup
                0x1009e624                lc3_num_bands
                0x1009ecb0                PDM_PCM_config
                0x1009eccc                lc3_ns_2m5
 .rodata        0x1009ece8       0xb8 C:\Users\rdn\AppData\Local\Temp\ccIaBM1j.ltrans4.ltrans.o
 .rodata.str1.1
                0x1009eda0        0x2 c:/program files (x86)/cypress/psoc creator/4.4/psoc creator/import/gnu/arm/5.4.1/bin/../lib/gcc/arm-none-eabi/5.4.1/../../../../arm-none-eabi/lib/armv7e-m/softfp\libg_nano.a(lib_a-impure.o)
 *fill*         0x1009eda2        0x2 
 .rodata.str1.4
                0x1009eda4        0x8 c:/program files (x86)/cypress/psoc creator/4.4/psoc creator/import/gnu/arm/5.4.1/bin/../lib/gcc/arm-none-eabi/5.4.1/../../../../arm-none-eabi/lib/armv7e-m/softfp\libm.a(lib_a-wf_sqrt.o)
                                  0x6 (size before relaxing)
 .rodata.str1.1
                0x1009edac       0x11 c:/program files (x86)/cypress/psoc creator/4.4/psoc creator/import/gnu/arm/5.4.1/bin/../lib/gcc/arm-none-eabi/5.4.1/../../../../arm-none-eabi/lib/armv7e-m/softfp\libg_nano.a(lib_a-nano-svfprintf.o)
 .rodata.str1.1
                0x1009edbd       0x22 c:/program files (x86)/cypress/psoc creator/4.4/psoc creator/import/gnu/arm/5.4.1/bin/../lib/gcc/arm-none-eabi/5.4.1/../../../../arm-none-eabi/lib/armv7e-m/softfp\libg_nano.a(lib_a-nano-vfprintf_i.o)
 *(.eh_frame*)
 *fill*         0x1009eddf        0x1 
 .eh_frame      0x1009ede0        0x0 c:/program files (x86)/cypress/psoc creator/4.4/psoc creator/import/gnu/arm/5.4.1/bin/../lib/gcc/arm-none-eabi/5.4.1/armv7e-m/softfp/crtbegin.o
 .eh_frame      0x1009ede0        0x4 c:/program files (x86)/cypress/psoc creator/4.4/psoc creator/import/gnu/arm/5.4.1/bin/../lib/gcc/arm-none-eabi/5.4.1/armv7e-m/softfp/crtend.o

.glue_7         0x1009ede4        0x0
 .glue_7        0x1009ede4        0x0 linker stubs

.glue_7t        0x1009ede4        0x0
 .glue_7t       0x1009ede4        0x0 linker stubs

.vfp11_veneer   0x1009ede4        0x0
 .vfp11_veneer  0x1009ede4        0x0 linker stubs

.v4_bx          0x1009ede4        0x0
 .v4_bx         0x1009ede4        0x0 linker stubs

.iplt           0x1009ede4        0x0
 .iplt          0x1009ede4        0x0 c:/program files (x86)/cypress/psoc creator/4.4/psoc creator/import/gnu/arm/5.4.1/bin/../lib/gcc/arm-none-eabi/5.4.1/armv7e-m/softfp/crtbegin.o

.ARM.extab
 *(.ARM.extab* .gnu.linkonce.armextab.*)
                0x1009ede4                __exidx_start = .

.ARM.exidx
 *(.ARM.exidx* .gnu.linkonce.armexidx.*)
                0x1009ede4                __exidx_end = .

.copy.table     0x1009ede4       0x18
                0x1009ede4                . = ALIGN (0x4)
                0x1009ede4                __copy_table_start__ = .
                0x1009ede4        0x4 LONG 0x10080000 __Vectors
                0x1009ede8        0x4 LONG 0x8024000 __ram_vectors_start__
                0x1009edec        0x4 LONG 0x28c (__Vectors_End - __Vectors)
                0x1009edf0        0x4 LONG 0x1009ee04 __etext
                0x1009edf4        0x4 LONG 0x802428c __data_start__
                0x1009edf8        0x4 LONG 0x59c (__data_end__ - __data_start__)
                0x1009edfc                __copy_table_end__ = .

.zero.table     0x1009edfc        0x8
                0x1009edfc                . = ALIGN (0x4)
                0x1009edfc                __zero_table_start__ = .
                0x1009edfc        0x4 LONG 0x8024828 __bss_start__
                0x1009ee00        0x4 LONG 0x1af8 (__bss_end__ - __bss_start__)
                0x1009ee04                __zero_table_end__ = .
                0x1009ee04                __etext = .

.ramVectors     0x08024000      0x28c
                0x08024000                __ram_vectors_start__ = .
 *(.ram_vectors)
 .ram_vectors   0x08024000      0x28c .\CortexM4\ARM_GCC_541\Release\startup_psoc6_01_cm4.o
                0x08024000                __ramVectors
                0x0802428c                __ram_vectors_end__ = .

.data           0x0802428c      0x59c load address 0x1009ee04
                0x0802428c                __data_start__ = .
 *(vtable)
 *(.data*)
 .data          0x0802428c      0x3c4 C:\Users\rdn\AppData\Local\Temp\ccIaBM1j.ltrans1.ltrans.o
                0x0802428c                cy_Hfclk0FreqHz
 .data.impure_data
                0x08024650       0x60 c:/program files (x86)/cypress/psoc creator/4.4/psoc creator/import/gnu/arm/5.4.1/bin/../lib/gcc/arm-none-eabi/5.4.1/../../../../arm-none-eabi/lib/armv7e-m/softfp\libg_nano.a(lib_a-impure.o)
 .data._impure_ptr
                0x080246b0        0x4 c:/program files (x86)/cypress/psoc creator/4.4/psoc creator/import/gnu/arm/5.4.1/bin/../lib/gcc/arm-none-eabi/5.4.1/../../../../arm-none-eabi/lib/armv7e-m/softfp\libg_nano.a(lib_a-impure.o)
                0x080246b0                _impure_ptr
 .data.__fdlib_version
                0x080246b4        0x1 c:/program files (x86)/cypress/psoc creator/4.4/psoc creator/import/gnu/arm/5.4.1/bin/../lib/gcc/arm-none-eabi/5.4.1/../../../../arm-none-eabi/lib/armv7e-m/softfp\libm.a(lib_a-s_lib_ver.o)
                0x080246b4                __fdlib_version
                0x080246b8                . = ALIGN (0x4)
 *fill*         0x080246b5        0x3 
                0x080246b8                PROVIDE (__preinit_array_start, .)
 *(.preinit_array)
                0x080246b8                PROVIDE (__preinit_array_end, .)
                0x080246b8                . = ALIGN (0x4)
                0x080246b8                PROVIDE (__init_array_start, .)
 *(SORT(.init_array.*))
 *(.init_array)
 .init_array    0x080246b8        0x4 c:/program files (x86)/cypress/psoc creator/4.4/psoc creator/import/gnu/arm/5.4.1/bin/../lib/gcc/arm-none-eabi/5.4.1/armv7e-m/softfp/crtbegin.o
                0x080246bc                PROVIDE (__init_array_end, .)
                0x080246bc                . = ALIGN (0x4)
                [!provide]                PROVIDE (__fini_array_start, .)
 *(SORT(.fini_array.*))
 *(.fini_array)
 .fini_array    0x080246bc        0x4 c:/program files (x86)/cypress/psoc creator/4.4/psoc creator/import/gnu/arm/5.4.1/bin/../lib/gcc/arm-none-eabi/5.4.1/armv7e-m/softfp/crtbegin.o
                [!provide]                PROVIDE (__fini_array_end, .)
 *(.jcr*)
 .jcr           0x080246c0        0x0 c:/program files (x86)/cypress/psoc creator/4.4/psoc creator/import/gnu/arm/5.4.1/bin/../lib/gcc/arm-none-eabi/5.4.1/armv7e-m/softfp/crtbegin.o
 .jcr           0x080246c0        0x4 c:/program files (x86)/cypress/psoc creator/4.4/psoc creator/import/gnu/arm/5.4.1/bin/../lib/gcc/arm-none-eabi/5.4.1/armv7e-m/softfp/crtend.o
                0x080246c4                . = ALIGN (0x4)
 *(.cy_ramfunc*)
 .cy_ramfunc    0x080246c4      0x140 C:\Users\rdn\AppData\Local\Temp\ccIaBM1j.ltrans1.ltrans.o
                0x08024724                Cy_Flash_ResumeIrqHandler
                0x080247c8                Cy_Flash_NotifyHandler.lto_priv.54
 *fill*         0x08024804        0x4 
 .cy_ramfunc.__stub
                0x08024808       0x20 linker stubs
                0x08024828                . = ALIGN (0x4)
                0x08024828                __data_end__ = .

.igot.plt       0x08024828        0x0 load address 0x1009f3a0
 .igot.plt      0x08024828        0x0 c:/program files (x86)/cypress/psoc creator/4.4/psoc creator/import/gnu/arm/5.4.1/bin/../lib/gcc/arm-none-eabi/5.4.1/armv7e-m/softfp/crtbegin.o

.noinit
 *(.noinit)

.bss            0x08024828     0x1af8 load address 0x1009f3a0
                0x08024828                . = ALIGN (0x4)
                0x08024828                __bss_start__ = .
 *(.bss*)
 .bss           0x08024828       0x1c c:/program files (x86)/cypress/psoc creator/4.4/psoc creator/import/gnu/arm/5.4.1/bin/../lib/gcc/arm-none-eabi/5.4.1/armv7e-m/softfp/crtbegin.o
 .bss           0x08024844      0x3c4 C:\Users\rdn\AppData\Local\Temp\ccIaBM1j.ltrans0.ltrans.o
 .bss           0x08024c08       0x64 C:\Users\rdn\AppData\Local\Temp\ccIaBM1j.ltrans1.ltrans.o
                0x08024c08                cy_device
                0x08024c0c                DMA_REC
 *fill*         0x08024c6c        0x4 
 .bss           0x08024c70     0x1518 C:\Users\rdn\AppData\Local\Temp\ccIaBM1j.ltrans3.ltrans.o
                0x08024c70                enc_mem
 .bss           0x08026188      0x188 C:\Users\rdn\AppData\Local\Temp\ccIaBM1j.ltrans4.ltrans.o
 .bss.__malloc_sbrk_start
                0x08026310        0x4 c:/program files (x86)/cypress/psoc creator/4.4/psoc creator/import/gnu/arm/5.4.1/bin/../lib/gcc/arm-none-eabi/5.4.1/../../../../arm-none-eabi/lib/armv7e-m/softfp\libg_nano.a(lib_a-nano-mallocr.o)
                0x08026310                __malloc_sbrk_start
 .bss.__malloc_free_list
                0x08026314        0x4 c:/program files (x86)/cypress/psoc creator/4.4/psoc creator/import/gnu/arm/5.4.1/bin/../lib/gcc/arm-none-eabi/5.4.1/../../../../arm-none-eabi/lib/armv7e-m/softfp\libg_nano.a(lib_a-nano-mallocr.o)
                0x08026314                __malloc_free_list
 .bss.heap_end.4169
                0x08026318        0x4 c:/program files (x86)/cypress/psoc creator/4.4/psoc creator/import/gnu/arm/5.4.1/bin/../lib/gcc/arm-none-eabi/5.4.1/../../../../arm-none-eabi/lib/armv7e-m/softfp\libnosys.a(sbrk.o)
 *(COMMON)
 COMMON         0x0802631c        0x4 c:/program files (x86)/cypress/psoc creator/4.4/psoc creator/import/gnu/arm/5.4.1/bin/../lib/gcc/arm-none-eabi/5.4.1/../../../../arm-none-eabi/lib/armv7e-m/softfp\libg_nano.a(lib_a-reent.o)
                0x0802631c                errno
                0x08026320                . = ALIGN (0x4)
                0x08026320                __bss_end__ = .

.heap           0x08026320      0x400
                0x08026320                __HeapBase = .
                0x08026320                __end__ = .
                0x08026320                end = __end__
 *(.heap*)
 .heap          0x08026320      0x400 .\CortexM4\ARM_GCC_541\Release\startup_psoc6_01_cm4.o
                0x08026720                __HeapLimit = .

.ble_connected  0x08020000        0x1
 *(.ble_connected)
 .ble_connected
                0x08020000        0x1 C:\Users\rdn\AppData\Local\Temp\ccIaBM1j.ltrans0.ltrans.o

.shared_buffer  0x08020004      0x6a4
 *(.shared_buffer)
 .shared_buffer
                0x08020004      0x6a4 C:\Users\rdn\AppData\Local\Temp\ccIaBM1j.ltrans0.ltrans.o

.current_frame_reading
                0x080206a8        0x4
 *(.current_frame_reading)
 .current_frame_reading
                0x080206a8        0x4 C:\Users\rdn\AppData\Local\Temp\ccIaBM1j.ltrans0.ltrans.o

.current_frame_written
                0x080206ac        0x4
 *(.current_frame_written)
 .current_frame_written
                0x080206ac        0x4 C:\Users\rdn\AppData\Local\Temp\ccIaBM1j.ltrans0.ltrans.o

.incoming_frame
                0x080206b0       0x28
 *(.incoming_frame)
 .incoming_frame
                0x080206b0       0x28 C:\Users\rdn\AppData\Local\Temp\ccIaBM1j.ltrans0.ltrans.o

.frame_received
                0x080206d8        0x4
 *(.frame_received)
 .frame_received
                0x080206d8        0x4 C:\Users\rdn\AppData\Local\Temp\ccIaBM1j.ltrans0.ltrans.o
                0x080206d8                frame_received

.stack_dummy    0x08026320     0x1000
 *(.stack*)
 .stack         0x08026320     0x1000 .\CortexM4\ARM_GCC_541\Release\startup_psoc6_01_cm4.o
                0x08047800                __StackTop = (ORIGIN (ram) + LENGTH (ram))
                0x08046800                __StackLimit = (__StackTop - SIZEOF (.stack_dummy))
                0x08047800                PROVIDE (__stack, __StackTop)
                0x00000001                ASSERT ((__StackLimit >= __HeapLimit), region RAM overflowed with stack)

.cy_app_signature
 *(.cy_app_signature)

.cy_em_eeprom
 *(.cy_em_eeprom)

.cy_sflash_user_data
 *(.cy_sflash_user_data)

.cy_sflash_nar
 *(.cy_sflash_nar)

.cy_sflash_public_key
 *(.cy_sflash_public_key)

.cy_toc_part2
 *(.cy_toc_part2)

.cy_rtoc_part2
 *(.cy_rtoc_part2)

.cy_xip
 *(.cy_xip)

.cy_efuse
 *(.cy_efuse)

.cymeta         0x90500000        0xc
 *(.cymeta)
 .cymeta        0x90500000        0xc C:\Users\rdn\AppData\Local\Temp\ccIaBM1j.ltrans5.ltrans.o
                0x90500000                cy_metadata
                0x10000000                __cy_memory_0_start = 0x10000000
                0x00100000                __cy_memory_0_length = 0x100000
                0x00000200                __cy_memory_0_row_size = 0x200
                0x14000000                __cy_memory_1_start = 0x14000000
                0x00008000                __cy_memory_1_length = 0x8000
                0x00000200                __cy_memory_1_row_size = 0x200
                0x16000000                __cy_memory_2_start = 0x16000000
                0x00008000                __cy_memory_2_length = 0x8000
                0x00000200                __cy_memory_2_row_size = 0x200
                0x18000000                __cy_memory_3_start = 0x18000000
                0x08000000                __cy_memory_3_length = 0x8000000
                0x00000200                __cy_memory_3_row_size = 0x200
                0x90700000                __cy_memory_4_start = 0x90700000
                0x00100000                __cy_memory_4_length = 0x100000
                0x00000001                __cy_memory_4_row_size = 0x1
OUTPUT(C:\Users\rdn\Documents\PSoC Creator\SEES\ble_test.cydsn\CortexM4\ARM_GCC_541\Release\ble_test_link.elf elf32-littlearm)

.rel.dyn        0x08026320        0x0 load address 0x9857ab84
 .rel.iplt      0x08026320        0x0 c:/program files (x86)/cypress/psoc creator/4.4/psoc creator/import/gnu/arm/5.4.1/bin/../lib/gcc/arm-none-eabi/5.4.1/armv7e-m/softfp/crtbegin.o

.ARM.attributes
                0x00000000       0x2e
 .ARM.attributes
                0x00000000       0x22 c:/program files (x86)/cypress/psoc creator/4.4/psoc creator/import/gnu/arm/5.4.1/bin/../lib/gcc/arm-none-eabi/5.4.1/armv7e-m/softfp/crti.o
 .ARM.attributes
                0x00000022       0x32 c:/program files (x86)/cypress/psoc creator/4.4/psoc creator/import/gnu/arm/5.4.1/bin/../lib/gcc/arm-none-eabi/5.4.1/armv7e-m/softfp/crtbegin.o
 .ARM.attributes
                0x00000054       0x1f .\CortexM4\ARM_GCC_541\Release\startup_psoc6_01_cm4.o
 .ARM.attributes
                0x00000073       0x35 C:\Users\rdn\AppData\Local\Temp\ccIaBM1j.ltrans0.ltrans.o
 .ARM.attributes
                0x000000a8       0x35 C:\Users\rdn\AppData\Local\Temp\ccIaBM1j.ltrans1.ltrans.o
 .ARM.attributes
                0x000000dd       0x35 C:\Users\rdn\AppData\Local\Temp\ccIaBM1j.ltrans2.ltrans.o
 .ARM.attributes
                0x00000112       0x35 C:\Users\rdn\AppData\Local\Temp\ccIaBM1j.ltrans3.ltrans.o
 .ARM.attributes
                0x00000147       0x35 C:\Users\rdn\AppData\Local\Temp\ccIaBM1j.ltrans4.ltrans.o
 .ARM.attributes
                0x0000017c       0x35 C:\Users\rdn\AppData\Local\Temp\ccIaBM1j.ltrans5.ltrans.o
 .ARM.attributes
                0x000001b1       0x25 .\CortexM4\ARM_GCC_541\Release\cy_syslib_gcc.o
 .ARM.attributes
                0x000001d6       0x32 c:/program files (x86)/cypress/psoc creator/4.4/psoc creator/import/gnu/arm/5.4.1/bin/../lib/gcc/arm-none-eabi/5.4.1/../../../../arm-none-eabi/lib/armv7e-m/softfp\libg_nano.a(lib_a-impure.o)
 .ARM.attributes
                0x00000208       0x32 c:/program files (x86)/cypress/psoc creator/4.4/psoc creator/import/gnu/arm/5.4.1/bin/../lib/gcc/arm-none-eabi/5.4.1/../../../../arm-none-eabi/lib/armv7e-m/softfp\libg_nano.a(lib_a-memset.o)
 .ARM.attributes
                0x0000023a       0x32 c:/program files (x86)/cypress/psoc creator/4.4/psoc creator/import/gnu/arm/5.4.1/bin/../lib/gcc/arm-none-eabi/5.4.1/armv7e-m/softfp/crtend.o
 .ARM.attributes
                0x0000026c       0x22 c:/program files (x86)/cypress/psoc creator/4.4/psoc creator/import/gnu/arm/5.4.1/bin/../lib/gcc/arm-none-eabi/5.4.1/armv7e-m/softfp/crtn.o
 .ARM.attributes
                0x0000028e       0x32 c:/program files (x86)/cypress/psoc creator/4.4/psoc creator/import/gnu/arm/5.4.1/bin/../lib/gcc/arm-none-eabi/5.4.1/../../../../arm-none-eabi/lib/armv7e-m/softfp\libm.a(lib_a-sf_floor.o)
 .ARM.attributes
                0x000002c0       0x32 c:/program files (x86)/cypress/psoc creator/4.4/psoc creator/import/gnu/arm/5.4.1/bin/../lib/gcc/arm-none-eabi/5.4.1/../../../../arm-none-eabi/lib/armv7e-m/softfp\libm.a(lib_a-sf_fmax.o)
 .ARM.attributes
                0x000002f2       0x32 c:/program files (x86)/cypress/psoc creator/4.4/psoc creator/import/gnu/arm/5.4.1/bin/../lib/gcc/arm-none-eabi/5.4.1/../../../../arm-none-eabi/lib/armv7e-m/softfp\libm.a(lib_a-sf_fmin.o)
 .ARM.attributes
                0x00000324       0x32 c:/program files (x86)/cypress/psoc creator/4.4/psoc creator/import/gnu/arm/5.4.1/bin/../lib/gcc/arm-none-eabi/5.4.1/../../../../arm-none-eabi/lib/armv7e-m/softfp\libm.a(lib_a-sf_fpclassify.o)
 .ARM.attributes
                0x00000356       0x32 c:/program files (x86)/cypress/psoc creator/4.4/psoc creator/import/gnu/arm/5.4.1/bin/../lib/gcc/arm-none-eabi/5.4.1/../../../../arm-none-eabi/lib/armv7e-m/softfp\libm.a(lib_a-sf_round.o)
 .ARM.attributes
                0x00000388       0x32 c:/program files (x86)/cypress/psoc creator/4.4/psoc creator/import/gnu/arm/5.4.1/bin/../lib/gcc/arm-none-eabi/5.4.1/../../../../arm-none-eabi/lib/armv7e-m/softfp\libm.a(lib_a-sf_trunc.o)
 .ARM.attributes
                0x000003ba       0x32 c:/program files (x86)/cypress/psoc creator/4.4/psoc creator/import/gnu/arm/5.4.1/bin/../lib/gcc/arm-none-eabi/5.4.1/../../../../arm-none-eabi/lib/armv7e-m/softfp\libm.a(lib_a-wf_sqrt.o)
 .ARM.attributes
                0x000003ec       0x32 c:/program files (x86)/cypress/psoc creator/4.4/psoc creator/import/gnu/arm/5.4.1/bin/../lib/gcc/arm-none-eabi/5.4.1/../../../../arm-none-eabi/lib/armv7e-m/softfp\libm.a(lib_a-ef_sqrt.o)
 .ARM.attributes
                0x0000041e       0x32 c:/program files (x86)/cypress/psoc creator/4.4/psoc creator/import/gnu/arm/5.4.1/bin/../lib/gcc/arm-none-eabi/5.4.1/../../../../arm-none-eabi/lib/armv7e-m/softfp\libm.a(lib_a-s_lib_ver.o)
 .ARM.attributes
                0x00000450       0x32 c:/program files (x86)/cypress/psoc creator/4.4/psoc creator/import/gnu/arm/5.4.1/bin/../lib/gcc/arm-none-eabi/5.4.1/../../../../arm-none-eabi/lib/armv7e-m/softfp\libm.a(lib_a-s_matherr.o)
 .ARM.attributes
                0x00000482       0x22 c:/program files (x86)/cypress/psoc creator/4.4/psoc creator/import/gnu/arm/5.4.1/bin/../lib/gcc/arm-none-eabi/5.4.1/armv7e-m/softfp\libgcc.a(_arm_addsubdf3.o)
 .ARM.attributes
                0x000004a4       0x22 c:/program files (x86)/cypress/psoc creator/4.4/psoc creator/import/gnu/arm/5.4.1/bin/../lib/gcc/arm-none-eabi/5.4.1/armv7e-m/softfp\libgcc.a(_arm_muldivdf3.o)
 .ARM.attributes
                0x000004c6       0x22 c:/program files (x86)/cypress/psoc creator/4.4/psoc creator/import/gnu/arm/5.4.1/bin/../lib/gcc/arm-none-eabi/5.4.1/armv7e-m/softfp\libgcc.a(_arm_truncdfsf2.o)
 .ARM.attributes
                0x000004e8       0x32 c:/program files (x86)/cypress/psoc creator/4.4/psoc creator/import/gnu/arm/5.4.1/bin/../lib/gcc/arm-none-eabi/5.4.1/../../../../arm-none-eabi/lib/armv7e-m/softfp\libg_nano.a(lib_a-errno.o)
 .ARM.attributes
                0x0000051a       0x32 c:/program files (x86)/cypress/psoc creator/4.4/psoc creator/import/gnu/arm/5.4.1/bin/../lib/gcc/arm-none-eabi/5.4.1/../../../../arm-none-eabi/lib/armv7e-m/softfp\libg_nano.a(lib_a-memcpy-stub.o)
 .ARM.attributes
                0x0000054c       0x32 c:/program files (x86)/cypress/psoc creator/4.4/psoc creator/import/gnu/arm/5.4.1/bin/../lib/gcc/arm-none-eabi/5.4.1/../../../../arm-none-eabi/lib/armv7e-m/softfp\libg_nano.a(lib_a-memmove.o)
 .ARM.attributes
                0x0000057e       0x32 c:/program files (x86)/cypress/psoc creator/4.4/psoc creator/import/gnu/arm/5.4.1/bin/../lib/gcc/arm-none-eabi/5.4.1/../../../../arm-none-eabi/lib/armv7e-m/softfp\libg_nano.a(lib_a-snprintf.o)
 .ARM.attributes
                0x000005b0       0x32 c:/program files (x86)/cypress/psoc creator/4.4/psoc creator/import/gnu/arm/5.4.1/bin/../lib/gcc/arm-none-eabi/5.4.1/../../../../arm-none-eabi/lib/armv7e-m/softfp\libg_nano.a(lib_a-nano-svfprintf.o)
 .ARM.attributes
                0x000005e2       0x32 c:/program files (x86)/cypress/psoc creator/4.4/psoc creator/import/gnu/arm/5.4.1/bin/../lib/gcc/arm-none-eabi/5.4.1/../../../../arm-none-eabi/lib/armv7e-m/softfp\libg_nano.a(lib_a-nano-vfprintf_i.o)
 .ARM.attributes
                0x00000614       0x20 c:/program files (x86)/cypress/psoc creator/4.4/psoc creator/import/gnu/arm/5.4.1/bin/../lib/gcc/arm-none-eabi/5.4.1/../../../../arm-none-eabi/lib/armv7e-m/softfp\libg_nano.a(lib_a-memchr.o)
 .ARM.attributes
                0x00000634       0x32 c:/program files (x86)/cypress/psoc creator/4.4/psoc creator/import/gnu/arm/5.4.1/bin/../lib/gcc/arm-none-eabi/5.4.1/../../../../arm-none-eabi/lib/armv7e-m/softfp\libg_nano.a(lib_a-nano-freer.o)
 .ARM.attributes
                0x00000666       0x32 c:/program files (x86)/cypress/psoc creator/4.4/psoc creator/import/gnu/arm/5.4.1/bin/../lib/gcc/arm-none-eabi/5.4.1/../../../../arm-none-eabi/lib/armv7e-m/softfp\libg_nano.a(lib_a-nano-mallocr.o)
 .ARM.attributes
                0x00000698       0x32 c:/program files (x86)/cypress/psoc creator/4.4/psoc creator/import/gnu/arm/5.4.1/bin/../lib/gcc/arm-none-eabi/5.4.1/../../../../arm-none-eabi/lib/armv7e-m/softfp\libg_nano.a(lib_a-nano-reallocr.o)
 .ARM.attributes
                0x000006ca       0x32 c:/program files (x86)/cypress/psoc creator/4.4/psoc creator/import/gnu/arm/5.4.1/bin/../lib/gcc/arm-none-eabi/5.4.1/../../../../arm-none-eabi/lib/armv7e-m/softfp\libg_nano.a(lib_a-sbrkr.o)
 .ARM.attributes
                0x000006fc       0x32 c:/program files (x86)/cypress/psoc creator/4.4/psoc creator/import/gnu/arm/5.4.1/bin/../lib/gcc/arm-none-eabi/5.4.1/../../../../arm-none-eabi/lib/armv7e-m/softfp\libg_nano.a(lib_a-mlock.o)
 .ARM.attributes
                0x0000072e       0x32 c:/program files (x86)/cypress/psoc creator/4.4/psoc creator/import/gnu/arm/5.4.1/bin/../lib/gcc/arm-none-eabi/5.4.1/../../../../arm-none-eabi/lib/armv7e-m/softfp\libg_nano.a(lib_a-nano-msizer.o)
 .ARM.attributes
                0x00000760       0x32 c:/program files (x86)/cypress/psoc creator/4.4/psoc creator/import/gnu/arm/5.4.1/bin/../lib/gcc/arm-none-eabi/5.4.1/../../../../arm-none-eabi/lib/armv7e-m/softfp\libg_nano.a(lib_a-reent.o)
 .ARM.attributes
                0x00000792       0x32 c:/program files (x86)/cypress/psoc creator/4.4/psoc creator/import/gnu/arm/5.4.1/bin/../lib/gcc/arm-none-eabi/5.4.1/../../../../arm-none-eabi/lib/armv7e-m/softfp\libnosys.a(sbrk.o)

.comment        0x00000000       0x6e
 .comment       0x00000000       0x6e C:\Users\rdn\AppData\Local\Temp\ccIaBM1j.ltrans0.ltrans.o
                                 0x6f (size before relaxing)
 .comment       0x0000006e       0x6f C:\Users\rdn\AppData\Local\Temp\ccIaBM1j.ltrans1.ltrans.o
 .comment       0x0000006e       0x6f C:\Users\rdn\AppData\Local\Temp\ccIaBM1j.ltrans2.ltrans.o
 .comment       0x0000006e       0x6f C:\Users\rdn\AppData\Local\Temp\ccIaBM1j.ltrans3.ltrans.o
 .comment       0x0000006e       0x6f C:\Users\rdn\AppData\Local\Temp\ccIaBM1j.ltrans4.ltrans.o
 .comment       0x0000006e       0x6f C:\Users\rdn\AppData\Local\Temp\ccIaBM1j.ltrans5.ltrans.o

.debug_line     0x00000000     0x39c0
 .debug_line    0x00000000       0x8e .\CortexM4\ARM_GCC_541\Release\startup_psoc6_01_cm4.o
 .debug_line    0x0000008e     0x1542 C:\Users\rdn\AppData\Local\Temp\ccIaBM1j.ltrans0.ltrans.o
 .debug_line    0x000015d0      0x9f8 C:\Users\rdn\AppData\Local\Temp\ccIaBM1j.ltrans1.ltrans.o
 .debug_line    0x00001fc8      0x857 C:\Users\rdn\AppData\Local\Temp\ccIaBM1j.ltrans2.ltrans.o
 .debug_line    0x0000281f      0x720 C:\Users\rdn\AppData\Local\Temp\ccIaBM1j.ltrans3.ltrans.o
 .debug_line    0x00002f3f      0x6ce C:\Users\rdn\AppData\Local\Temp\ccIaBM1j.ltrans4.ltrans.o
 .debug_line    0x0000360d      0x32a C:\Users\rdn\AppData\Local\Temp\ccIaBM1j.ltrans5.ltrans.o
 .debug_line    0x00003937       0x89 .\CortexM4\ARM_GCC_541\Release\cy_syslib_gcc.o

.debug_info     0x00000000     0xef88
 .debug_info    0x00000000       0x7b .\CortexM4\ARM_GCC_541\Release\startup_psoc6_01_cm4.o
 .debug_info    0x0000007b     0x6f00 C:\Users\rdn\AppData\Local\Temp\ccIaBM1j.ltrans0.ltrans.o
 .debug_info    0x00006f7b     0x2e5e C:\Users\rdn\AppData\Local\Temp\ccIaBM1j.ltrans1.ltrans.o
 .debug_info    0x00009dd9     0x18f4 C:\Users\rdn\AppData\Local\Temp\ccIaBM1j.ltrans2.ltrans.o
 .debug_info    0x0000b6cd     0x158f C:\Users\rdn\AppData\Local\Temp\ccIaBM1j.ltrans3.ltrans.o
 .debug_info    0x0000cc5c     0x1b41 C:\Users\rdn\AppData\Local\Temp\ccIaBM1j.ltrans4.ltrans.o
 .debug_info    0x0000e79d      0x742 C:\Users\rdn\AppData\Local\Temp\ccIaBM1j.ltrans5.ltrans.o
 .debug_info    0x0000eedf       0xa9 .\CortexM4\ARM_GCC_541\Release\cy_syslib_gcc.o

.debug_abbrev   0x00000000     0x183d
 .debug_abbrev  0x00000000       0x14 .\CortexM4\ARM_GCC_541\Release\startup_psoc6_01_cm4.o
 .debug_abbrev  0x00000014      0x4e1 C:\Users\rdn\AppData\Local\Temp\ccIaBM1j.ltrans0.ltrans.o
 .debug_abbrev  0x000004f5      0x618 C:\Users\rdn\AppData\Local\Temp\ccIaBM1j.ltrans1.ltrans.o
 .debug_abbrev  0x00000b0d      0x429 C:\Users\rdn\AppData\Local\Temp\ccIaBM1j.ltrans2.ltrans.o
 .debug_abbrev  0x00000f36      0x3c8 C:\Users\rdn\AppData\Local\Temp\ccIaBM1j.ltrans3.ltrans.o
 .debug_abbrev  0x000012fe      0x3d1 C:\Users\rdn\AppData\Local\Temp\ccIaBM1j.ltrans4.ltrans.o
 .debug_abbrev  0x000016cf      0x15a C:\Users\rdn\AppData\Local\Temp\ccIaBM1j.ltrans5.ltrans.o
 .debug_abbrev  0x00001829       0x14 .\CortexM4\ARM_GCC_541\Release\cy_syslib_gcc.o

.debug_aranges  0x00000000      0x200
 .debug_aranges
                0x00000000       0x20 .\CortexM4\ARM_GCC_541\Release\startup_psoc6_01_cm4.o
 .debug_aranges
                0x00000020       0x20 C:\Users\rdn\AppData\Local\Temp\ccIaBM1j.ltrans0.ltrans.o
 .debug_aranges
                0x00000040       0x78 C:\Users\rdn\AppData\Local\Temp\ccIaBM1j.ltrans1.ltrans.o
 .debug_aranges
                0x000000b8       0x88 C:\Users\rdn\AppData\Local\Temp\ccIaBM1j.ltrans2.ltrans.o
 .debug_aranges
                0x00000140       0x48 C:\Users\rdn\AppData\Local\Temp\ccIaBM1j.ltrans3.ltrans.o
 .debug_aranges
                0x00000188       0x38 C:\Users\rdn\AppData\Local\Temp\ccIaBM1j.ltrans4.ltrans.o
 .debug_aranges
                0x000001c0       0x20 C:\Users\rdn\AppData\Local\Temp\ccIaBM1j.ltrans5.ltrans.o
 .debug_aranges
                0x000001e0       0x20 .\CortexM4\ARM_GCC_541\Release\cy_syslib_gcc.o

.debug_loc      0x00000000    0x13b4c
 .debug_loc     0x00000000     0xb23f C:\Users\rdn\AppData\Local\Temp\ccIaBM1j.ltrans0.ltrans.o
 .debug_loc     0x0000b23f     0x1bf7 C:\Users\rdn\AppData\Local\Temp\ccIaBM1j.ltrans1.ltrans.o
 .debug_loc     0x0000ce36     0x488c C:\Users\rdn\AppData\Local\Temp\ccIaBM1j.ltrans2.ltrans.o
 .debug_loc     0x000116c2     0x173d C:\Users\rdn\AppData\Local\Temp\ccIaBM1j.ltrans3.ltrans.o
 .debug_loc     0x00012dff      0xd0c C:\Users\rdn\AppData\Local\Temp\ccIaBM1j.ltrans4.ltrans.o
 .debug_loc     0x00013b0b       0x41 C:\Users\rdn\AppData\Local\Temp\ccIaBM1j.ltrans5.ltrans.o

.debug_ranges   0x00000000     0x3350
 .debug_ranges  0x00000000     0x23b8 C:\Users\rdn\AppData\Local\Temp\ccIaBM1j.ltrans0.ltrans.o
 .debug_ranges  0x000023b8      0x368 C:\Users\rdn\AppData\Local\Temp\ccIaBM1j.ltrans1.ltrans.o
 .debug_ranges  0x00002720      0x528 C:\Users\rdn\AppData\Local\Temp\ccIaBM1j.ltrans2.ltrans.o
 .debug_ranges  0x00002c48      0x378 C:\Users\rdn\AppData\Local\Temp\ccIaBM1j.ltrans3.ltrans.o
 .debug_ranges  0x00002fc0      0x368 C:\Users\rdn\AppData\Local\Temp\ccIaBM1j.ltrans4.ltrans.o
 .debug_ranges  0x00003328       0x28 C:\Users\rdn\AppData\Local\Temp\ccIaBM1j.ltrans5.ltrans.o

.debug_str      0x00000000     0x4b69
 .debug_str     0x00000000     0x2aa0 C:\Users\rdn\AppData\Local\Temp\ccIaBM1j.ltrans0.ltrans.o
                               0x2bfc (size before relaxing)
 .debug_str     0x00002aa0     0x11e8 C:\Users\rdn\AppData\Local\Temp\ccIaBM1j.ltrans1.ltrans.o
                               0x2851 (size before relaxing)
 .debug_str     0x00003c88      0x295 C:\Users\rdn\AppData\Local\Temp\ccIaBM1j.ltrans2.ltrans.o
                                0x830 (size before relaxing)
 .debug_str     0x00003f1d      0x24c C:\Users\rdn\AppData\Local\Temp\ccIaBM1j.ltrans3.ltrans.o
                                0xdb6 (size before relaxing)
 .debug_str     0x00004169      0x977 C:\Users\rdn\AppData\Local\Temp\ccIaBM1j.ltrans4.ltrans.o
                               0x23d1 (size before relaxing)
 .debug_str     0x00004ae0       0x89 C:\Users\rdn\AppData\Local\Temp\ccIaBM1j.ltrans5.ltrans.o
                               0x13c6 (size before relaxing)

.debug_frame    0x00000000      0xc50
 .debug_frame   0x00000000       0x30 C:\Users\rdn\AppData\Local\Temp\ccIaBM1j.ltrans0.ltrans.o
 .debug_frame   0x00000030      0x1e8 C:\Users\rdn\AppData\Local\Temp\ccIaBM1j.ltrans1.ltrans.o
 .debug_frame   0x00000218      0x268 C:\Users\rdn\AppData\Local\Temp\ccIaBM1j.ltrans2.ltrans.o
 .debug_frame   0x00000480      0x1a4 C:\Users\rdn\AppData\Local\Temp\ccIaBM1j.ltrans3.ltrans.o
 .debug_frame   0x00000624       0xa0 C:\Users\rdn\AppData\Local\Temp\ccIaBM1j.ltrans4.ltrans.o
 .debug_frame   0x000006c4       0x20 C:\Users\rdn\AppData\Local\Temp\ccIaBM1j.ltrans5.ltrans.o
 .debug_frame   0x000006e4       0x20 c:/program files (x86)/cypress/psoc creator/4.4/psoc creator/import/gnu/arm/5.4.1/bin/../lib/gcc/arm-none-eabi/5.4.1/../../../../arm-none-eabi/lib/armv7e-m/softfp\libg_nano.a(lib_a-memset.o)
 .debug_frame   0x00000704       0x38 c:/program files (x86)/cypress/psoc creator/4.4/psoc creator/import/gnu/arm/5.4.1/bin/../lib/gcc/arm-none-eabi/5.4.1/../../../../arm-none-eabi/lib/armv7e-m/softfp\libm.a(lib_a-sf_floor.o)
 .debug_frame   0x0000073c       0x44 c:/program files (x86)/cypress/psoc creator/4.4/psoc creator/import/gnu/arm/5.4.1/bin/../lib/gcc/arm-none-eabi/5.4.1/../../../../arm-none-eabi/lib/armv7e-m/softfp\libm.a(lib_a-sf_fmax.o)
 .debug_frame   0x00000780       0x44 c:/program files (x86)/cypress/psoc creator/4.4/psoc creator/import/gnu/arm/5.4.1/bin/../lib/gcc/arm-none-eabi/5.4.1/../../../../arm-none-eabi/lib/armv7e-m/softfp\libm.a(lib_a-sf_fmin.o)
 .debug_frame   0x000007c4       0x20 c:/program files (x86)/cypress/psoc creator/4.4/psoc creator/import/gnu/arm/5.4.1/bin/../lib/gcc/arm-none-eabi/5.4.1/../../../../arm-none-eabi/lib/armv7e-m/softfp\libm.a(lib_a-sf_fpclassify.o)
 .debug_frame   0x000007e4       0x34 c:/program files (x86)/cypress/psoc creator/4.4/psoc creator/import/gnu/arm/5.4.1/bin/../lib/gcc/arm-none-eabi/5.4.1/../../../../arm-none-eabi/lib/armv7e-m/softfp\libm.a(lib_a-sf_round.o)
 .debug_frame   0x00000818       0x20 c:/program files (x86)/cypress/psoc creator/4.4/psoc creator/import/gnu/arm/5.4.1/bin/../lib/gcc/arm-none-eabi/5.4.1/../../../../arm-none-eabi/lib/armv7e-m/softfp\libm.a(lib_a-sf_trunc.o)
 .debug_frame   0x00000838       0x50 c:/program files (x86)/cypress/psoc creator/4.4/psoc creator/import/gnu/arm/5.4.1/bin/../lib/gcc/arm-none-eabi/5.4.1/../../../../arm-none-eabi/lib/armv7e-m/softfp\libm.a(lib_a-wf_sqrt.o)
 .debug_frame   0x00000888       0x3c c:/program files (x86)/cypress/psoc creator/4.4/psoc creator/import/gnu/arm/5.4.1/bin/../lib/gcc/arm-none-eabi/5.4.1/../../../../arm-none-eabi/lib/armv7e-m/softfp\libm.a(lib_a-ef_sqrt.o)
 .debug_frame   0x000008c4       0x20 c:/program files (x86)/cypress/psoc creator/4.4/psoc creator/import/gnu/arm/5.4.1/bin/../lib/gcc/arm-none-eabi/5.4.1/../../../../arm-none-eabi/lib/armv7e-m/softfp\libm.a(lib_a-s_matherr.o)
 .debug_frame   0x000008e4       0x20 c:/program files (x86)/cypress/psoc creator/4.4/psoc creator/import/gnu/arm/5.4.1/bin/../lib/gcc/arm-none-eabi/5.4.1/../../../../arm-none-eabi/lib/armv7e-m/softfp\libg_nano.a(lib_a-errno.o)
 .debug_frame   0x00000904       0x28 c:/program files (x86)/cypress/psoc creator/4.4/psoc creator/import/gnu/arm/5.4.1/bin/../lib/gcc/arm-none-eabi/5.4.1/../../../../arm-none-eabi/lib/armv7e-m/softfp\libg_nano.a(lib_a-memcpy-stub.o)
 .debug_frame   0x0000092c       0x28 c:/program files (x86)/cypress/psoc creator/4.4/psoc creator/import/gnu/arm/5.4.1/bin/../lib/gcc/arm-none-eabi/5.4.1/../../../../arm-none-eabi/lib/armv7e-m/softfp\libg_nano.a(lib_a-memmove.o)
 .debug_frame   0x00000954       0x74 c:/program files (x86)/cypress/psoc creator/4.4/psoc creator/import/gnu/arm/5.4.1/bin/../lib/gcc/arm-none-eabi/5.4.1/../../../../arm-none-eabi/lib/armv7e-m/softfp\libg_nano.a(lib_a-snprintf.o)
 .debug_frame   0x000009c8       0x90 c:/program files (x86)/cypress/psoc creator/4.4/psoc creator/import/gnu/arm/5.4.1/bin/../lib/gcc/arm-none-eabi/5.4.1/../../../../arm-none-eabi/lib/armv7e-m/softfp\libg_nano.a(lib_a-nano-svfprintf.o)
 .debug_frame   0x00000a58       0x60 c:/program files (x86)/cypress/psoc creator/4.4/psoc creator/import/gnu/arm/5.4.1/bin/../lib/gcc/arm-none-eabi/5.4.1/../../../../arm-none-eabi/lib/armv7e-m/softfp\libg_nano.a(lib_a-nano-vfprintf_i.o)
 .debug_frame   0x00000ab8       0x38 c:/program files (x86)/cypress/psoc creator/4.4/psoc creator/import/gnu/arm/5.4.1/bin/../lib/gcc/arm-none-eabi/5.4.1/../../../../arm-none-eabi/lib/armv7e-m/softfp\libg_nano.a(lib_a-nano-freer.o)
 .debug_frame   0x00000af0       0x2c c:/program files (x86)/cypress/psoc creator/4.4/psoc creator/import/gnu/arm/5.4.1/bin/../lib/gcc/arm-none-eabi/5.4.1/../../../../arm-none-eabi/lib/armv7e-m/softfp\libg_nano.a(lib_a-nano-mallocr.o)
 .debug_frame   0x00000b1c       0x3c c:/program files (x86)/cypress/psoc creator/4.4/psoc creator/import/gnu/arm/5.4.1/bin/../lib/gcc/arm-none-eabi/5.4.1/../../../../arm-none-eabi/lib/armv7e-m/softfp\libg_nano.a(lib_a-nano-reallocr.o)
 .debug_frame   0x00000b58       0x2c c:/program files (x86)/cypress/psoc creator/4.4/psoc creator/import/gnu/arm/5.4.1/bin/../lib/gcc/arm-none-eabi/5.4.1/../../../../arm-none-eabi/lib/armv7e-m/softfp\libg_nano.a(lib_a-sbrkr.o)
 .debug_frame   0x00000b84       0x30 c:/program files (x86)/cypress/psoc creator/4.4/psoc creator/import/gnu/arm/5.4.1/bin/../lib/gcc/arm-none-eabi/5.4.1/../../../../arm-none-eabi/lib/armv7e-m/softfp\libg_nano.a(lib_a-mlock.o)
 .debug_frame   0x00000bb4       0x20 c:/program files (x86)/cypress/psoc creator/4.4/psoc creator/import/gnu/arm/5.4.1/bin/../lib/gcc/arm-none-eabi/5.4.1/../../../../arm-none-eabi/lib/armv7e-m/softfp\libg_nano.a(lib_a-nano-msizer.o)
 .debug_frame   0x00000bd4       0x5c c:/program files (x86)/cypress/psoc creator/4.4/psoc creator/import/gnu/arm/5.4.1/bin/../lib/gcc/arm-none-eabi/5.4.1/../../../../arm-none-eabi/lib/armv7e-m/softfp\libg_nano.a(lib_a-reent.o)
 .debug_frame   0x00000c30       0x20 c:/program files (x86)/cypress/psoc creator/4.4/psoc creator/import/gnu/arm/5.4.1/bin/../lib/gcc/arm-none-eabi/5.4.1/../../../../arm-none-eabi/lib/armv7e-m/softfp\libnosys.a(sbrk.o)
