Archive member included to satisfy reference by file (symbol)

c:/program files (x86)/cypress/psoc creator/4.4/psoc creator/import/gnu/arm/5.4.1/bin/../lib/gcc/arm-none-eabi/5.4.1/armv7e-m/softfp\libgcc.a(_arm_addsubdf3.o)
                              .\CortexM4\ARM_GCC_541\Release\cy_sysclk.o (__aeabi_f2d)
c:/program files (x86)/cypress/psoc creator/4.4/psoc creator/import/gnu/arm/5.4.1/bin/../lib/gcc/arm-none-eabi/5.4.1/armv7e-m/softfp\libgcc.a(_arm_muldivdf3.o)
                              .\CortexM4\ARM_GCC_541\Release\cy_sysclk.o (__aeabi_ddiv)
c:/program files (x86)/cypress/psoc creator/4.4/psoc creator/import/gnu/arm/5.4.1/bin/../lib/gcc/arm-none-eabi/5.4.1/armv7e-m/softfp\libgcc.a(_arm_fixunsdfsi.o)
                              .\CortexM4\ARM_GCC_541\Release\cy_sysclk.o (__aeabi_d2uiz)
c:/program files (x86)/cypress/psoc creator/4.4/psoc creator/import/gnu/arm/5.4.1/bin/../lib/gcc/arm-none-eabi/5.4.1/armv7e-m/softfp\libgcc.a(_aeabi_ldivmod.o)
                              .\CortexM4\ARM_GCC_541\Release\lc3.o (__aeabi_ldivmod)
c:/program files (x86)/cypress/psoc creator/4.4/psoc creator/import/gnu/arm/5.4.1/bin/../lib/gcc/arm-none-eabi/5.4.1/armv7e-m/softfp\libgcc.a(_aeabi_uldivmod.o)
                              .\CortexM4\ARM_GCC_541\Release\cy_sysclk.o (__aeabi_uldivmod)
c:/program files (x86)/cypress/psoc creator/4.4/psoc creator/import/gnu/arm/5.4.1/bin/../lib/gcc/arm-none-eabi/5.4.1/armv7e-m/softfp\libgcc.a(_udivmoddi4.o)
                              c:/program files (x86)/cypress/psoc creator/4.4/psoc creator/import/gnu/arm/5.4.1/bin/../lib/gcc/arm-none-eabi/5.4.1/armv7e-m/softfp\libgcc.a(_aeabi_ldivmod.o) (__udivmoddi4)
c:/program files (x86)/cypress/psoc creator/4.4/psoc creator/import/gnu/arm/5.4.1/bin/../lib/gcc/arm-none-eabi/5.4.1/armv7e-m/softfp\libgcc.a(_dvmd_tls.o)
                              c:/program files (x86)/cypress/psoc creator/4.4/psoc creator/import/gnu/arm/5.4.1/bin/../lib/gcc/arm-none-eabi/5.4.1/armv7e-m/softfp\libgcc.a(_aeabi_ldivmod.o) (__aeabi_ldiv0)
c:/program files (x86)/cypress/psoc creator/4.4/psoc creator/import/gnu/arm/5.4.1/bin/../lib/gcc/arm-none-eabi/5.4.1/../../../../arm-none-eabi/lib/armv7e-m/softfp\libg_nano.a(lib_a-exit.o)
                              c:/program files (x86)/cypress/psoc creator/4.4/psoc creator/import/gnu/arm/5.4.1/bin/../lib/gcc/arm-none-eabi/5.4.1/../../../../arm-none-eabi/lib/armv7e-m/softfp/crt0.o (exit)
c:/program files (x86)/cypress/psoc creator/4.4/psoc creator/import/gnu/arm/5.4.1/bin/../lib/gcc/arm-none-eabi/5.4.1/../../../../arm-none-eabi/lib/armv7e-m/softfp\libg_nano.a(lib_a-impure.o)
                              c:/program files (x86)/cypress/psoc creator/4.4/psoc creator/import/gnu/arm/5.4.1/bin/../lib/gcc/arm-none-eabi/5.4.1/../../../../arm-none-eabi/lib/armv7e-m/softfp\libg_nano.a(lib_a-exit.o) (_global_impure_ptr)
c:/program files (x86)/cypress/psoc creator/4.4/psoc creator/import/gnu/arm/5.4.1/bin/../lib/gcc/arm-none-eabi/5.4.1/../../../../arm-none-eabi/lib/armv7e-m/softfp\libg_nano.a(lib_a-init.o)
                              c:/program files (x86)/cypress/psoc creator/4.4/psoc creator/import/gnu/arm/5.4.1/bin/../lib/gcc/arm-none-eabi/5.4.1/../../../../arm-none-eabi/lib/armv7e-m/softfp/crt0.o (__libc_init_array)
c:/program files (x86)/cypress/psoc creator/4.4/psoc creator/import/gnu/arm/5.4.1/bin/../lib/gcc/arm-none-eabi/5.4.1/../../../../arm-none-eabi/lib/armv7e-m/softfp\libg_nano.a(lib_a-memcpy-stub.o)
                              .\CortexM4\ARM_GCC_541\Release\ltpf.o (memcpy)
c:/program files (x86)/cypress/psoc creator/4.4/psoc creator/import/gnu/arm/5.4.1/bin/../lib/gcc/arm-none-eabi/5.4.1/../../../../arm-none-eabi/lib/armv7e-m/softfp\libg_nano.a(lib_a-memmove.o)
                              .\CortexM4\ARM_GCC_541\Release\lc3.o (memmove)
c:/program files (x86)/cypress/psoc creator/4.4/psoc creator/import/gnu/arm/5.4.1/bin/../lib/gcc/arm-none-eabi/5.4.1/../../../../arm-none-eabi/lib/armv7e-m/softfp\libg_nano.a(lib_a-memset.o)
                              c:/program files (x86)/cypress/psoc creator/4.4/psoc creator/import/gnu/arm/5.4.1/bin/../lib/gcc/arm-none-eabi/5.4.1/../../../../arm-none-eabi/lib/armv7e-m/softfp/crt0.o (memset)
c:/program files (x86)/cypress/psoc creator/4.4/psoc creator/import/gnu/arm/5.4.1/bin/../lib/gcc/arm-none-eabi/5.4.1/../../../../arm-none-eabi/lib/armv7e-m/softfp\libg_nano.a(lib_a-rand.o)
                              .\CortexM4\ARM_GCC_541\Release\main_cm4.o (srand)
c:/program files (x86)/cypress/psoc creator/4.4/psoc creator/import/gnu/arm/5.4.1/bin/../lib/gcc/arm-none-eabi/5.4.1/../../../../arm-none-eabi/lib/armv7e-m/softfp\libg_nano.a(lib_a-snprintf.o)
                              .\CortexM4\ARM_GCC_541\Release\main_cm4.o (snprintf)
c:/program files (x86)/cypress/psoc creator/4.4/psoc creator/import/gnu/arm/5.4.1/bin/../lib/gcc/arm-none-eabi/5.4.1/../../../../arm-none-eabi/lib/armv7e-m/softfp\libg_nano.a(lib_a-time.o)
[...]
Memory Configuration

Name             Origin             Length             Attributes
ram              0x08024000         0x00023800         xrw
flash            0x10080000         0x00080000         xr
shared_ram       0x08020000         0x00004000         xrw
em_eeprom        0x14000000         0x00008000         xr
sflash_user_data 0x16000800         0x00000800         xr
sflash_nar       0x16001a00         0x00000200         xr
sflash_public_key 0x16005a00         0x00000c00         xr
sflash_toc_2     0x16007c00         0x00000200         xr
sflash_rtoc_2    0x16007e00         0x00000200         xr
xip              0x18000000         0x08000000         xr
efuse            0x90700000         0x00100000         r
*default*        0x00000000         0xffffffff

Linker script and memory map

LOAD c:/program files (x86)/cypress/psoc creator/4.4/psoc creator/import/gnu/arm/5.4.1/bin/../lib/gcc/arm-none-eabi/5.4.1/armv7e-m/softfp/crti.o
LOAD c:/program files (x86)/cypress/psoc creator/4.4/psoc creator/import/gnu/arm/5.4.1/bin/../lib/gcc/arm-none-eabi/5.4.1/armv7e-m/softfp/crtbegin.o
LOAD c:/program files (x86)/cypress/psoc creator/4.4/psoc creator/import/gnu/arm/5.4.1/bin/../lib/gcc/arm-none-eabi/5.4.1/../../../../arm-none-eabi/lib/armv7e-m/softfp/crt0.o
START GROUP
LOAD .\CortexM4\ARM_GCC_541\Release\startup_psoc6_01_cm4.o
LOAD .\CortexM4\ARM_GCC_541\Release\main_cm4.o
LOAD .\CortexM4\ARM_GCC_541\Release\system_psoc6_cm4.o
LOAD .\CortexM4\ARM_GCC_541\Release\attdet.o
LOAD .\CortexM4\ARM_GCC_541\Release\bits.o
LOAD .\CortexM4\ARM_GCC_541\Release\bwdet.o
LOAD .\CortexM4\ARM_GCC_541\Release\energy.o
LOAD .\CortexM4\ARM_GCC_541\Release\lc3.o
LOAD .\CortexM4\ARM_GCC_541\Release\ltpf.o
LOAD .\CortexM4\ARM_GCC_541\Release\mdct.o
LOAD .\CortexM4\ARM_GCC_541\Release\plc.o
LOAD .\CortexM4\ARM_GCC_541\Release\sns.o
LOAD .\CortexM4\ARM_GCC_541\Release\spec.o
LOAD .\CortexM4\ARM_GCC_541\Release\tables.o
LOAD .\CortexM4\ARM_GCC_541\Release\tns.o
LOAD .\CortexM4\ARM_GCC_541\Release\cyfitter_sysint_cfg.o
LOAD .\CortexM4\ARM_GCC_541\Release\cymetadata.o
LOAD .\CortexM4\ARM_GCC_541\Release\cy_efuse.o
LOAD .\CortexM4\ARM_GCC_541\Release\cy_flash.o
LOAD .\CortexM4\ARM_GCC_541\Release\cy_gpio.o
LOAD .\CortexM4\ARM_GCC_541\Release\cy_ipc_drv.o
LOAD .\CortexM4\ARM_GCC_541\Release\cy_ipc_sema.o
LOAD .\CortexM4\ARM_GCC_541\Release\cy_ipc_pipe.o
LOAD .\CortexM4\ARM_GCC_541\Release\cy_lvd.o
LOAD .\CortexM4\ARM_GCC_541\Release\cy_profile.o
LOAD .\CortexM4\ARM_GCC_541\Release\cy_prot.o
LOAD .\CortexM4\ARM_GCC_541\Release\cy_sysanalog.o
LOAD .\CortexM4\ARM_GCC_541\Release\cy_sysclk.o
LOAD .\CortexM4\ARM_GCC_541\Release\cy_sysint.o
LOAD .\CortexM4\ARM_GCC_541\Release\cy_syslib.o
LOAD .\CortexM4\ARM_GCC_541\Release\cy_syslib_gcc.o
LOAD .\CortexM4\ARM_GCC_541\Release\cy_syspm.o
LOAD .\CortexM4\ARM_GCC_541\Release\cy_systick.o
LOAD .\CortexM4\ARM_GCC_541\Release\cy_trigmux.o
LOAD .\CortexM4\ARM_GCC_541\Release\cy_wdt.o
LOAD .\CortexM4\ARM_GCC_541\Release\cy_device.o
LOAD .\CortexM4\ARM_GCC_541\Release\cy_scb_common.o
LOAD .\CortexM4\ARM_GCC_541\Release\cy_scb_i2c.o
LOAD .\CortexM4\ARM_GCC_541\Release\cy_scb_ezi2c.o
LOAD .\CortexM4\ARM_GCC_541\Release\cy_scb_spi.o
LOAD .\CortexM4\ARM_GCC_541\Release\cy_scb_uart.o
LOAD .\CortexM4\ARM_GCC_541\Release\cy_tcpwm_counter.o
LOAD .\CortexM4\ARM_GCC_541\Release\cy_tcpwm_pwm.o
LOAD .\CortexM4\ARM_GCC_541\Release\cy_tcpwm_quaddec.o
LOAD .\CortexM4\ARM_GCC_541\Release\cy_ble.o
LOAD .\CortexM4\ARM_GCC_541\Release\cy_ble_hal_int.o
LOAD .\CortexM4\ARM_GCC_541\Release\cy_ble_hal_pvt.o
LOAD .\CortexM4\ARM_GCC_541\Release\cy_ble_gap.o
LOAD .\CortexM4\ARM_GCC_541\Release\cy_ble_gatt.o
LOAD .\CortexM4\ARM_GCC_541\Release\cy_ble_event_handler.o
LOAD .\CortexM4\ARM_GCC_541\Release\cy_ble_ancs.o
LOAD .\CortexM4\ARM_GCC_541\Release\cy_ble_ans.o
LOAD .\CortexM4\ARM_GCC_541\Release\cy_ble_aios.o
LOAD .\CortexM4\ARM_GCC_541\Release\cy_ble_bas.o
LOAD .\CortexM4\ARM_GCC_541\Release\cy_ble_bcs.o
LOAD .\CortexM4\ARM_GCC_541\Release\cy_ble_bls.o
LOAD .\CortexM4\ARM_GCC_541\Release\cy_ble_bms.o
LOAD .\CortexM4\ARM_GCC_541\Release\cy_ble_bts.o
LOAD .\CortexM4\ARM_GCC_541\Release\cy_ble_cgms.o
LOAD .\CortexM4\ARM_GCC_541\Release\cy_ble_cps.o
LOAD .\CortexM4\ARM_GCC_541\Release\cy_ble_cscs.o
LOAD .\CortexM4\ARM_GCC_541\Release\cy_ble_cts.o
LOAD .\CortexM4\ARM_GCC_541\Release\cy_ble_custom.o
LOAD .\CortexM4\ARM_GCC_541\Release\cy_ble_dis.o
LOAD .\CortexM4\ARM_GCC_541\Release\cy_ble_ess.o
LOAD .\CortexM4\ARM_GCC_541\Release\cy_ble_gls.o
LOAD .\CortexM4\ARM_GCC_541\Release\cy_ble_hids.o
LOAD .\CortexM4\ARM_GCC_541\Release\cy_ble_hps.o
LOAD .\CortexM4\ARM_GCC_541\Release\cy_ble_hrs.o
LOAD .\CortexM4\ARM_GCC_541\Release\cy_ble_hts.o
LOAD .\CortexM4\ARM_GCC_541\Release\cy_ble_ias.o
LOAD .\CortexM4\ARM_GCC_541\Release\cy_ble_ips.o
LOAD .\CortexM4\ARM_GCC_541\Release\cy_ble_lls.o
LOAD .\CortexM4\ARM_GCC_541\Release\cy_ble_lns.o
LOAD .\CortexM4\ARM_GCC_541\Release\cy_ble_ndcs.o
LOAD .\CortexM4\ARM_GCC_541\Release\cy_ble_plxs.o
LOAD .\CortexM4\ARM_GCC_541\Release\cy_ble_pass.o
LOAD .\CortexM4\ARM_GCC_541\Release\cy_ble_rscs.o
LOAD .\CortexM4\ARM_GCC_541\Release\cy_ble_rtus.o
LOAD .\CortexM4\ARM_GCC_541\Release\cy_ble_scps.o
LOAD .\CortexM4\ARM_GCC_541\Release\cy_ble_tps.o
LOAD .\CortexM4\ARM_GCC_541\Release\cy_ble_uds.o
LOAD .\CortexM4\ARM_GCC_541\Release\cy_ble_wpts.o
LOAD .\CortexM4\ARM_GCC_541\Release\cy_ble_wss.o
LOAD .\CortexM4\ARM_GCC_541\Release\cy_ble_clk.o
LOAD .\CortexM4\ARM_GCC_541\Release\BLE.o
LOAD .\CortexM4\ARM_GCC_541\Release\BLE_config.o
LOAD .\CortexM4\ARM_GCC_541\Release\BLE_custom_config.o
LOAD .\CortexM4\ARM_GCC_541\Release\UART_DEBUG.o
LOAD .\CortexM4\ARM_GCC_541\Release\TX_COUNTER.o
END GROUP
START GROUP
LOAD c:/program files (x86)/cypress/psoc creator/4.4/psoc creator/import/gnu/arm/5.4.1/bin/../lib/gcc/arm-none-eabi/5.4.1/armv7e-m/softfp\libgcc.a
LOAD c:/program files (x86)/cypress/psoc creator/4.4/psoc creator/import/gnu/arm/5.4.1/bin/../lib/gcc/arm-none-eabi/5.4.1/../../../../arm-none-eabi/lib/armv7e-m/softfp\libg_nano.a
LOAD c:/program files (x86)/cypress/psoc creator/4.4/psoc creator/import/gnu/arm/5.4.1/bin/../lib/gcc/arm-none-eabi/5.4.1/../../../../arm-none-eabi/lib/armv7e-m/softfp\libc_nano.a
END GROUP
START GROUP
LOAD c:/program files (x86)/cypress/psoc creator/4.4/psoc creator/import/gnu/arm/5.4.1/bin/../lib/gcc/arm-none-eabi/5.4.1/armv7e-m/softfp\libgcc.a
LOAD c:/program files (x86)/cypress/psoc creator/4.4/psoc creator/import/gnu/arm/5.4.1/bin/../lib/gcc/arm-none-eabi/5.4.1/../../../../arm-none-eabi/lib/armv7e-m/softfp\libc_nano.a
END GROUP
LOAD c:/program files (x86)/cypress/psoc creator/4.4/psoc creator/import/gnu/arm/5.4.1/bin/../lib/gcc/arm-none-eabi/5.4.1/armv7e-m/softfp/crtend.o
LOAD c:/program files (x86)/cypress/psoc creator/4.4/psoc creator/import/gnu/arm/5.4.1/bin/../lib/gcc/arm-none-eabi/5.4.1/armv7e-m/softfp/crtn.o
START GROUP
LOAD c:/program files (x86)/cypress/psoc creator/4.4/psoc creator/import/gnu/arm/5.4.1/bin/../lib/gcc/arm-none-eabi/5.4.1/armv7e-m/softfp\libgcc.a
LOAD c:/program files (x86)/cypress/psoc creator/4.4/psoc creator/import/gnu/arm/5.4.1/bin/../lib/gcc/arm-none-eabi/5.4.1/../../../../arm-none-eabi/lib/armv7e-m/softfp\libc.a
LOAD c:/program files (x86)/cypress/psoc creator/4.4/psoc creator/import/gnu/arm/5.4.1/bin/../lib/gcc/arm-none-eabi/5.4.1/../../../../arm-none-eabi/lib/armv7e-m/softfp\libnosys.a
END GROUP
START GROUP
LOAD c:/program files (x86)/cypress/psoc creator/4.4/psoc creator/import/gnu/arm/5.4.1/bin/../lib/gcc/arm-none-eabi/5.4.1/armv7e-m/softfp\libgcc.a
LOAD c:/program files (x86)/cypress/psoc creator/4.4/psoc creator/import/gnu/arm/5.4.1/bin/../lib/gcc/arm-none-eabi/5.4.1/../../../../arm-none-eabi/lib/armv7e-m/softfp\libc.a
LOAD c:/program files (x86)/cypress/psoc creator/4.4/psoc creator/import/gnu/arm/5.4.1/bin/../lib/gcc/arm-none-eabi/5.4.1/../../../../arm-none-eabi/lib/armv7e-m/softfp\libm.a
LOAD c:/program files (x86)/cypress/psoc creator/4.4/psoc creator/import/gnu/arm/5.4.1/bin/../lib/gcc/arm-none-eabi/5.4.1/../../../../arm-none-eabi/lib/armv7e-m/softfp\libnosys.a
END GROUP

.text           0x10080000    0x1b90c
                0x10080000                . = ALIGN (0x4)
                0x10080000                __Vectors = .
 *(.vectors)
 .vectors       0x10080000      0x28c .\CortexM4\ARM_GCC_541\Release\startup_psoc6_01_cm4.o
                0x1008028c                . = ALIGN (0x4)
                0x1008028c                __Vectors_End = .
                0x0000028c                __Vectors_Size = (__Vectors_End - __Vectors)
                0x1008028c                __end__ = .
                0x1008028c                . = ALIGN (0x4)
 *(.text*)
 .text          0x1008028c       0x5c c:/program files (x86)/cypress/psoc creator/4.4/psoc creator/import/gnu/arm/5.4.1/bin/../lib/gcc/arm-none-eabi/5.4.1/armv7e-m/softfp/crtbegin.o
 .text          0x100802e8       0x84 .\CortexM4\ARM_GCC_541\Release\startup_psoc6_01_cm4.o
                0x100802e8                Cy_OnResetUser
                0x100802ea                Reset_Handler
                0x1008034c                cpuss_interrupts_ipc_6_IRQHandler
                0x1008034c                DebugMon_Handler
                0x1008034c                tcpwm_1_interrupts_11_IRQHandler
                0x1008034c                cpuss_interrupts_ipc_0_IRQHandler
                0x1008034c                tcpwm_1_interrupts_15_IRQHandler
                0x1008034c                ioss_interrupts_gpio_13_IRQHandler
                0x1008034c                tcpwm_1_interrupts_13_IRQHandler
                0x1008034c                cpuss_interrupts_dw1_8_IRQHandler
                0x1008034c                tcpwm_0_interrupts_0_IRQHandler
                0x1008034c                SysTick_Handler
                0x1008034c                cpuss_interrupt_fm_IRQHandler
                0x1008034c                cpuss_interrupts_ipc_7_IRQHandler
                0x1008034c                tcpwm_1_interrupts_14_IRQHandler
                0x1008034c                cpuss_interrupts_dw0_5_IRQHandler
                0x1008034c                tcpwm_1_interrupts_9_IRQHandler
                0x1008034c                cpuss_interrupts_cm0_cti_1_IRQHandler
                0x1008034c                tcpwm_1_interrupts_22_IRQHandler
                0x1008034c                cpuss_interrupts_dw0_4_IRQHandler
                0x1008034c                PendSV_Handler
                0x1008034c                NMI_Handler
                0x1008034c                cpuss_interrupts_dw1_12_IRQHandler
                0x1008034c                tcpwm_1_interrupts_12_IRQHandler
                0x1008034c                smif_interrupt_IRQHandler
                0x1008034c                tcpwm_1_interrupts_2_IRQHandler
                0x1008034c                cpuss_interrupts_ipc_13_IRQHandler
                0x1008034c                udb_interrupts_11_IRQHandler
                0x1008034c                tcpwm_1_interrupts_18_IRQHandler
                0x1008034c                cpuss_interrupts_dw0_11_IRQHandler
                0x1008034c                tcpwm_0_interrupts_2_IRQHandler
                0x1008034c                cpuss_interrupts_dw0_13_IRQHandler
                0x1008034c                udb_interrupts_2_IRQHandler
                0x1008034c                cpuss_interrupts_dw1_7_IRQHandler
                0x1008034c                ioss_interrupts_gpio_1_IRQHandler
                0x1008034c                ioss_interrupts_gpio_7_IRQHandler
                0x1008034c                scb_5_interrupt_IRQHandler
                0x1008034c                udb_interrupts_6_IRQHandler
                0x1008034c                cpuss_interrupts_fault_1_IRQHandler
                0x1008034c                cpuss_interrupts_ipc_4_IRQHandler
                0x1008034c                cpuss_interrupts_ipc_5_IRQHandler
                0x1008034c                cpuss_interrupts_dw1_10_IRQHandler
                0x1008034c                udb_interrupts_0_IRQHandler
                0x1008034c                tcpwm_1_interrupts_6_IRQHandler
                0x1008034c                scb_4_interrupt_IRQHandler
                0x1008034c                pass_interrupt_dacs_IRQHandler
                0x1008034c                ioss_interrupts_gpio_2_IRQHandler
                0x1008034c                cpuss_interrupts_dw1_9_IRQHandler
                0x1008034c                cpuss_interrupts_dw1_13_IRQHandler
                0x1008034c                scb_2_interrupt_IRQHandler
                0x1008034c                cpuss_interrupts_cm0_cti_0_IRQHandler
                0x1008034c                udb_interrupts_5_IRQHandler
                0x1008034c                srss_interrupt_IRQHandler
                0x1008034c                udb_interrupts_12_IRQHandler
                0x1008034c                scb_0_interrupt_IRQHandler
                0x1008034c                csd_interrupt_IRQHandler
                0x1008034c                udb_interrupts_1_IRQHandler
                0x1008034c                profile_interrupt_IRQHandler
                0x1008034c                tcpwm_1_interrupts_1_IRQHandler
                0x1008034c                cpuss_interrupts_ipc_12_IRQHandler
                0x1008034c                tcpwm_1_interrupts_3_IRQHandler
                0x1008034c                tcpwm_0_interrupts_7_IRQHandler
                0x1008034c                cpuss_interrupts_dw1_1_IRQHandler
                0x1008034c                cpuss_interrupts_dw1_0_IRQHandler
                0x1008034c                cpuss_interrupts_dw0_9_IRQHandler
                0x1008034c                lpcomp_interrupt_IRQHandler
                0x1008034c                tcpwm_1_interrupts_23_IRQHandler
                0x1008034c                udb_interrupts_4_IRQHandler
                0x1008034c                tcpwm_1_interrupts_20_IRQHandler
                0x1008034c                ioss_interrupt_gpio_IRQHandler
                0x1008034c                tcpwm_0_interrupts_1_IRQHandler
                0x1008034c                ioss_interrupts_gpio_8_IRQHandler
                0x1008034c                tcpwm_0_interrupts_6_IRQHandler
                0x1008034c                scb_7_interrupt_IRQHandler
                0x1008034c                tcpwm_1_interrupts_7_IRQHandler
                0x1008034c                cpuss_interrupts_ipc_11_IRQHandler
                0x1008034c                udb_interrupts_13_IRQHandler
                0x1008034c                cpuss_interrupts_dw0_15_IRQHandler
                0x1008034c                udb_interrupts_7_IRQHandler
                0x1008034c                cpuss_interrupts_dw1_6_IRQHandler
                0x1008034c                cpuss_interrupt_crypto_IRQHandler
                0x1008034c                scb_1_interrupt_IRQHandler
                0x1008034c                Default_Handler
                0x1008034c                usb_interrupt_hi_IRQHandler
                0x1008034c                tcpwm_1_interrupts_0_IRQHandler
                0x1008034c                udb_interrupts_9_IRQHandler
                0x1008034c                audioss_interrupt_pdm_IRQHandler
                0x1008034c                srss_interrupt_mcwdt_0_IRQHandler
                0x1008034c                scb_3_interrupt_IRQHandler
                0x1008034c                pass_interrupt_ctbs_IRQHandler
                0x1008034c                udb_interrupts_8_IRQHandler
                0x1008034c                ioss_interrupts_gpio_3_IRQHandler
                0x1008034c                scb_6_interrupt_IRQHandler
                0x1008034c                cpuss_interrupts_cm4_cti_0_IRQHandler
                0x1008034c                cpuss_interrupts_dw1_3_IRQHandler
                0x1008034c                pass_interrupt_sar_IRQHandler
                0x1008034c                ioss_interrupts_gpio_0_IRQHandler
                0x1008034c                ioss_interrupts_gpio_14_IRQHandler
                0x1008034c                tcpwm_0_interrupts_4_IRQHandler
                0x1008034c                udb_interrupts_3_IRQHandler
                0x1008034c                tcpwm_0_interrupts_5_IRQHandler
                0x1008034c                cpuss_interrupts_ipc_15_IRQHandler
                0x1008034c                cpuss_interrupts_cm4_cti_1_IRQHandler
                0x1008034c                scb_8_interrupt_IRQHandler
                0x1008034c                srss_interrupt_mcwdt_1_IRQHandler
                0x1008034c                cpuss_interrupts_dw1_2_IRQHandler
                0x1008034c                SVC_Handler
                0x1008034c                cpuss_interrupts_dw1_5_IRQHandler
                0x1008034c                cpuss_interrupts_ipc_1_IRQHandler
                0x1008034c                cpuss_interrupts_dw0_0_IRQHandler
                0x1008034c                ioss_interrupts_gpio_12_IRQHandler
                0x1008034c                cpuss_interrupts_ipc_3_IRQHandler
                0x1008034c                tcpwm_1_interrupts_17_IRQHandler
                0x1008034c                srss_interrupt_backup_IRQHandler
                0x1008034c                bless_interrupt_IRQHandler
                0x1008034c                cpuss_interrupts_ipc_10_IRQHandler
                0x1008034c                cpuss_interrupts_ipc_9_IRQHandler
                0x1008034c                cpuss_interrupts_dw0_14_IRQHandler
                0x1008034c                tcpwm_1_interrupts_4_IRQHandler
                0x1008034c                tcpwm_0_interrupts_3_IRQHandler
                0x1008034c                cpuss_interrupts_dw1_15_IRQHandler
                0x1008034c                ioss_interrupts_gpio_10_IRQHandler
                0x1008034c                udb_interrupts_10_IRQHandler
                0x1008034c                cpuss_interrupts_dw0_8_IRQHandler
                0x1008034c                ioss_interrupts_gpio_11_IRQHandler
                0x1008034c                cpuss_interrupts_ipc_14_IRQHandler
                0x1008034c                ioss_interrupts_gpio_5_IRQHandler
                0x1008034c                ioss_interrupts_gpio_4_IRQHandler
                0x1008034c                tcpwm_1_interrupts_8_IRQHandler
                0x1008034c                cpuss_interrupts_dw1_14_IRQHandler
                0x1008034c                usb_interrupt_med_IRQHandler
                0x1008034c                cpuss_interrupts_dw0_2_IRQHandler
                0x1008034c                tcpwm_1_interrupts_10_IRQHandler
                0x1008034c                cpuss_interrupts_fault_0_IRQHandler
                0x1008034c                cpuss_interrupts_dw0_12_IRQHandler
                0x1008034c                ioss_interrupts_gpio_6_IRQHandler
                0x1008034c                tcpwm_1_interrupts_21_IRQHandler
                0x1008034c                tcpwm_1_interrupts_16_IRQHandler
                0x1008034c                cpuss_interrupts_dw1_4_IRQHandler
                0x1008034c                udb_interrupts_15_IRQHandler
                0x1008034c                cpuss_interrupts_dw1_11_IRQHandler
                0x1008034c                cpuss_interrupts_dw0_6_IRQHandler
                0x1008034c                ioss_interrupt_vdd_IRQHandler
                0x1008034c                cpuss_interrupts_dw0_7_IRQHandler
                0x1008034c                audioss_interrupt_i2s_IRQHandler
                0x1008034c                tcpwm_1_interrupts_5_IRQHandler
                0x1008034c                cpuss_interrupts_ipc_2_IRQHandler
                0x1008034c                cpuss_interrupts_dw0_10_IRQHandler
                0x1008034c                tcpwm_1_interrupts_19_IRQHandler
                0x1008034c                cpuss_interrupts_dw0_1_IRQHandler
                0x1008034c                ioss_interrupts_gpio_9_IRQHandler
                0x1008034c                usb_interrupt_lo_IRQHandler
                0x1008034c                cpuss_interrupts_ipc_8_IRQHandler
                0x1008034c                udb_interrupts_14_IRQHandler
                0x1008034c                cpuss_interrupts_dw0_3_IRQHandler
                0x10080350                UsageFault_Handler
                0x10080350                HardFault_Handler
                0x10080350                MemManage_Handler
                0x10080350                BusFault_Handler
 .text.startup.main
                0x1008036c      0x140 .\CortexM4\ARM_GCC_541\Release\main_cm4.o
                0x1008036c                main
 .text.Cy_SysIpcPipeIsrCm4
                0x100804ac        0x6 .\CortexM4\ARM_GCC_541\Release\system_psoc6_cm4.o
                0x100804ac                Cy_SysIpcPipeIsrCm4
 .text.Cy_SystemInit
                0x100804b2        0x2 .\CortexM4\ARM_GCC_541\Release\system_psoc6_cm4.o
                0x100804b2                Cy_SystemInit
 .text.SystemCoreClockUpdate
                0x100804b4      0x160 .\CortexM4\ARM_GCC_541\Release\system_psoc6_cm4.o
                0x100804b4                SystemCoreClockUpdate
 .text.SystemInit
                0x10080614       0x48 .\CortexM4\ARM_GCC_541\Release\system_psoc6_cm4.o
                0x10080614                SystemInit
 .text.Cy_SystemInitFpuEnable
                0x1008065c       0x28 .\CortexM4\ARM_GCC_541\Release\system_psoc6_cm4.o
                0x1008065c                Cy_SystemInitFpuEnable
 .text.lc3_attdet_run
                0x10080684      0x182 .\CortexM4\ARM_GCC_541\Release\attdet.o
                0x10080684                lc3_attdet_run
 .text.accu_flush
                0x10080806       0x3e .\CortexM4\ARM_GCC_541\Release\bits.o
 .text.ac_put   0x10080844       0x10 .\CortexM4\ARM_GCC_541\Release\bits.o
 .text.ac_shift
                0x10080854       0x5c .\CortexM4\ARM_GCC_541\Release\bits.o
 .text.ac_get   0x100808b0       0x12 .\CortexM4\ARM_GCC_541\Release\bits.o
 .text.accu_load
                0x100808c2       0x50 .\CortexM4\ARM_GCC_541\Release\bits.o
 .text.get_bits_left
                0x10080912       0x48 .\CortexM4\ARM_GCC_541\Release\bits.o
 .text.lc3_setup_bits
                0x1008095a       0x74 .\CortexM4\ARM_GCC_541\Release\bits.o
                0x1008095a                lc3_setup_bits
 .text.lc3_get_bits_left
                0x100809ce        0xc .\CortexM4\ARM_GCC_541\Release\bits.o
                0x100809ce                lc3_get_bits_left
 .text.lc3_put_bits_generic
                0x100809da       0x38 .\CortexM4\ARM_GCC_541\Release\bits.o
                0x100809da                lc3_put_bits_generic
 .text.lc3_flush_bits
                0x10080a12      0x126 .\CortexM4\ARM_GCC_541\Release\bits.o
                0x10080a12                lc3_flush_bits
 .text.lc3_ac_write_renorm
                0x10080b38       0x24 .\CortexM4\ARM_GCC_541\Release\bits.o
                0x10080b38                lc3_ac_write_renorm
 .text.lc3_bwdet_run
                0x10080b5c      0x120 .\CortexM4\ARM_GCC_541\Release\bwdet.o
                0x10080b5c                lc3_bwdet_run
 .text.lc3_bwdet_get_nbits
                0x10080c7c       0x20 .\CortexM4\ARM_GCC_541\Release\bwdet.o
                0x10080c7c                lc3_bwdet_get_nbits
 .text.lc3_bwdet_put_bw
                0x10080c9c       0x32 .\CortexM4\ARM_GCC_541\Release\bwdet.o
                0x10080c9c                lc3_bwdet_put_bw
 *fill*         0x10080cce        0x2 
 .text.lc3_energy_compute
                0x10080cd0       0xc0 .\CortexM4\ARM_GCC_541\Release\energy.o
                0x10080cd0                lc3_energy_compute
 .text.load_s16
                0x10080d90       0x50 .\CortexM4\ARM_GCC_541\Release\lc3.o
 .text.load_s24
                0x10080de0       0x5c .\CortexM4\ARM_GCC_541\Release\lc3.o
 .text.load_s24_3le
                0x10080e3c       0x6c .\CortexM4\ARM_GCC_541\Release\lc3.o
 .text.load_float
                0x10080ea8       0x78 .\CortexM4\ARM_GCC_541\Release\lc3.o
 .text.store_s16
                0x10080f20       0x70 .\CortexM4\ARM_GCC_541\Release\lc3.o
 .text.store_s24
                0x10080f90       0x94 .\CortexM4\ARM_GCC_541\Release\lc3.o
 .text.store_s24_3le
                0x10081024       0x9c .\CortexM4\ARM_GCC_541\Release\lc3.o
 .text.store_float
                0x100810c0       0x54 .\CortexM4\ARM_GCC_541\Release\lc3.o
 .text.resolve_dt
                0x10081114       0x34 .\CortexM4\ARM_GCC_541\Release\lc3.o
 .text.resolve_srate
                0x10081148       0x58 .\CortexM4\ARM_GCC_541\Release\lc3.o
 .text.lc3_hr_setup_encoder
                0x100811a0       0xe8 .\CortexM4\ARM_GCC_541\Release\lc3.o
                0x100811a0                lc3_hr_setup_encoder
 .text.lc3_setup_encoder
                0x10081288       0x16 .\CortexM4\ARM_GCC_541\Release\lc3.o
                0x10081288                lc3_setup_encoder
 *fill*         0x1008129e        0x2 
 .text.lc3_encode
                0x100812a0      0x200 .\CortexM4\ARM_GCC_541\Release\lc3.o
                0x100812a0                lc3_encode
 .text.resample_x192k_12k8
                0x100814a0      0x174 .\CortexM4\ARM_GCC_541\Release\ltpf.o
 .text.resample_24k_12k8
                0x10081614       0x1c .\CortexM4\ARM_GCC_541\Release\ltpf.o
 .text.resample_48k_12k8
                0x10081630       0x1c .\CortexM4\ARM_GCC_541\Release\ltpf.o
 .text.resample_96k_12k8
                0x1008164c       0x1c .\CortexM4\ARM_GCC_541\Release\ltpf.o
 .text.dot      0x10081668       0x40 .\CortexM4\ARM_GCC_541\Release\ltpf.o
 .text.interpolate
                0x100816a8       0xcc .\CortexM4\ARM_GCC_541\Release\ltpf.o
 .text.interpolate_corr
                0x10081774       0xa8 .\CortexM4\ARM_GCC_541\Release\ltpf.o
 .text.synthesize_template
                0x1008181c      0x1b4 .\CortexM4\ARM_GCC_541\Release\ltpf.o
 .text.synthesize_4
                0x100819d0       0x20 .\CortexM4\ARM_GCC_541\Release\ltpf.o
 .text.synthesize_6
                0x100819f0       0x20 .\CortexM4\ARM_GCC_541\Release\ltpf.o
 .text.synthesize_8
                0x10081a10       0x20 .\CortexM4\ARM_GCC_541\Release\ltpf.o
 .text.synthesize_12
                0x10081a30       0x20 .\CortexM4\ARM_GCC_541\Release\ltpf.o
 .text.resample_x64k_12k8
                0x10081a50      0x138 .\CortexM4\ARM_GCC_541\Release\ltpf.o
 .text.resample_8k_12k8
                0x10081b88       0x1c .\CortexM4\ARM_GCC_541\Release\ltpf.o
 .text.resample_16k_12k8
                0x10081ba4       0x1c .\CortexM4\ARM_GCC_541\Release\ltpf.o
 .text.resample_32k_12k8
                0x10081bc0       0x1c .\CortexM4\ARM_GCC_541\Release\ltpf.o
 .text.lc3_ltpf_analyse
                0x10081bdc      0x4c0 .\CortexM4\ARM_GCC_541\Release\ltpf.o
                0x10081bdc                lc3_ltpf_analyse
 .text.lc3_ltpf_disable
                0x1008209c        0x6 .\CortexM4\ARM_GCC_541\Release\ltpf.o
                0x1008209c                lc3_ltpf_disable
 .text.lc3_ltpf_get_nbits
                0x100820a2        0x8 .\CortexM4\ARM_GCC_541\Release\ltpf.o
                0x100820a2                lc3_ltpf_get_nbits
 .text.lc3_ltpf_put_data
                0x100820aa       0x46 .\CortexM4\ARM_GCC_541\Release\ltpf.o
                0x100820aa                lc3_ltpf_put_data
 .text.fft      0x100820f0      0x4c8 .\CortexM4\ARM_GCC_541\Release\mdct.o
 .text.rescale  0x100825b8       0x42 .\CortexM4\ARM_GCC_541\Release\mdct.o
 *fill*         0x100825fa        0x2 
 .text.lc3_mdct_forward
                0x100825fc      0x338 .\CortexM4\ARM_GCC_541\Release\mdct.o
                0x100825fc                lc3_mdct_forward
 .text.add_pulse
                0x10082934       0xd0 .\CortexM4\ARM_GCC_541\Release\sns.o
 .text.unquantize
                0x10082a04       0xa0 .\CortexM4\ARM_GCC_541\Release\sns.o
 .text.enum_mvpq
                0x10082aa4       0x80 .\CortexM4\ARM_GCC_541\Release\sns.o
 .text.normalize
                0x10082b24       0x54 .\CortexM4\ARM_GCC_541\Release\sns.o
 .text.spectral_shaping
                0x10082b78      0x230 .\CortexM4\ARM_GCC_541\Release\sns.o
 .text.lc3_put_bits
                0x10082da8       0x20 .\CortexM4\ARM_GCC_541\Release\sns.o
 .text.lc3_sns_analyze
                0x10082dc8      0x818 .\CortexM4\ARM_GCC_541\Release\sns.o
                0x10082dc8                lc3_sns_analyze
 .text.lc3_sns_get_nbits
                0x100835e0        0x4 .\CortexM4\ARM_GCC_541\Release\sns.o
                0x100835e0                lc3_sns_get_nbits
 .text.lc3_sns_put_data
                0x100835e4       0xa8 .\CortexM4\ARM_GCC_541\Release\sns.o
                0x100835e4                lc3_sns_put_data
 .text.resolve_gain_offset
                0x1008368c       0x34 .\CortexM4\ARM_GCC_541\Release\spec.o
 .text.unquantize_gain
                0x100836c0       0x3c .\CortexM4\ARM_GCC_541\Release\spec.o
 .text.quantize
                0x100836fc       0x7c .\CortexM4\ARM_GCC_541\Release\spec.o
 .text.compute_nbits
                0x10083778      0x22c .\CortexM4\ARM_GCC_541\Release\spec.o
 .text.get_nbits_nq
                0x100839a4       0x38 .\CortexM4\ARM_GCC_541\Release\spec.o
 .text.estimate_gain
                0x100839dc      0x3e8 .\CortexM4\ARM_GCC_541\Release\spec.o
 .text.lc3_put_bits
                0x10083dc4       0x20 .\CortexM4\ARM_GCC_541\Release\spec.o
 .text.lc3_put_bit
                0x10083de4        0x6 .\CortexM4\ARM_GCC_541\Release\spec.o
 .text.lc3_put_symbol
                0x10083dea       0x38 .\CortexM4\ARM_GCC_541\Release\spec.o
 *fill*         0x10083e22        0x2 
 .text.lc3_spec_analyze
                0x10083e24      0x26c .\CortexM4\ARM_GCC_541\Release\spec.o
                0x10083e24                lc3_spec_analyze
 .text.lc3_spec_put_side
                0x10084090       0x3a .\CortexM4\ARM_GCC_541\Release\spec.o
                0x10084090                lc3_spec_put_side
 *fill*         0x100840ca        0x2 
 .text.lc3_spec_encode
                0x100840cc      0x488 .\CortexM4\ARM_GCC_541\Release\spec.o
                0x100840cc                lc3_spec_encode
 .text.unquantize_rc
                0x10084554       0x34 .\CortexM4\ARM_GCC_541\Release\tns.o
 .text.lc3_put_symbol
                0x10084588       0x38 .\CortexM4\ARM_GCC_541\Release\tns.o
 .text.lc3_tns_analyze
                0x100845c0      0x628 .\CortexM4\ARM_GCC_541\Release\tns.o
                0x100845c0                lc3_tns_analyze
 .text.lc3_tns_get_nbits
                0x10084be8       0x78 .\CortexM4\ARM_GCC_541\Release\tns.o
                0x10084be8                lc3_tns_get_nbits
 .text.lc3_tns_put_data
                0x10084c60       0x98 .\CortexM4\ARM_GCC_541\Release\tns.o
                0x10084c60                lc3_tns_put_data
 .text.Cy_SysClk_ClkPeriGetDivider
                0x10084cf8       0x14 .\CortexM4\ARM_GCC_541\Release\cy_flash.o
 .text.Cy_SysClk_ClkSlowGetDivider
                0x10084d0c       0x18 .\CortexM4\ARM_GCC_541\Release\cy_flash.o
 .text.Cy_IPC_Drv_GetIpcBaseAddress
                0x10084d24       0x14 .\CortexM4\ARM_GCC_541\Release\cy_flash.o
 .text.Cy_IPC_Drv_IsLockAcquired
                0x10084d38       0x14 .\CortexM4\ARM_GCC_541\Release\cy_flash.o
 .text.Cy_Flash_ProcessOpcode
                0x10084d4c       0xa4 .\CortexM4\ARM_GCC_541\Release\cy_flash.o
 .text.Cy_Flash_OperationStatus
                0x10084df0       0x38 .\CortexM4\ARM_GCC_541\Release\cy_flash.o
 .text.Cy_Flash_InitExt
                0x10084e28       0x78 .\CortexM4\ARM_GCC_541\Release\cy_flash.o
                0x10084e28                Cy_Flash_InitExt
 .text.Cy_Flash_Init
                0x10084ea0        0xc .\CortexM4\ARM_GCC_541\Release\cy_flash.o
                0x10084ea0                Cy_Flash_Init
 .text.Cy_IPC_Drv_LockRelease
                0x10084eac       0x20 .\CortexM4\ARM_GCC_541\Release\cy_ipc_drv.o
                0x10084eac                Cy_IPC_Drv_LockRelease
 .text.Cy_IPC_Drv_SendMsgWord
                0x10084ecc       0x18 .\CortexM4\ARM_GCC_541\Release\cy_ipc_drv.o
                0x10084ecc                Cy_IPC_Drv_SendMsgWord
 .text.Cy_IPC_Drv_ReadMsgWord
                0x10084ee4       0x20 .\CortexM4\ARM_GCC_541\Release\cy_ipc_drv.o
                0x10084ee4                Cy_IPC_Drv_ReadMsgWord
 .text.Cy_IPC_Sema_InitExt
                0x10084f04       0x68 .\CortexM4\ARM_GCC_541\Release\cy_ipc_sema.o
                0x10084f04                Cy_IPC_Sema_InitExt
 .text.Cy_IPC_Sema_Init
                0x10084f6c       0x44 .\CortexM4\ARM_GCC_541\Release\cy_ipc_sema.o
                0x10084f6c                Cy_IPC_Sema_Init
 .text.Cy_IPC_Sema_Clear
                0x10084fb0       0x84 .\CortexM4\ARM_GCC_541\Release\cy_ipc_sema.o
                0x10084fb0                Cy_IPC_Sema_Clear
 .text.Cy_IPC_Sema_Status
                0x10085034       0x40 .\CortexM4\ARM_GCC_541\Release\cy_ipc_sema.o
                0x10085034                Cy_IPC_Sema_Status
 .text.Cy_IPC_Pipe_Config
                0x10085074       0x10 .\CortexM4\ARM_GCC_541\Release\cy_ipc_pipe.o
                0x10085074                Cy_IPC_Pipe_Config
 .text.Cy_IPC_Pipe_EndpointInit
                0x10085084       0x60 .\CortexM4\ARM_GCC_541\Release\cy_ipc_pipe.o
                0x10085084                Cy_IPC_Pipe_EndpointInit
 .text.Cy_IPC_Pipe_Init
                0x100850e4       0x68 .\CortexM4\ARM_GCC_541\Release\cy_ipc_pipe.o
                0x100850e4                Cy_IPC_Pipe_Init
 .text.Cy_IPC_Pipe_SendMessage
                0x1008514c       0x58 .\CortexM4\ARM_GCC_541\Release\cy_ipc_pipe.o
                0x1008514c                Cy_IPC_Pipe_SendMessage
 .text.Cy_IPC_Pipe_RegisterCallback
                0x100851a4       0x28 .\CortexM4\ARM_GCC_541\Release\cy_ipc_pipe.o
                0x100851a4                Cy_IPC_Pipe_RegisterCallback
 .text.Cy_IPC_Pipe_ExecCallback
                0x100851cc       0x78 .\CortexM4\ARM_GCC_541\Release\cy_ipc_pipe.o
                0x100851cc                Cy_IPC_Pipe_ExecCallback
 .text.Cy_IPC_Pipe_ExecuteCallback
                0x10085244       0x14 .\CortexM4\ARM_GCC_541\Release\cy_ipc_pipe.o
                0x10085244                Cy_IPC_Pipe_ExecuteCallback
 .text.Cy_SysInt_SetVector
                0x10085258       0x2c .\CortexM4\ARM_GCC_541\Release\cy_sysint.o
                0x10085258                Cy_SysInt_SetVector
 .text.Cy_SysInt_Init
                0x10085284       0x5c .\CortexM4\ARM_GCC_541\Release\cy_sysint.o
                0x10085284                Cy_SysInt_Init
 .text.Cy_SysLib_ProcessingFault
                0x100852e0        0x2 .\CortexM4\ARM_GCC_541\Release\cy_syslib.o
                0x100852e0                Cy_SysLib_ProcessingFault
 *fill*         0x100852e2        0x2 
 .text.Cy_SysLib_FaultHandler
                0x100852e4       0x98 .\CortexM4\ARM_GCC_541\Release\cy_syslib.o
                0x100852e4                Cy_SysLib_FaultHandler
 *fill*         0x1008537c        0x4 
 .text          0x10085380       0x20 .\CortexM4\ARM_GCC_541\Release\cy_syslib_gcc.o
                0x10085380                Cy_SysLib_DelayCycles
                0x10085392                Cy_SysLib_EnterCriticalSection
                0x1008539a                Cy_SysLib_ExitCriticalSection
 .text.Cy_SysLib_GetDeviceRevision
                0x100853a0       0x12 .\CortexM4\ARM_GCC_541\Release\cy_syspm.o
 *fill*         0x100853b2        0x2 
 .text.Cy_PDL_Init
                0x100853b4        0xc .\CortexM4\ARM_GCC_541\Release\cy_device.o
                0x100853b4                Cy_PDL_Init
 .text.Cy_SCB_WriteString
                0x100853c0       0x2c .\CortexM4\ARM_GCC_541\Release\cy_scb_common.o
                0x100853c0                Cy_SCB_WriteString
 .text          0x100853ec      0x370 c:/program files (x86)/cypress/psoc creator/4.4/psoc creator/import/gnu/arm/5.4.1/bin/../lib/gcc/arm-none-eabi/5.4.1/armv7e-m/softfp\libgcc.a(_arm_addsubdf3.o)
                0x100853ec                __aeabi_drsub
                0x100853f4                __aeabi_dsub
                0x100853f4                __subdf3
                0x100853f8                __aeabi_dadd
                0x100853f8                __adddf3
                0x10085670                __floatunsidf
                0x10085670                __aeabi_ui2d
                0x10085690                __floatsidf
                0x10085690                __aeabi_i2d
                0x100856b4                __aeabi_f2d
                0x100856b4                __extendsfdf2
                0x100856f0                __floatundidf
                0x100856f0                __aeabi_ul2d
                0x10085700                __floatdidf
                0x10085700                __aeabi_l2d
 .text          0x1008575c      0x424 c:/program files (x86)/cypress/psoc creator/4.4/psoc creator/import/gnu/arm/5.4.1/bin/../lib/gcc/arm-none-eabi/5.4.1/armv7e-m/softfp\libgcc.a(_arm_muldivdf3.o)
                0x1008575c                __aeabi_dmul
                0x1008575c                __muldf3
                0x100859b0                __divdf3
                0x100859b0                __aeabi_ddiv
 .text.memcpy   0x10085b80       0x16 c:/program files (x86)/cypress/psoc creator/4.4/psoc creator/import/gnu/arm/5.4.1/bin/../lib/gcc/arm-none-eabi/5.4.1/../../../../arm-none-eabi/lib/armv7e-m/softfp\libg_nano.a(lib_a-memcpy-stub.o)
                0x10085b80                memcpy
 .text.memmove  0x10085b96       0x36 c:/program files (x86)/cypress/psoc creator/4.4/psoc creator/import/gnu/arm/5.4.1/bin/../lib/gcc/arm-none-eabi/5.4.1/../../../../arm-none-eabi/lib/armv7e-m/softfp\libg_nano.a(lib_a-memmove.o)
                0x10085b96                memmove
 .text.memset   0x10085bcc       0x10 c:/program files (x86)/cypress/psoc creator/4.4/psoc creator/import/gnu/arm/5.4.1/bin/../lib/gcc/arm-none-eabi/5.4.1/../../../../arm-none-eabi/lib/armv7e-m/softfp\libg_nano.a(lib_a-memset.o)
                0x10085bcc                memset
 .text.srand    0x10085bdc       0x50 c:/program files (x86)/cypress/psoc creator/4.4/psoc creator/import/gnu/arm/5.4.1/bin/../lib/gcc/arm-none-eabi/5.4.1/../../../../arm-none-eabi/lib/armv7e-m/softfp\libg_nano.a(lib_a-rand.o)
                0x10085bdc                srand
 .text.rand     0x10085c2c       0x74 c:/program files (x86)/cypress/psoc creator/4.4/psoc creator/import/gnu/arm/5.4.1/bin/../lib/gcc/arm-none-eabi/5.4.1/../../../../arm-none-eabi/lib/armv7e-m/softfp\libg_nano.a(lib_a-rand.o)
                0x10085c2c                rand
 .text.snprintf
                0x10085ca0       0x64 c:/program files (x86)/cypress/psoc creator/4.4/psoc creator/import/gnu/arm/5.4.1/bin/../lib/gcc/arm-none-eabi/5.4.1/../../../../arm-none-eabi/lib/armv7e-m/softfp\libg_nano.a(lib_a-snprintf.o)
                0x10085ca0                sniprintf
                0x10085ca0                snprintf
 .text.time     0x10085d04       0x28 c:/program files (x86)/cypress/psoc creator/4.4/psoc creator/import/gnu/arm/5.4.1/bin/../lib/gcc/arm-none-eabi/5.4.1/../../../../arm-none-eabi/lib/armv7e-m/softfp\libg_nano.a(lib_a-time.o)
                0x10085d04                time
 .text._gettimeofday_r
                0x10085d2c       0x24 c:/program files (x86)/cypress/psoc creator/4.4/psoc creator/import/gnu/arm/5.4.1/bin/../lib/gcc/arm-none-eabi/5.4.1/../../../../arm-none-eabi/lib/armv7e-m/softfp\libg_nano.a(lib_a-gettimeofdayr.o)
                0x10085d2c                _gettimeofday_r
 .text.malloc   0x10085d50       0x10 c:/program files (x86)/cypress/psoc creator/4.4/psoc creator/import/gnu/arm/5.4.1/bin/../lib/gcc/arm-none-eabi/5.4.1/../../../../arm-none-eabi/lib/armv7e-m/softfp\libg_nano.a(lib_a-malloc.o)
                0x10085d50                malloc
 .text._free_r  0x10085d60       0x9c c:/program files (x86)/cypress/psoc creator/4.4/psoc creator/import/gnu/arm/5.4.1/bin/../lib/gcc/arm-none-eabi/5.4.1/../../../../arm-none-eabi/lib/armv7e-m/softfp\libg_nano.a(lib_a-nano-freer.o)
                0x10085d60                _free_r
 .text._malloc_r
                0x10085dfc       0xbc c:/program files (x86)/cypress/psoc creator/4.4/psoc creator/import/gnu/arm/5.4.1/bin/../lib/gcc/arm-none-eabi/5.4.1/../../../../arm-none-eabi/lib/armv7e-m/softfp\libg_nano.a(lib_a-nano-mallocr.o)
                0x10085dfc                _malloc_r
 .text.__ssputs_r
                0x10085eb8       0xb2 c:/program files (x86)/cypress/psoc creator/4.4/psoc creator/import/gnu/arm/5.4.1/bin/../lib/gcc/arm-none-eabi/5.4.1/../../../../arm-none-eabi/lib/armv7e-m/softfp\libg_nano.a(lib_a-nano-svfprintf.o)
                0x10085eb8                __ssputs_r
 *fill*         0x10085f6a        0x2 
 .text._svfprintf_r
                0x10085f6c      0x1e8 c:/program files (x86)/cypress/psoc creator/4.4/psoc creator/import/gnu/arm/5.4.1/bin/../lib/gcc/arm-none-eabi/5.4.1/../../../../arm-none-eabi/lib/armv7e-m/softfp\libg_nano.a(lib_a-nano-svfprintf.o)
                0x10085f6c                _svfiprintf_r
                0x10085f6c                _svfprintf_r
 .text._printf_common
                0x10086154       0xec c:/program files (x86)/cypress/psoc creator/4.4/psoc creator/import/gnu/arm/5.4.1/bin/../lib/gcc/arm-none-eabi/5.4.1/../../../../arm-none-eabi/lib/armv7e-m/softfp\libg_nano.a(lib_a-nano-vfprintf_i.o)
                0x10086154                _printf_common
 .text._printf_i
                0x10086240      0x24c c:/program files (x86)/cypress/psoc creator/4.4/psoc creator/import/gnu/arm/5.4.1/bin/../lib/gcc/arm-none-eabi/5.4.1/../../../../arm-none-eabi/lib/armv7e-m/softfp\libg_nano.a(lib_a-nano-vfprintf_i.o)
                0x10086240                _printf_i
 .text._sbrk_r  0x1008648c       0x20 c:/program files (x86)/cypress/psoc creator/4.4/psoc creator/import/gnu/arm/5.4.1/bin/../lib/gcc/arm-none-eabi/5.4.1/../../../../arm-none-eabi/lib/armv7e-m/softfp\libg_nano.a(lib_a-sbrkr.o)
                0x1008648c                _sbrk_r
 *fill*         0x100864ac        0x4 
 .text          0x100864b0       0xa0 c:/program files (x86)/cypress/psoc creator/4.4/psoc creator/import/gnu/arm/5.4.1/bin/../lib/gcc/arm-none-eabi/5.4.1/../../../../arm-none-eabi/lib/armv7e-m/softfp\libg_nano.a(lib_a-memchr.o)
                0x100864b0                memchr
 .text.__malloc_lock
                0x10086550        0x2 c:/program files (x86)/cypress/psoc creator/4.4/psoc creator/import/gnu/arm/5.4.1/bin/../lib/gcc/arm-none-eabi/5.4.1/../../../../arm-none-eabi/lib/armv7e-m/softfp\libg_nano.a(lib_a-mlock.o)
                0x10086550                __malloc_lock
 .text.__malloc_unlock
                0x10086552        0x2 c:/program files (x86)/cypress/psoc creator/4.4/psoc creator/import/gnu/arm/5.4.1/bin/../lib/gcc/arm-none-eabi/5.4.1/../../../../arm-none-eabi/lib/armv7e-m/softfp\libg_nano.a(lib_a-mlock.o)
                0x10086552                __malloc_unlock
 .text._realloc_r
                0x10086554       0x4c c:/program files (x86)/cypress/psoc creator/4.4/psoc creator/import/gnu/arm/5.4.1/bin/../lib/gcc/arm-none-eabi/5.4.1/../../../../arm-none-eabi/lib/armv7e-m/softfp\libg_nano.a(lib_a-nano-reallocr.o)
                0x10086554                _realloc_r
 .text._malloc_usable_size_r
                0x100865a0       0x14 c:/program files (x86)/cypress/psoc creator/4.4/psoc creator/import/gnu/arm/5.4.1/bin/../lib/gcc/arm-none-eabi/5.4.1/../../../../arm-none-eabi/lib/armv7e-m/softfp\libg_nano.a(lib_a-nano-msizer.o)
                0x100865a0                _malloc_usable_size_r
 .text._gettimeofday
                0x100865b4       0x10 c:/program files (x86)/cypress/psoc creator/4.4/psoc creator/import/gnu/arm/5.4.1/bin/../lib/gcc/arm-none-eabi/5.4.1/../../../../arm-none-eabi/lib/armv7e-m/softfp\libnosys.a(gettod.o)
                0x100865b4                _gettimeofday
 .text._sbrk    0x100865c4       0x1c c:/program files (x86)/cypress/psoc creator/4.4/psoc creator/import/gnu/arm/5.4.1/bin/../lib/gcc/arm-none-eabi/5.4.1/../../../../arm-none-eabi/lib/armv7e-m/softfp\libnosys.a(sbrk.o)
                0x100865c4                _sbrk
 .text.floorf   0x100865e0       0xa8 c:/program files (x86)/cypress/psoc creator/4.4/psoc creator/import/gnu/arm/5.4.1/bin/../lib/gcc/arm-none-eabi/5.4.1/../../../../arm-none-eabi/lib/armv7e-m/softfp\libm.a(lib_a-sf_floor.o)
                0x100865e0                floorf
 .text.fmaxf    0x10086688       0x3c c:/program files (x86)/cypress/psoc creator/4.4/psoc creator/import/gnu/arm/5.4.1/bin/../lib/gcc/arm-none-eabi/5.4.1/../../../../arm-none-eabi/lib/armv7e-m/softfp\libm.a(lib_a-sf_fmax.o)
                0x10086688                fmaxf
 .text.fminf    0x100866c4       0x3c c:/program files (x86)/cypress/psoc creator/4.4/psoc creator/import/gnu/arm/5.4.1/bin/../lib/gcc/arm-none-eabi/5.4.1/../../../../arm-none-eabi/lib/armv7e-m/softfp\libm.a(lib_a-sf_fmin.o)
                0x100866c4                fminf
 .text.__fpclassifyf
                0x10086700       0x34 c:/program files (x86)/cypress/psoc creator/4.4/psoc creator/import/gnu/arm/5.4.1/bin/../lib/gcc/arm-none-eabi/5.4.1/../../../../arm-none-eabi/lib/armv7e-m/softfp\libm.a(lib_a-sf_fpclassify.o)
                0x10086700                __fpclassifyf
 .text.roundf   0x10086734       0x74 c:/program files (x86)/cypress/psoc creator/4.4/psoc creator/import/gnu/arm/5.4.1/bin/../lib/gcc/arm-none-eabi/5.4.1/../../../../arm-none-eabi/lib/armv7e-m/softfp\libm.a(lib_a-sf_round.o)
                0x10086734                roundf
 .text.truncf   0x100867a8       0x28 c:/program files (x86)/cypress/psoc creator/4.4/psoc creator/import/gnu/arm/5.4.1/bin/../lib/gcc/arm-none-eabi/5.4.1/../../../../arm-none-eabi/lib/armv7e-m/softfp\libm.a(lib_a-sf_trunc.o)
                0x100867a8                truncf
 .text.sqrtf    0x100867d0       0xa8 c:/program files (x86)/cypress/psoc creator/4.4/psoc creator/import/gnu/arm/5.4.1/bin/../lib/gcc/arm-none-eabi/5.4.1/../../../../arm-none-eabi/lib/armv7e-m/softfp\libm.a(lib_a-wf_sqrt.o)
                0x100867d0                sqrtf
 .text.__ieee754_sqrtf
                0x10086878       0xac c:/program files (x86)/cypress/psoc creator/4.4/psoc creator/import/gnu/arm/5.4.1/bin/../lib/gcc/arm-none-eabi/5.4.1/../../../../arm-none-eabi/lib/armv7e-m/softfp\libm.a(lib_a-ef_sqrt.o)
                0x10086878                __ieee754_sqrtf
 .text.matherr  0x10086924        0x4 c:/program files (x86)/cypress/psoc creator/4.4/psoc creator/import/gnu/arm/5.4.1/bin/../lib/gcc/arm-none-eabi/5.4.1/../../../../arm-none-eabi/lib/armv7e-m/softfp\libm.a(lib_a-s_matherr.o)
                0x10086924                matherr
 .text          0x10086928       0xa0 c:/program files (x86)/cypress/psoc creator/4.4/psoc creator/import/gnu/arm/5.4.1/bin/../lib/gcc/arm-none-eabi/5.4.1/armv7e-m/softfp\libgcc.a(_arm_truncdfsf2.o)
                0x10086928                __truncdfsf2
                0x10086928                __aeabi_d2f
 .text.__errno  0x100869c8        0xc c:/program files (x86)/cypress/psoc creator/4.4/psoc creator/import/gnu/arm/5.4.1/bin/../lib/gcc/arm-none-eabi/5.4.1/../../../../arm-none-eabi/lib/armv7e-m/softfp\libc.a(lib_a-errno.o)
                0x100869c8                __errno
 *(.init)
 .init          0x100869d4        0x4 c:/program files (x86)/cypress/psoc creator/4.4/psoc creator/import/gnu/arm/5.4.1/bin/../lib/gcc/arm-none-eabi/5.4.1/armv7e-m/softfp/crti.o
                0x100869d4                _init
 .init          0x100869d8        0x8 c:/program files (x86)/cypress/psoc creator/4.4/psoc creator/import/gnu/arm/5.4.1/bin/../lib/gcc/arm-none-eabi/5.4.1/armv7e-m/softfp/crtn.o
 *(.fini)
 .fini          0x100869e0        0x4 c:/program files (x86)/cypress/psoc creator/4.4/psoc creator/import/gnu/arm/5.4.1/bin/../lib/gcc/arm-none-eabi/5.4.1/armv7e-m/softfp/crti.o
                0x100869e0                _fini
 .fini          0x100869e4        0x8 c:/program files (x86)/cypress/psoc creator/4.4/psoc creator/import/gnu/arm/5.4.1/bin/../lib/gcc/arm-none-eabi/5.4.1/armv7e-m/softfp/crtn.o
 *crtbegin.o(.ctors)
 *crtbegin?.o(.ctors)
 *(EXCLUDE_FILE(*crtend.o *crtend?.o) .ctors)
 *(SORT(.ctors.*))
 *(.ctors)
 *crtbegin.o(.dtors)
 *crtbegin?.o(.dtors)
 *(EXCLUDE_FILE(*crtend.o *crtend?.o) .dtors)
 *(SORT(.dtors.*))
 *(.dtors)
 *(.rodata .rodata.* .constdata .constdata.* .conststring .conststring.*)
 .rodata.str1.1
                0x100869ec       0x37 .\CortexM4\ARM_GCC_541\Release\main_cm4.o
 *fill*         0x10086a23        0x1 
 .rodata        0x10086a24       0x34 .\CortexM4\ARM_GCC_541\Release\system_psoc6_cm4.o
 .rodata        0x10086a58      0x160 .\CortexM4\ARM_GCC_541\Release\bwdet.o
 .rodata        0x10086bb8       0x10 .\CortexM4\ARM_GCC_541\Release\energy.o
 .rodata        0x10086bc8       0x20 .\CortexM4\ARM_GCC_541\Release\lc3.o
 .rodata        0x10086be8      0x850 .\CortexM4\ARM_GCC_541\Release\ltpf.o
 .rodata        0x10087438      0xa4c .\CortexM4\ARM_GCC_541\Release\sns.o
 .rodata        0x10087e84      0x164 .\CortexM4\ARM_GCC_541\Release\spec.o
 .rodata        0x10087fe8    0x135b0 .\CortexM4\ARM_GCC_541\Release\tables.o
                0x10087fe8                lc3_spectrum_bits
                0x10088868                lc3_spectrum_models
                0x10089968                lc3_spectrum_lookup
                0x1008ada8                lc3_tns_coeffs_bits
                0x1008aeb8                lc3_tns_coeffs_models
                0x1008b0d8                lc3_tns_order_bits
                0x1008b0f8                lc3_tns_order_models
                0x1008b180                lc3_sns_mpvq_offsets
                0x1008b440                lc3_sns_vq_gains
                0x1008b4a8                lc3_sns_hfcb
                0x1008b8a8                lc3_sns_lfcb
                0x1008bca8                lc3_num_bands
                0x1009b504                lc3_frame_bytes_hr_lim
                0x1009b544                lc3_ns_4m
                0x1009b560                lc3_ne_2m5
                0x1009b57c                lc3_ns_2m5
 .rodata        0x1009b598      0x1c0 .\CortexM4\ARM_GCC_541\Release\tns.o
 .rodata        0x1009b758      0x170 .\CortexM4\ARM_GCC_541\Release\cy_device.o
                0x1009b758                cy_deviceIpBlockCfgPSoC6_02
                0x1009b810                cy_deviceIpBlockCfgPSoC6_01
 .rodata.str1.1
                0x1009b8c8        0x2 c:/program files (x86)/cypress/psoc creator/4.4/psoc creator/import/gnu/arm/5.4.1/bin/../lib/gcc/arm-none-eabi/5.4.1/../../../../arm-none-eabi/lib/armv7e-m/softfp\libg_nano.a(lib_a-impure.o)
 .rodata.str1.1
                0x1009b8ca       0x11 c:/program files (x86)/cypress/psoc creator/4.4/psoc creator/import/gnu/arm/5.4.1/bin/../lib/gcc/arm-none-eabi/5.4.1/../../../../arm-none-eabi/lib/armv7e-m/softfp\libg_nano.a(lib_a-nano-svfprintf.o)
 .rodata.str1.1
                0x1009b8db       0x22 c:/program files (x86)/cypress/psoc creator/4.4/psoc creator/import/gnu/arm/5.4.1/bin/../lib/gcc/arm-none-eabi/5.4.1/../../../../arm-none-eabi/lib/armv7e-m/softfp\libg_nano.a(lib_a-nano-vfprintf_i.o)
 *fill*         0x1009b8fd        0x3 
 .rodata.str1.4
                0x1009b900        0x8 c:/program files (x86)/cypress/psoc creator/4.4/psoc creator/import/gnu/arm/5.4.1/bin/../lib/gcc/arm-none-eabi/5.4.1/../../../../arm-none-eabi/lib/armv7e-m/softfp\libm.a(lib_a-wf_sqrt.o)
                                  0x6 (size before relaxing)
 *(.eh_frame*)
 .eh_frame      0x1009b908        0x0 c:/program files (x86)/cypress/psoc creator/4.4/psoc creator/import/gnu/arm/5.4.1/bin/../lib/gcc/arm-none-eabi/5.4.1/armv7e-m/softfp/crtbegin.o
 .eh_frame      0x1009b908        0x4 c:/program files (x86)/cypress/psoc creator/4.4/psoc creator/import/gnu/arm/5.4.1/bin/../lib/gcc/arm-none-eabi/5.4.1/armv7e-m/softfp/crtend.o

.glue_7         0x1009b90c        0x0
 .glue_7        0x1009b90c        0x0 linker stubs

.glue_7t        0x1009b90c        0x0
 .glue_7t       0x1009b90c        0x0 linker stubs

.vfp11_veneer   0x1009b90c        0x0
 .vfp11_veneer  0x1009b90c        0x0 linker stubs

.v4_bx          0x1009b90c        0x0
 .v4_bx         0x1009b90c        0x0 linker stubs

.iplt           0x1009b90c        0x0
 .iplt          0x1009b90c        0x0 c:/program files (x86)/cypress/psoc creator/4.4/psoc creator/import/gnu/arm/5.4.1/bin/../lib/gcc/arm-none-eabi/5.4.1/armv7e-m/softfp/crtbegin.o

.ARM.extab
 *(.ARM.extab* .gnu.linkonce.armextab.*)
                0x1009b90c                __exidx_start = .

.ARM.exidx
 *(.ARM.exidx* .gnu.linkonce.armexidx.*)
                0x1009b90c                __exidx_end = .

.copy.table     0x1009b90c       0x18
                0x1009b90c                . = ALIGN (0x4)
                0x1009b90c                __copy_table_start__ = .
                0x1009b90c        0x4 LONG 0x10080000 __Vectors
                0x1009b910        0x4 LONG 0x8024000 __ram_vectors_start__
                0x1009b914        0x4 LONG 0x28c (__Vectors_End - __Vectors)
                0x1009b918        0x4 LONG 0x1009b92c __etext
                0x1009b91c        0x4 LONG 0x802428c __data_start__
                0x1009b920        0x4 LONG 0xb9c (__data_end__ - __data_start__)
                0x1009b924                __copy_table_end__ = .

.zero.table     0x1009b924        0x8
                0x1009b924                . = ALIGN (0x4)
                0x1009b924                __zero_table_start__ = .
                0x1009b924        0x4 LONG 0x8024ea0 __bss_start__
                0x1009b928        0x4 LONG 0x1af4 (__bss_end__ - __bss_start__)
                0x1009b92c                __zero_table_end__ = .
                0x1009b92c                __etext = .

.ramVectors     0x08024000      0x28c
                0x08024000                __ram_vectors_start__ = .
 *(.ram_vectors)
 .ram_vectors   0x08024000      0x28c .\CortexM4\ARM_GCC_541\Release\startup_psoc6_01_cm4.o
                0x08024000                __ramVectors
                0x0802428c                __ram_vectors_end__ = .

.data           0x0802428c      0xb9c load address 0x1009b92c
                0x0802428c                __data_start__ = .
 *(vtable)
 *(.data*)
 .data          0x0802428c       0x20 .\CortexM4\ARM_GCC_541\Release\system_psoc6_cm4.o
                0x0802428c                cy_BleEcoClockFreqHz
                0x08024290                cy_Hfclk0FreqHz
                0x08024294                cy_PeriClkFreqHz
                0x08024298                SystemCoreClock
                0x0802429c                cy_delayFreqHz
                0x080242a0                cy_delayFreqMhz
                0x080242a4                cy_delayFreqKhz
                0x080242a8                cy_delay32kMs
 .data          0x080242ac      0x634 .\CortexM4\ARM_GCC_541\Release\tables.o
                0x080242ac                lc3_ltpf_cden
                0x0802431c                lc3_ltpf_cnum
                0x0802438c                lc3_band_lim
                0x080243fc                lc3_mdct_win
                0x0802446c                lc3_mdct_rot
                0x080244dc                lc3_fft_twiddles_bf2
                0x08024518                lc3_fft_twiddles_bf3
 .data.impure_data
                0x080248e0       0x60 c:/program files (x86)/cypress/psoc creator/4.4/psoc creator/import/gnu/arm/5.4.1/bin/../lib/gcc/arm-none-eabi/5.4.1/../../../../arm-none-eabi/lib/armv7e-m/softfp\libg_nano.a(lib_a-impure.o)
 .data._impure_ptr
                0x08024940        0x4 c:/program files (x86)/cypress/psoc creator/4.4/psoc creator/import/gnu/arm/5.4.1/bin/../lib/gcc/arm-none-eabi/5.4.1/../../../../arm-none-eabi/lib/armv7e-m/softfp\libg_nano.a(lib_a-impure.o)
                0x08024940                _impure_ptr
 .data.__fdlib_version
                0x08024944        0x1 c:/program files (x86)/cypress/psoc creator/4.4/psoc creator/import/gnu/arm/5.4.1/bin/../lib/gcc/arm-none-eabi/5.4.1/../../../../arm-none-eabi/lib/armv7e-m/softfp\libm.a(lib_a-s_lib_ver.o)
                0x08024944                __fdlib_version
                0x08024948                . = ALIGN (0x4)
 *fill*         0x08024945        0x3 
                0x08024948                PROVIDE (__preinit_array_start, .)
 *(.preinit_array)
                0x08024948                PROVIDE (__preinit_array_end, .)
                0x08024948                . = ALIGN (0x4)
                0x08024948                PROVIDE (__init_array_start, .)
 *(SORT(.init_array.*))
 *(.init_array)
 .init_array    0x08024948        0x4 c:/program files (x86)/cypress/psoc creator/4.4/psoc creator/import/gnu/arm/5.4.1/bin/../lib/gcc/arm-none-eabi/5.4.1/armv7e-m/softfp/crtbegin.o
                0x0802494c                PROVIDE (__init_array_end, .)
                0x0802494c                . = ALIGN (0x4)
                [!provide]                PROVIDE (__fini_array_start, .)
 *(SORT(.fini_array.*))
 *(.fini_array)
 .fini_array    0x0802494c        0x4 c:/program files (x86)/cypress/psoc creator/4.4/psoc creator/import/gnu/arm/5.4.1/bin/../lib/gcc/arm-none-eabi/5.4.1/armv7e-m/softfp/crtbegin.o
                [!provide]                PROVIDE (__fini_array_end, .)
 *(.jcr*)
 .jcr           0x08024950        0x0 c:/program files (x86)/cypress/psoc creator/4.4/psoc creator/import/gnu/arm/5.4.1/bin/../lib/gcc/arm-none-eabi/5.4.1/armv7e-m/softfp/crtbegin.o
 .jcr           0x08024950        0x4 c:/program files (x86)/cypress/psoc creator/4.4/psoc creator/import/gnu/arm/5.4.1/bin/../lib/gcc/arm-none-eabi/5.4.1/armv7e-m/softfp/crtend.o
                0x08024954                . = ALIGN (0x4)
 *(.cy_ramfunc*)
 .cy_ramfunc    0x08024954      0x240 .\CortexM4\ARM_GCC_541\Release\cy_flash.o
                0x080249de                Cy_Flash_ResumeIrqHandler
 .cy_ramfunc    0x08024b94      0x1d4 .\CortexM4\ARM_GCC_541\Release\cy_syspm.o
 .cy_ramfunc.__stub
                0x08024d68       0xc0 linker stubs
                0x08024e28                . = ALIGN (0x4)
                0x08024e28                __data_end__ = .

.igot.plt       0x08024e28        0x0 load address 0x1009c4c8
 .igot.plt      0x08024e28        0x0 c:/program files (x86)/cypress/psoc creator/4.4/psoc creator/import/gnu/arm/5.4.1/bin/../lib/gcc/arm-none-eabi/5.4.1/armv7e-m/softfp/crtbegin.o

.noinit         0x08024e28       0x78 load address 0x1009c4c8
 *(.noinit)
 .noinit        0x08024e28       0x78 .\CortexM4\ARM_GCC_541\Release\cy_syslib.o
                0x08024e28                cy_faultFrame

.bss            0x08024ea0     0x1af4 load address 0x1009c540
                0x08024ea0                . = ALIGN (0x4)
                0x08024ea0                __bss_start__ = .
 *(.bss*)
 .bss           0x08024ea0       0x1c c:/program files (x86)/cypress/psoc creator/4.4/psoc creator/import/gnu/arm/5.4.1/bin/../lib/gcc/arm-none-eabi/5.4.1/armv7e-m/softfp/crtbegin.o
 .bss           0x08024ebc      0x180 .\CortexM4\ARM_GCC_541\Release\system_psoc6_cm4.o
 .bss           0x0802503c       0x18 .\CortexM4\ARM_GCC_541\Release\cy_flash.o
 .bss           0x08025054        0xc .\CortexM4\ARM_GCC_541\Release\cy_ipc_sema.o
 .bss           0x08025060        0x4 .\CortexM4\ARM_GCC_541\Release\cy_ipc_pipe.o
 .bss           0x08025064       0x3c .\CortexM4\ARM_GCC_541\Release\cy_syspm.o
 .bss.__malloc_sbrk_start
                0x080250a0        0x4 c:/program files (x86)/cypress/psoc creator/4.4/psoc creator/import/gnu/arm/5.4.1/bin/../lib/gcc/arm-none-eabi/5.4.1/../../../../arm-none-eabi/lib/armv7e-m/softfp\libg_nano.a(lib_a-nano-mallocr.o)
                0x080250a0                __malloc_sbrk_start
 .bss.__malloc_free_list
                0x080250a4        0x4 c:/program files (x86)/cypress/psoc creator/4.4/psoc creator/import/gnu/arm/5.4.1/bin/../lib/gcc/arm-none-eabi/5.4.1/../../../../arm-none-eabi/lib/armv7e-m/softfp\libg_nano.a(lib_a-nano-mallocr.o)
                0x080250a4                __malloc_free_list
 .bss.heap_end.4169
                0x080250a8        0x4 c:/program files (x86)/cypress/psoc creator/4.4/psoc creator/import/gnu/arm/5.4.1/bin/../lib/gcc/arm-none-eabi/5.4.1/../../../../arm-none-eabi/lib/armv7e-m/softfp\libnosys.a(sbrk.o)
 *(COMMON)
 *fill*         0x080250ac        0x4 
 COMMON         0x080250b0     0x18dc .\CortexM4\ARM_GCC_541\Release\main_cm4.o
                0x080250b0                enc_mem
                0x080265c8                enc
                0x080265cc                dummy
 COMMON         0x0802698c        0x4 .\CortexM4\ARM_GCC_541\Release\cy_device.o
                0x0802698c                cy_device
 COMMON         0x08026990        0x4 c:/program files (x86)/cypress/psoc creator/4.4/psoc creator/import/gnu/arm/5.4.1/bin/../lib/gcc/arm-none-eabi/5.4.1/../../../../arm-none-eabi/lib/armv7e-m/softfp\libg_nano.a(lib_a-reent.o)
                0x08026990                errno
                0x08026994                . = ALIGN (0x4)
                0x08026994                __bss_end__ = .

.heap           0x08026998      0x400
                0x08026998                __HeapBase = .
                0x08026998                __end__ = .
                0x08026998                end = __end__
 *(.heap*)
 .heap          0x08026998      0x400 .\CortexM4\ARM_GCC_541\Release\startup_psoc6_01_cm4.o
                0x08026d98                __HeapLimit = .

.ble_connected  0x08020000        0x1
 *(.ble_connected)
 .ble_connected
                0x08020000        0x1 .\CortexM4\ARM_GCC_541\Release\main_cm4.o
                0x08020000                ble_connected

.shared_buffer  0x08020004      0x640
 *(.shared_buffer)
 .shared_buffer
                0x08020004      0x640 .\CortexM4\ARM_GCC_541\Release\main_cm4.o
                0x08020004                shared_buffer

.current_frame_reading
                0x08020644        0x4
 *(.current_frame_reading)
 .current_frame_reading
                0x08020644        0x4 .\CortexM4\ARM_GCC_541\Release\main_cm4.o
                0x08020644                current_frame_reading

.current_frame_written
                0x08020648        0x4
 *(.current_frame_written)
 .current_frame_written
                0x08020648        0x4 .\CortexM4\ARM_GCC_541\Release\main_cm4.o
                0x08020648                current_frame_written

.stack_dummy    0x08026998     0x1000
 *(.stack*)
 .stack         0x08026998     0x1000 .\CortexM4\ARM_GCC_541\Release\startup_psoc6_01_cm4.o
                0x08047800                __StackTop = (ORIGIN (ram) + LENGTH (ram))
                0x08046800                __StackLimit = (__StackTop - SIZEOF (.stack_dummy))
                0x08047800                PROVIDE (__stack, __StackTop)
                0x00000001                ASSERT ((__StackLimit >= __HeapLimit), region RAM overflowed with stack)

.cy_app_signature
 *(.cy_app_signature)

.cy_em_eeprom
 *(.cy_em_eeprom)

.cy_sflash_user_data
 *(.cy_sflash_user_data)

.cy_sflash_nar
 *(.cy_sflash_nar)

.cy_sflash_public_key
 *(.cy_sflash_public_key)

.cy_toc_part2
 *(.cy_toc_part2)

.cy_rtoc_part2
 *(.cy_rtoc_part2)

.cy_xip
 *(.cy_xip)

.cy_efuse
 *(.cy_efuse)

.cymeta         0x90500000        0xc
 *(.cymeta)
 .cymeta        0x90500000        0xc .\CortexM4\ARM_GCC_541\Release\cymetadata.o
                0x90500000                cy_metadata
                0x10000000                __cy_memory_0_start = 0x10000000
                0x00100000                __cy_memory_0_length = 0x100000
                0x00000200                __cy_memory_0_row_size = 0x200
                0x14000000                __cy_memory_1_start = 0x14000000
                0x00008000                __cy_memory_1_length = 0x8000
                0x00000200                __cy_memory_1_row_size = 0x200
                0x16000000                __cy_memory_2_start = 0x16000000
                0x00008000                __cy_memory_2_length = 0x8000
                0x00000200                __cy_memory_2_row_size = 0x200
                0x18000000                __cy_memory_3_start = 0x18000000
                0x08000000                __cy_memory_3_length = 0x8000000
                0x00000200                __cy_memory_3_row_size = 0x200
                0x90700000                __cy_memory_4_start = 0x90700000
                0x00100000                __cy_memory_4_length = 0x100000
                0x00000001                __cy_memory_4_row_size = 0x1
OUTPUT(C:\Users\rdn\Documents\PSoC Creator\SEES\ble_test.cydsn\CortexM4\ARM_GCC_541\Release\ble_test_link.elf elf32-littlearm)

.rel.dyn        0x08026994        0x0 load address 0x985776ac
 .rel.iplt      0x08026994        0x0 c:/program files (x86)/cypress/psoc creator/4.4/psoc creator/import/gnu/arm/5.4.1/bin/../lib/gcc/arm-none-eabi/5.4.1/armv7e-m/softfp/crtbegin.o

.ARM.attributes
                0x00000000       0x2e
 .ARM.attributes
                0x00000000       0x22 c:/program files (x86)/cypress/psoc creator/4.4/psoc creator/import/gnu/arm/5.4.1/bin/../lib/gcc/arm-none-eabi/5.4.1/armv7e-m/softfp/crti.o
 .ARM.attributes
                0x00000022       0x32 c:/program files (x86)/cypress/psoc creator/4.4/psoc creator/import/gnu/arm/5.4.1/bin/../lib/gcc/arm-none-eabi/5.4.1/armv7e-m/softfp/crtbegin.o
 .ARM.attributes
                0x00000054       0x1f .\CortexM4\ARM_GCC_541\Release\startup_psoc6_01_cm4.o
 .ARM.attributes
                0x00000073       0x37 .\CortexM4\ARM_GCC_541\Release\main_cm4.o
 .ARM.attributes
                0x000000aa       0x37 .\CortexM4\ARM_GCC_541\Release\system_psoc6_cm4.o
 .ARM.attributes
                0x000000e1       0x37 .\CortexM4\ARM_GCC_541\Release\attdet.o
 .ARM.attributes
                0x00000118       0x37 .\CortexM4\ARM_GCC_541\Release\bits.o
 .ARM.attributes
                0x0000014f       0x37 .\CortexM4\ARM_GCC_541\Release\bwdet.o
 .ARM.attributes
                0x00000186       0x37 .\CortexM4\ARM_GCC_541\Release\energy.o
 .ARM.attributes
                0x000001bd       0x37 .\CortexM4\ARM_GCC_541\Release\lc3.o
 .ARM.attributes
                0x000001f4       0x37 .\CortexM4\ARM_GCC_541\Release\ltpf.o
 .ARM.attributes
                0x0000022b       0x37 .\CortexM4\ARM_GCC_541\Release\mdct.o
 .ARM.attributes
                0x00000262       0x37 .\CortexM4\ARM_GCC_541\Release\sns.o
 .ARM.attributes
                0x00000299       0x37 .\CortexM4\ARM_GCC_541\Release\spec.o
 .ARM.attributes
                0x000002d0       0x37 .\CortexM4\ARM_GCC_541\Release\tables.o
 .ARM.attributes
                0x00000307       0x37 .\CortexM4\ARM_GCC_541\Release\tns.o
 .ARM.attributes
                0x0000033e       0x37 .\CortexM4\ARM_GCC_541\Release\cymetadata.o
 .ARM.attributes
                0x00000375       0x37 .\CortexM4\ARM_GCC_541\Release\cy_flash.o
 .ARM.attributes
                0x000003ac       0x37 .\CortexM4\ARM_GCC_541\Release\cy_ipc_drv.o
 .ARM.attributes
                0x000003e3       0x37 .\CortexM4\ARM_GCC_541\Release\cy_ipc_sema.o
 .ARM.attributes
                0x0000041a       0x37 .\CortexM4\ARM_GCC_541\Release\cy_ipc_pipe.o
 .ARM.attributes
                0x00000451       0x37 .\CortexM4\ARM_GCC_541\Release\cy_sysint.o
 .ARM.attributes
                0x00000488       0x37 .\CortexM4\ARM_GCC_541\Release\cy_syslib.o
 .ARM.attributes
                0x000004bf       0x25 .\CortexM4\ARM_GCC_541\Release\cy_syslib_gcc.o
 .ARM.attributes
                0x000004e4       0x37 .\CortexM4\ARM_GCC_541\Release\cy_syspm.o
 .ARM.attributes
                0x0000051b       0x37 .\CortexM4\ARM_GCC_541\Release\cy_device.o
 .ARM.attributes
                0x00000552       0x37 .\CortexM4\ARM_GCC_541\Release\cy_scb_common.o
 .ARM.attributes
                0x00000589       0x22 c:/program files (x86)/cypress/psoc creator/4.4/psoc creator/import/gnu/arm/5.4.1/bin/../lib/gcc/arm-none-eabi/5.4.1/armv7e-m/softfp\libgcc.a(_arm_addsubdf3.o)
 .ARM.attributes
                0x000005ab       0x22 c:/program files (x86)/cypress/psoc creator/4.4/psoc creator/import/gnu/arm/5.4.1/bin/../lib/gcc/arm-none-eabi/5.4.1/armv7e-m/softfp\libgcc.a(_arm_muldivdf3.o)
 .ARM.attributes
                0x000005cd       0x32 c:/program files (x86)/cypress/psoc creator/4.4/psoc creator/import/gnu/arm/5.4.1/bin/../lib/gcc/arm-none-eabi/5.4.1/../../../../arm-none-eabi/lib/armv7e-m/softfp\libg_nano.a(lib_a-impure.o)
 .ARM.attributes
                0x000005ff       0x32 c:/program files (x86)/cypress/psoc creator/4.4/psoc creator/import/gnu/arm/5.4.1/bin/../lib/gcc/arm-none-eabi/5.4.1/../../../../arm-none-eabi/lib/armv7e-m/softfp\libg_nano.a(lib_a-memcpy-stub.o)
 .ARM.attributes
                0x00000631       0x32 c:/program files (x86)/cypress/psoc creator/4.4/psoc creator/import/gnu/arm/5.4.1/bin/../lib/gcc/arm-none-eabi/5.4.1/../../../../arm-none-eabi/lib/armv7e-m/softfp\libg_nano.a(lib_a-memmove.o)
 .ARM.attributes
                0x00000663       0x32 c:/program files (x86)/cypress/psoc creator/4.4/psoc creator/import/gnu/arm/5.4.1/bin/../lib/gcc/arm-none-eabi/5.4.1/../../../../arm-none-eabi/lib/armv7e-m/softfp\libg_nano.a(lib_a-memset.o)
 .ARM.attributes
                0x00000695       0x32 c:/program files (x86)/cypress/psoc creator/4.4/psoc creator/import/gnu/arm/5.4.1/bin/../lib/gcc/arm-none-eabi/5.4.1/../../../../arm-none-eabi/lib/armv7e-m/softfp\libg_nano.a(lib_a-rand.o)
 .ARM.attributes
                0x000006c7       0x32 c:/program files (x86)/cypress/psoc creator/4.4/psoc creator/import/gnu/arm/5.4.1/bin/../lib/gcc/arm-none-eabi/5.4.1/../../../../arm-none-eabi/lib/armv7e-m/softfp\libg_nano.a(lib_a-snprintf.o)
 .ARM.attributes
                0x000006f9       0x32 c:/program files (x86)/cypress/psoc creator/4.4/psoc creator/import/gnu/arm/5.4.1/bin/../lib/gcc/arm-none-eabi/5.4.1/../../../../arm-none-eabi/lib/armv7e-m/softfp\libg_nano.a(lib_a-time.o)
 .ARM.attributes
                0x0000072b       0x32 c:/program files (x86)/cypress/psoc creator/4.4/psoc creator/import/gnu/arm/5.4.1/bin/../lib/gcc/arm-none-eabi/5.4.1/../../../../arm-none-eabi/lib/armv7e-m/softfp\libg_nano.a(lib_a-gettimeofdayr.o)
 .ARM.attributes
                0x0000075d       0x32 c:/program files (x86)/cypress/psoc creator/4.4/psoc creator/import/gnu/arm/5.4.1/bin/../lib/gcc/arm-none-eabi/5.4.1/../../../../arm-none-eabi/lib/armv7e-m/softfp\libg_nano.a(lib_a-malloc.o)
 .ARM.attributes
                0x0000078f       0x32 c:/program files (x86)/cypress/psoc creator/4.4/psoc creator/import/gnu/arm/5.4.1/bin/../lib/gcc/arm-none-eabi/5.4.1/../../../../arm-none-eabi/lib/armv7e-m/softfp\libg_nano.a(lib_a-nano-freer.o)
 .ARM.attributes
                0x000007c1       0x32 c:/program files (x86)/cypress/psoc creator/4.4/psoc creator/import/gnu/arm/5.4.1/bin/../lib/gcc/arm-none-eabi/5.4.1/../../../../arm-none-eabi/lib/armv7e-m/softfp\libg_nano.a(lib_a-nano-mallocr.o)
 .ARM.attributes
                0x000007f3       0x32 c:/program files (x86)/cypress/psoc creator/4.4/psoc creator/import/gnu/arm/5.4.1/bin/../lib/gcc/arm-none-eabi/5.4.1/../../../../arm-none-eabi/lib/armv7e-m/softfp\libg_nano.a(lib_a-nano-svfprintf.o)
 .ARM.attributes
                0x00000825       0x32 c:/program files (x86)/cypress/psoc creator/4.4/psoc creator/import/gnu/arm/5.4.1/bin/../lib/gcc/arm-none-eabi/5.4.1/../../../../arm-none-eabi/lib/armv7e-m/softfp\libg_nano.a(lib_a-nano-vfprintf_i.o)
 .ARM.attributes
                0x00000857       0x32 c:/program files (x86)/cypress/psoc creator/4.4/psoc creator/import/gnu/arm/5.4.1/bin/../lib/gcc/arm-none-eabi/5.4.1/../../../../arm-none-eabi/lib/armv7e-m/softfp\libg_nano.a(lib_a-reent.o)
 .ARM.attributes
                0x00000889       0x32 c:/program files (x86)/cypress/psoc creator/4.4/psoc creator/import/gnu/arm/5.4.1/bin/../lib/gcc/arm-none-eabi/5.4.1/../../../../arm-none-eabi/lib/armv7e-m/softfp\libg_nano.a(lib_a-sbrkr.o)
 .ARM.attributes
                0x000008bb       0x20 c:/program files (x86)/cypress/psoc creator/4.4/psoc creator/import/gnu/arm/5.4.1/bin/../lib/gcc/arm-none-eabi/5.4.1/../../../../arm-none-eabi/lib/armv7e-m/softfp\libg_nano.a(lib_a-memchr.o)
 .ARM.attributes
                0x000008db       0x32 c:/program files (x86)/cypress/psoc creator/4.4/psoc creator/import/gnu/arm/5.4.1/bin/../lib/gcc/arm-none-eabi/5.4.1/../../../../arm-none-eabi/lib/armv7e-m/softfp\libg_nano.a(lib_a-mlock.o)
 .ARM.attributes
                0x0000090d       0x32 c:/program files (x86)/cypress/psoc creator/4.4/psoc creator/import/gnu/arm/5.4.1/bin/../lib/gcc/arm-none-eabi/5.4.1/../../../../arm-none-eabi/lib/armv7e-m/softfp\libg_nano.a(lib_a-nano-reallocr.o)
 .ARM.attributes
                0x0000093f       0x32 c:/program files (x86)/cypress/psoc creator/4.4/psoc creator/import/gnu/arm/5.4.1/bin/../lib/gcc/arm-none-eabi/5.4.1/../../../../arm-none-eabi/lib/armv7e-m/softfp\libg_nano.a(lib_a-nano-msizer.o)
 .ARM.attributes
                0x00000971       0x32 c:/program files (x86)/cypress/psoc creator/4.4/psoc creator/import/gnu/arm/5.4.1/bin/../lib/gcc/arm-none-eabi/5.4.1/armv7e-m/softfp/crtend.o
 .ARM.attributes
                0x000009a3       0x22 c:/program files (x86)/cypress/psoc creator/4.4/psoc creator/import/gnu/arm/5.4.1/bin/../lib/gcc/arm-none-eabi/5.4.1/armv7e-m/softfp/crtn.o
 .ARM.attributes
                0x000009c5       0x32 c:/program files (x86)/cypress/psoc creator/4.4/psoc creator/import/gnu/arm/5.4.1/bin/../lib/gcc/arm-none-eabi/5.4.1/../../../../arm-none-eabi/lib/armv7e-m/softfp\libnosys.a(gettod.o)
 .ARM.attributes
                0x000009f7       0x32 c:/program files (x86)/cypress/psoc creator/4.4/psoc creator/import/gnu/arm/5.4.1/bin/../lib/gcc/arm-none-eabi/5.4.1/../../../../arm-none-eabi/lib/armv7e-m/softfp\libnosys.a(sbrk.o)
 .ARM.attributes
                0x00000a29       0x32 c:/program files (x86)/cypress/psoc creator/4.4/psoc creator/import/gnu/arm/5.4.1/bin/../lib/gcc/arm-none-eabi/5.4.1/../../../../arm-none-eabi/lib/armv7e-m/softfp\libm.a(lib_a-sf_floor.o)
 .ARM.attributes
                0x00000a5b       0x32 c:/program files (x86)/cypress/psoc creator/4.4/psoc creator/import/gnu/arm/5.4.1/bin/../lib/gcc/arm-none-eabi/5.4.1/../../../../arm-none-eabi/lib/armv7e-m/softfp\libm.a(lib_a-sf_fmax.o)
 .ARM.attributes
                0x00000a8d       0x32 c:/program files (x86)/cypress/psoc creator/4.4/psoc creator/import/gnu/arm/5.4.1/bin/../lib/gcc/arm-none-eabi/5.4.1/../../../../arm-none-eabi/lib/armv7e-m/softfp\libm.a(lib_a-sf_fmin.o)
 .ARM.attributes
                0x00000abf       0x32 c:/program files (x86)/cypress/psoc creator/4.4/psoc creator/import/gnu/arm/5.4.1/bin/../lib/gcc/arm-none-eabi/5.4.1/../../../../arm-none-eabi/lib/armv7e-m/softfp\libm.a(lib_a-sf_fpclassify.o)
 .ARM.attributes
                0x00000af1       0x32 c:/program files (x86)/cypress/psoc creator/4.4/psoc creator/import/gnu/arm/5.4.1/bin/../lib/gcc/arm-none-eabi/5.4.1/../../../../arm-none-eabi/lib/armv7e-m/softfp\libm.a(lib_a-sf_round.o)
 .ARM.attributes
                0x00000b23       0x32 c:/program files (x86)/cypress/psoc creator/4.4/psoc creator/import/gnu/arm/5.4.1/bin/../lib/gcc/arm-none-eabi/5.4.1/../../../../arm-none-eabi/lib/armv7e-m/softfp\libm.a(lib_a-sf_trunc.o)
 .ARM.attributes
                0x00000b55       0x32 c:/program files (x86)/cypress/psoc creator/4.4/psoc creator/import/gnu/arm/5.4.1/bin/../lib/gcc/arm-none-eabi/5.4.1/../../../../arm-none-eabi/lib/armv7e-m/softfp\libm.a(lib_a-wf_sqrt.o)
 .ARM.attributes
                0x00000b87       0x32 c:/program files (x86)/cypress/psoc creator/4.4/psoc creator/import/gnu/arm/5.4.1/bin/../lib/gcc/arm-none-eabi/5.4.1/../../../../arm-none-eabi/lib/armv7e-m/softfp\libm.a(lib_a-ef_sqrt.o)
 .ARM.attributes
                0x00000bb9       0x32 c:/program files (x86)/cypress/psoc creator/4.4/psoc creator/import/gnu/arm/5.4.1/bin/../lib/gcc/arm-none-eabi/5.4.1/../../../../arm-none-eabi/lib/armv7e-m/softfp\libm.a(lib_a-s_lib_ver.o)
 .ARM.attributes
                0x00000beb       0x32 c:/program files (x86)/cypress/psoc creator/4.4/psoc creator/import/gnu/arm/5.4.1/bin/../lib/gcc/arm-none-eabi/5.4.1/../../../../arm-none-eabi/lib/armv7e-m/softfp\libm.a(lib_a-s_matherr.o)
 .ARM.attributes
                0x00000c1d       0x22 c:/program files (x86)/cypress/psoc creator/4.4/psoc creator/import/gnu/arm/5.4.1/bin/../lib/gcc/arm-none-eabi/5.4.1/armv7e-m/softfp\libgcc.a(_arm_truncdfsf2.o)
 .ARM.attributes
                0x00000c3f       0x32 c:/program files (x86)/cypress/psoc creator/4.4/psoc creator/import/gnu/arm/5.4.1/bin/../lib/gcc/arm-none-eabi/5.4.1/../../../../arm-none-eabi/lib/armv7e-m/softfp\libc.a(lib_a-errno.o)

.comment        0x00000000       0x6e
 .comment       0x00000000       0x6e .\CortexM4\ARM_GCC_541\Release\main_cm4.o
                                 0x6f (size before relaxing)
 .comment       0x0000006e       0x6f .\CortexM4\ARM_GCC_541\Release\system_psoc6_cm4.o
 .comment       0x0000006e       0x6f .\CortexM4\ARM_GCC_541\Release\attdet.o
 .comment       0x0000006e       0x6f .\CortexM4\ARM_GCC_541\Release\bits.o
 .comment       0x0000006e       0x6f .\CortexM4\ARM_GCC_541\Release\bwdet.o
 .comment       0x0000006e       0x6f .\CortexM4\ARM_GCC_541\Release\energy.o
 .comment       0x0000006e       0x6f .\CortexM4\ARM_GCC_541\Release\lc3.o
 .comment       0x0000006e       0x6f .\CortexM4\ARM_GCC_541\Release\ltpf.o
 .comment       0x0000006e       0x6f .\CortexM4\ARM_GCC_541\Release\mdct.o
 .comment       0x0000006e       0x6f .\CortexM4\ARM_GCC_541\Release\sns.o
 .comment       0x0000006e       0x6f .\CortexM4\ARM_GCC_541\Release\spec.o
 .comment       0x0000006e       0x6f .\CortexM4\ARM_GCC_541\Release\tables.o
 .comment       0x0000006e       0x6f .\CortexM4\ARM_GCC_541\Release\tns.o
 .comment       0x0000006e       0x6f .\CortexM4\ARM_GCC_541\Release\cymetadata.o
 .comment       0x0000006e       0x6f .\CortexM4\ARM_GCC_541\Release\cy_flash.o
 .comment       0x0000006e       0x6f .\CortexM4\ARM_GCC_541\Release\cy_ipc_drv.o
 .comment       0x0000006e       0x6f .\CortexM4\ARM_GCC_541\Release\cy_ipc_sema.o
 .comment       0x0000006e       0x6f .\CortexM4\ARM_GCC_541\Release\cy_ipc_pipe.o
 .comment       0x0000006e       0x6f .\CortexM4\ARM_GCC_541\Release\cy_sysint.o
 .comment       0x0000006e       0x6f .\CortexM4\ARM_GCC_541\Release\cy_syslib.o
 .comment       0x0000006e       0x6f .\CortexM4\ARM_GCC_541\Release\cy_syspm.o
 .comment       0x0000006e       0x6f .\CortexM4\ARM_GCC_541\Release\cy_device.o
 .comment       0x0000006e       0x6f .\CortexM4\ARM_GCC_541\Release\cy_scb_common.o

.debug_line     0x00000000     0x6bc9
 .debug_line    0x00000000       0x8e .\CortexM4\ARM_GCC_541\Release\startup_psoc6_01_cm4.o
 .debug_line    0x0000008e      0x4a0 .\CortexM4\ARM_GCC_541\Release\main_cm4.o
 .debug_line    0x0000052e      0x428 .\CortexM4\ARM_GCC_541\Release\system_psoc6_cm4.o
 .debug_line    0x00000956      0x209 .\CortexM4\ARM_GCC_541\Release\attdet.o
 .debug_line    0x00000b5f      0x36e .\CortexM4\ARM_GCC_541\Release\bits.o
 .debug_line    0x00000ecd      0x225 .\CortexM4\ARM_GCC_541\Release\bwdet.o
 .debug_line    0x000010f2       0xc9 .\CortexM4\ARM_GCC_541\Release\energy.o
 .debug_line    0x000011bb      0xa8c .\CortexM4\ARM_GCC_541\Release\lc3.o
 .debug_line    0x00001c47      0x81a .\CortexM4\ARM_GCC_541\Release\ltpf.o
 .debug_line    0x00002461      0x386 .\CortexM4\ARM_GCC_541\Release\mdct.o
 .debug_line    0x000027e7      0x717 .\CortexM4\ARM_GCC_541\Release\sns.o
 .debug_line    0x00002efe      0xa19 .\CortexM4\ARM_GCC_541\Release\spec.o
 .debug_line    0x00003917      0x17e .\CortexM4\ARM_GCC_541\Release\tables.o
 .debug_line    0x00003a95      0x4d6 .\CortexM4\ARM_GCC_541\Release\tns.o
 .debug_line    0x00003f6b      0x141 .\CortexM4\ARM_GCC_541\Release\cymetadata.o
 .debug_line    0x000040ac      0x796 .\CortexM4\ARM_GCC_541\Release\cy_flash.o
 .debug_line    0x00004842      0x2f3 .\CortexM4\ARM_GCC_541\Release\cy_ipc_drv.o
 .debug_line    0x00004b35      0x425 .\CortexM4\ARM_GCC_541\Release\cy_ipc_sema.o
 .debug_line    0x00004f5a      0x539 .\CortexM4\ARM_GCC_541\Release\cy_ipc_pipe.o
 .debug_line    0x00005493      0x2ca .\CortexM4\ARM_GCC_541\Release\cy_sysint.o
 .debug_line    0x0000575d      0x3e7 .\CortexM4\ARM_GCC_541\Release\cy_syslib.o
 .debug_line    0x00005b44       0x89 .\CortexM4\ARM_GCC_541\Release\cy_syslib_gcc.o
 .debug_line    0x00005bcd      0x9c0 .\CortexM4\ARM_GCC_541\Release\cy_syspm.o
 .debug_line    0x0000658d      0x17e .\CortexM4\ARM_GCC_541\Release\cy_device.o
 .debug_line    0x0000670b      0x4be .\CortexM4\ARM_GCC_541\Release\cy_scb_common.o

.debug_info     0x00000000    0x20543
 .debug_info    0x00000000       0x7b .\CortexM4\ARM_GCC_541\Release\startup_psoc6_01_cm4.o
 .debug_info    0x0000007b     0x1291 .\CortexM4\ARM_GCC_541\Release\main_cm4.o
 .debug_info    0x0000130c     0x1bb7 .\CortexM4\ARM_GCC_541\Release\system_psoc6_cm4.o
 .debug_info    0x00002ec3      0x389 .\CortexM4\ARM_GCC_541\Release\attdet.o
 .debug_info    0x0000324c      0xa1c .\CortexM4\ARM_GCC_541\Release\bits.o
 .debug_info    0x00003c68      0x73b .\CortexM4\ARM_GCC_541\Release\bwdet.o
 .debug_info    0x000043a3      0x2bf .\CortexM4\ARM_GCC_541\Release\energy.o
 .debug_info    0x00004662     0x3120 .\CortexM4\ARM_GCC_541\Release\lc3.o
 .debug_info    0x00007782     0x23cb .\CortexM4\ARM_GCC_541\Release\ltpf.o
 .debug_info    0x00009b4d     0x134f .\CortexM4\ARM_GCC_541\Release\mdct.o
 .debug_info    0x0000ae9c     0x2626 .\CortexM4\ARM_GCC_541\Release\sns.o
 .debug_info    0x0000d4c2     0x2a74 .\CortexM4\ARM_GCC_541\Release\spec.o
 .debug_info    0x0000ff36      0xf0c .\CortexM4\ARM_GCC_541\Release\tables.o
 .debug_info    0x00010e42     0x1a82 .\CortexM4\ARM_GCC_541\Release\tns.o
 .debug_info    0x000128c4       0xac .\CortexM4\ARM_GCC_541\Release\cymetadata.o
 .debug_info    0x00012970     0x279e .\CortexM4\ARM_GCC_541\Release\cy_flash.o
 .debug_info    0x0001510e      0x889 .\CortexM4\ARM_GCC_541\Release\cy_ipc_drv.o
 .debug_info    0x00015997      0xbee .\CortexM4\ARM_GCC_541\Release\cy_ipc_sema.o
 .debug_info    0x00016585     0x168f .\CortexM4\ARM_GCC_541\Release\cy_ipc_pipe.o
 .debug_info    0x00017c14      0xdbd .\CortexM4\ARM_GCC_541\Release\cy_sysint.o
 .debug_info    0x000189d1     0x2445 .\CortexM4\ARM_GCC_541\Release\cy_syslib.o
 .debug_info    0x0001ae16       0xa9 .\CortexM4\ARM_GCC_541\Release\cy_syslib_gcc.o
 .debug_info    0x0001aebf     0x3e56 .\CortexM4\ARM_GCC_541\Release\cy_syspm.o
 .debug_info    0x0001ed15      0x551 .\CortexM4\ARM_GCC_541\Release\cy_device.o
 .debug_info    0x0001f266     0x12dd .\CortexM4\ARM_GCC_541\Release\cy_scb_common.o

.debug_abbrev   0x00000000     0x3e21
 .debug_abbrev  0x00000000       0x14 .\CortexM4\ARM_GCC_541\Release\startup_psoc6_01_cm4.o
 .debug_abbrev  0x00000014      0x2cc .\CortexM4\ARM_GCC_541\Release\main_cm4.o
 .debug_abbrev  0x000002e0      0x242 .\CortexM4\ARM_GCC_541\Release\system_psoc6_cm4.o
 .debug_abbrev  0x00000522      0x184 .\CortexM4\ARM_GCC_541\Release\attdet.o
 .debug_abbrev  0x000006a6      0x33a .\CortexM4\ARM_GCC_541\Release\bits.o
 .debug_abbrev  0x000009e0      0x251 .\CortexM4\ARM_GCC_541\Release\bwdet.o
 .debug_abbrev  0x00000c31       0xe5 .\CortexM4\ARM_GCC_541\Release\energy.o
 .debug_abbrev  0x00000d16      0x42d .\CortexM4\ARM_GCC_541\Release\lc3.o
 .debug_abbrev  0x00001143      0x47a .\CortexM4\ARM_GCC_541\Release\ltpf.o
 .debug_abbrev  0x000015bd      0x2d7 .\CortexM4\ARM_GCC_541\Release\mdct.o
 .debug_abbrev  0x00001894      0x3fe .\CortexM4\ARM_GCC_541\Release\sns.o
 .debug_abbrev  0x00001c92      0x484 .\CortexM4\ARM_GCC_541\Release\spec.o
 .debug_abbrev  0x00002116      0x10f .\CortexM4\ARM_GCC_541\Release\tables.o
 .debug_abbrev  0x00002225      0x364 .\CortexM4\ARM_GCC_541\Release\tns.o
 .debug_abbrev  0x00002589       0x5d .\CortexM4\ARM_GCC_541\Release\cymetadata.o
 .debug_abbrev  0x000025e6      0x3ce .\CortexM4\ARM_GCC_541\Release\cy_flash.o
 .debug_abbrev  0x000029b4      0x187 .\CortexM4\ARM_GCC_541\Release\cy_ipc_drv.o
 .debug_abbrev  0x00002b3b      0x296 .\CortexM4\ARM_GCC_541\Release\cy_ipc_sema.o
 .debug_abbrev  0x00002dd1      0x38c .\CortexM4\ARM_GCC_541\Release\cy_ipc_pipe.o
 .debug_abbrev  0x0000315d      0x221 .\CortexM4\ARM_GCC_541\Release\cy_sysint.o
 .debug_abbrev  0x0000337e      0x301 .\CortexM4\ARM_GCC_541\Release\cy_syslib.o
 .debug_abbrev  0x0000367f       0x14 .\CortexM4\ARM_GCC_541\Release\cy_syslib_gcc.o
 .debug_abbrev  0x00003693      0x3b0 .\CortexM4\ARM_GCC_541\Release\cy_syspm.o
 .debug_abbrev  0x00003a43       0x9d .\CortexM4\ARM_GCC_541\Release\cy_device.o
 .debug_abbrev  0x00003ae0      0x341 .\CortexM4\ARM_GCC_541\Release\cy_scb_common.o

.debug_aranges  0x00000000      0x958
 .debug_aranges
                0x00000000       0x20 .\CortexM4\ARM_GCC_541\Release\startup_psoc6_01_cm4.o
 .debug_aranges
                0x00000020       0x20 .\CortexM4\ARM_GCC_541\Release\main_cm4.o
 .debug_aranges
                0x00000040       0x40 .\CortexM4\ARM_GCC_541\Release\system_psoc6_cm4.o
 .debug_aranges
                0x00000080       0x20 .\CortexM4\ARM_GCC_541\Release\attdet.o
 .debug_aranges
                0x000000a0       0x88 .\CortexM4\ARM_GCC_541\Release\bits.o
 .debug_aranges
                0x00000128       0x38 .\CortexM4\ARM_GCC_541\Release\bwdet.o
 .debug_aranges
                0x00000160       0x20 .\CortexM4\ARM_GCC_541\Release\energy.o
 .debug_aranges
                0x00000180      0x108 .\CortexM4\ARM_GCC_541\Release\lc3.o
 .debug_aranges
                0x00000288       0xc8 .\CortexM4\ARM_GCC_541\Release\ltpf.o
 .debug_aranges
                0x00000350       0x38 .\CortexM4\ARM_GCC_541\Release\mdct.o
 .debug_aranges
                0x00000388       0x80 .\CortexM4\ARM_GCC_541\Release\sns.o
 .debug_aranges
                0x00000408       0xa0 .\CortexM4\ARM_GCC_541\Release\spec.o
 .debug_aranges
                0x000004a8       0x18 .\CortexM4\ARM_GCC_541\Release\tables.o
 .debug_aranges
                0x000004c0       0x58 .\CortexM4\ARM_GCC_541\Release\tns.o
 .debug_aranges
                0x00000518       0x18 .\CortexM4\ARM_GCC_541\Release\cymetadata.o
 .debug_aranges
                0x00000530       0xc8 .\CortexM4\ARM_GCC_541\Release\cy_flash.o
 .debug_aranges
                0x000005f8       0x30 .\CortexM4\ARM_GCC_541\Release\cy_ipc_drv.o
 .debug_aranges
                0x00000628       0x48 .\CortexM4\ARM_GCC_541\Release\cy_ipc_sema.o
 .debug_aranges
                0x00000670       0x68 .\CortexM4\ARM_GCC_541\Release\cy_ipc_pipe.o
 .debug_aranges
                0x000006d8       0x30 .\CortexM4\ARM_GCC_541\Release\cy_sysint.o
 .debug_aranges
                0x00000708       0x70 .\CortexM4\ARM_GCC_541\Release\cy_syslib.o
 .debug_aranges
                0x00000778       0x20 .\CortexM4\ARM_GCC_541\Release\cy_syslib_gcc.o
 .debug_aranges
                0x00000798      0x138 .\CortexM4\ARM_GCC_541\Release\cy_syspm.o
 .debug_aranges
                0x000008d0       0x20 .\CortexM4\ARM_GCC_541\Release\cy_device.o
 .debug_aranges
                0x000008f0       0x68 .\CortexM4\ARM_GCC_541\Release\cy_scb_common.o

.debug_loc      0x00000000    0x10d74
 .debug_loc     0x00000000       0xbf .\CortexM4\ARM_GCC_541\Release\main_cm4.o
 .debug_loc     0x000000bf      0x251 .\CortexM4\ARM_GCC_541\Release\system_psoc6_cm4.o
 .debug_loc     0x00000310      0x2a5 .\CortexM4\ARM_GCC_541\Release\attdet.o
 .debug_loc     0x000005b5      0x9af .\CortexM4\ARM_GCC_541\Release\bits.o
 .debug_loc     0x00000f64      0x521 .\CortexM4\ARM_GCC_541\Release\bwdet.o
 .debug_loc     0x00001485      0x140 .\CortexM4\ARM_GCC_541\Release\energy.o
 .debug_loc     0x000015c5     0x2822 .\CortexM4\ARM_GCC_541\Release\lc3.o
 .debug_loc     0x00003de7     0x29b8 .\CortexM4\ARM_GCC_541\Release\ltpf.o
 .debug_loc     0x0000679f     0x1d3f .\CortexM4\ARM_GCC_541\Release\mdct.o
 .debug_loc     0x000084de     0x1846 .\CortexM4\ARM_GCC_541\Release\sns.o
 .debug_loc     0x00009d24     0x277f .\CortexM4\ARM_GCC_541\Release\spec.o
 .debug_loc     0x0000c4a3     0x10f1 .\CortexM4\ARM_GCC_541\Release\tns.o
 .debug_loc     0x0000d594      0xced .\CortexM4\ARM_GCC_541\Release\cy_flash.o
 .debug_loc     0x0000e281      0x190 .\CortexM4\ARM_GCC_541\Release\cy_ipc_drv.o
 .debug_loc     0x0000e411      0x908 .\CortexM4\ARM_GCC_541\Release\cy_ipc_sema.o
 .debug_loc     0x0000ed19      0x723 .\CortexM4\ARM_GCC_541\Release\cy_ipc_pipe.o
 .debug_loc     0x0000f43c      0x113 .\CortexM4\ARM_GCC_541\Release\cy_sysint.o
 .debug_loc     0x0000f54f      0x439 .\CortexM4\ARM_GCC_541\Release\cy_syslib.o
 .debug_loc     0x0000f988      0xdb8 .\CortexM4\ARM_GCC_541\Release\cy_syspm.o
 .debug_loc     0x00010740      0x634 .\CortexM4\ARM_GCC_541\Release\cy_scb_common.o

.debug_ranges   0x00000000     0x1b90
 .debug_ranges  0x00000000       0x78 .\CortexM4\ARM_GCC_541\Release\main_cm4.o
 .debug_ranges  0x00000078       0x30 .\CortexM4\ARM_GCC_541\Release\system_psoc6_cm4.o
 .debug_ranges  0x000000a8       0x28 .\CortexM4\ARM_GCC_541\Release\attdet.o
 .debug_ranges  0x000000d0       0xc0 .\CortexM4\ARM_GCC_541\Release\bits.o
 .debug_ranges  0x00000190       0x40 .\CortexM4\ARM_GCC_541\Release\bwdet.o
 .debug_ranges  0x000001d0       0x48 .\CortexM4\ARM_GCC_541\Release\energy.o
 .debug_ranges  0x00000218      0x3b8 .\CortexM4\ARM_GCC_541\Release\lc3.o
 .debug_ranges  0x000005d0      0x358 .\CortexM4\ARM_GCC_541\Release\ltpf.o
 .debug_ranges  0x00000928      0x208 .\CortexM4\ARM_GCC_541\Release\mdct.o
 .debug_ranges  0x00000b30      0x2d0 .\CortexM4\ARM_GCC_541\Release\sns.o
 .debug_ranges  0x00000e00      0x440 .\CortexM4\ARM_GCC_541\Release\spec.o
 .debug_ranges  0x00001240      0x348 .\CortexM4\ARM_GCC_541\Release\tns.o
 .debug_ranges  0x00001588       0xe8 .\CortexM4\ARM_GCC_541\Release\cy_flash.o
 .debug_ranges  0x00001670       0x38 .\CortexM4\ARM_GCC_541\Release\cy_ipc_drv.o
 .debug_ranges  0x000016a8       0x50 .\CortexM4\ARM_GCC_541\Release\cy_ipc_sema.o
 .debug_ranges  0x000016f8       0xc0 .\CortexM4\ARM_GCC_541\Release\cy_ipc_pipe.o
 .debug_ranges  0x000017b8       0x20 .\CortexM4\ARM_GCC_541\Release\cy_sysint.o
 .debug_ranges  0x000017d8       0x60 .\CortexM4\ARM_GCC_541\Release\cy_syslib.o
 .debug_ranges  0x00001838      0x260 .\CortexM4\ARM_GCC_541\Release\cy_syspm.o
 .debug_ranges  0x00001a98       0x10 .\CortexM4\ARM_GCC_541\Release\cy_device.o
 .debug_ranges  0x00001aa8       0xe8 .\CortexM4\ARM_GCC_541\Release\cy_scb_common.o

.debug_str      0x00000000     0x7abd
 .debug_str     0x00000000      0xf82 .\CortexM4\ARM_GCC_541\Release\main_cm4.o
                               0x102b (size before relaxing)
 .debug_str     0x00000f82     0x1b35 .\CortexM4\ARM_GCC_541\Release\system_psoc6_cm4.o
                               0x23d1 (size before relaxing)
 .debug_str     0x00002ab7       0x4d .\CortexM4\ARM_GCC_541\Release\attdet.o
                                0x2f1 (size before relaxing)
 .debug_str     0x00002b04      0x1f0 .\CortexM4\ARM_GCC_541\Release\bits.o
                                0x3e5 (size before relaxing)
 .debug_str     0x00002cf4      0x17d .\CortexM4\ARM_GCC_541\Release\bwdet.o
                                0x4dd (size before relaxing)
 .debug_str     0x00002e71       0x96 .\CortexM4\ARM_GCC_541\Release\energy.o
                                0x2ee (size before relaxing)
 .debug_str     0x00002f07      0x56b .\CortexM4\ARM_GCC_541\Release\lc3.o
                                0xc9f (size before relaxing)
 .debug_str     0x00003472      0x270 .\CortexM4\ARM_GCC_541\Release\ltpf.o
                                0x7aa (size before relaxing)
 .debug_str     0x000036e2      0x11e .\CortexM4\ARM_GCC_541\Release\mdct.o
                                0x41a (size before relaxing)
 .debug_str     0x00003800      0x243 .\CortexM4\ARM_GCC_541\Release\sns.o
                                0x744 (size before relaxing)
 .debug_str     0x00003a43      0x2e2 .\CortexM4\ARM_GCC_541\Release\spec.o
                                0x97e (size before relaxing)
 .debug_str     0x00003d25      0x571 .\CortexM4\ARM_GCC_541\Release\tables.o
                                0x99b (size before relaxing)
 .debug_str     0x00004296      0x1ba .\CortexM4\ARM_GCC_541\Release\tns.o
                                0x7b4 (size before relaxing)
 .debug_str     0x00004450       0x30 .\CortexM4\ARM_GCC_541\Release\cymetadata.o
                                0x1ba (size before relaxing)
 .debug_str     0x00004480     0x10e4 .\CortexM4\ARM_GCC_541\Release\cy_flash.o
                               0x2d9b (size before relaxing)
 .debug_str     0x00005564       0xfd .\CortexM4\ARM_GCC_541\Release\cy_ipc_drv.o
                                0x95d (size before relaxing)
 .debug_str     0x00005661       0xe0 .\CortexM4\ARM_GCC_541\Release\cy_ipc_sema.o
                                0xb4a (size before relaxing)
 .debug_str     0x00005741      0x318 .\CortexM4\ARM_GCC_541\Release\cy_ipc_pipe.o
                               0x206c (size before relaxing)
 .debug_str     0x00005a59       0xf0 .\CortexM4\ARM_GCC_541\Release\cy_sysint.o
                               0x193d (size before relaxing)
 .debug_str     0x00005b49      0xa89 .\CortexM4\ARM_GCC_541\Release\cy_syslib.o
                               0x1c5e (size before relaxing)
 .debug_str     0x000065d2     0x12bc .\CortexM4\ARM_GCC_541\Release\cy_syspm.o
                               0x2b57 (size before relaxing)
 .debug_str     0x0000788e       0x5d .\CortexM4\ARM_GCC_541\Release\cy_device.o
                                0x7c8 (size before relaxing)
 .debug_str     0x000078eb      0x1d2 .\CortexM4\ARM_GCC_541\Release\cy_scb_common.o
                                0xca4 (size before relaxing)

.debug_frame    0x00000000     0x248c
 .debug_frame   0x00000000       0x44 .\CortexM4\ARM_GCC_541\Release\main_cm4.o
 .debug_frame   0x00000044       0x8c .\CortexM4\ARM_GCC_541\Release\system_psoc6_cm4.o
 .debug_frame   0x000000d0       0x48 .\CortexM4\ARM_GCC_541\Release\attdet.o
 .debug_frame   0x00000118      0x1d4 .\CortexM4\ARM_GCC_541\Release\bits.o
 .debug_frame   0x000002ec       0xb0 .\CortexM4\ARM_GCC_541\Release\bwdet.o
 .debug_frame   0x0000039c       0x3c .\CortexM4\ARM_GCC_541\Release\energy.o
 .debug_frame   0x000003d8      0x3c8 .\CortexM4\ARM_GCC_541\Release\lc3.o
 .debug_frame   0x000007a0      0x334 .\CortexM4\ARM_GCC_541\Release\ltpf.o
 .debug_frame   0x00000ad4       0xc8 .\CortexM4\ARM_GCC_541\Release\mdct.o
 .debug_frame   0x00000b9c      0x278 .\CortexM4\ARM_GCC_541\Release\sns.o
 .debug_frame   0x00000e14      0x32c .\CortexM4\ARM_GCC_541\Release\spec.o
 .debug_frame   0x00001140      0x18c .\CortexM4\ARM_GCC_541\Release\tns.o
 .debug_frame   0x000012cc      0x2dc .\CortexM4\ARM_GCC_541\Release\cy_flash.o
 .debug_frame   0x000015a8       0x40 .\CortexM4\ARM_GCC_541\Release\cy_ipc_drv.o